Component: ARM Compiler 5.06 update 6 (build 750) Tool: armlink [4d35ed]

==============================================================================

Section Cross References

    main.o(.text) refers to _printf_percent.o(.ARM.Collect$$_printf_percent$$00000000) for _printf_percent
    main.o(.text) refers to _printf_d.o(.ARM.Collect$$_printf_percent$$00000009) for _printf_d
    main.o(.text) refers to _printf_dec.o(.text) for _printf_int_dec
    main.o(.text) refers to system_stm32f10x.o(.text) for SystemInit
    main.o(.text) refers to delay.o(.text) for delay_init
    main.o(.text) refers to sys.o(.text) for NVIC_Configuration
    main.o(.text) refers to usart.o(.text) for uart_init
    main.o(.text) refers to led.o(.text) for LED_Init
    main.o(.text) refers to key.o(.text) for KEY_Init
    main.o(.text) refers to lcd.o(.text) for LCD_Init
    main.o(.text) refers to axp20x.o(.text) for AXP20X_Init
    main.o(.text) refers to init.o(.text) for init_axp173
    main.o(.text) refers to axp_regu.o(.text) for axp_regu_enable
    main.o(.text) refers to axp_rw_.o(.text) for axp_reads
    main.o(.text) refers to main.o(.bss) for charger_173
    main.o(.text) refers to main.o(.data) for charger
    main.o(.text) refers to lcd.o(.data) for POINT_COLOR
    main.o(.text) refers to axp_cou.o(.text) for axp_charging_monitor
    main.o(.text) refers to noretval__2printf.o(.text) for __2printf
    system_stm32f10x.o(.text) refers to system_stm32f10x.o(.data) for SystemCoreClock
    led.o(.text) refers to stm32f10x_rcc.o(.text) for RCC_APB2PeriphClockCmd
    led.o(.text) refers to stm32f10x_gpio.o(.text) for GPIO_Init
    key.o(.text) refers to stm32f10x_rcc.o(.text) for RCC_APB2PeriphClockCmd
    key.o(.text) refers to stm32f10x_gpio.o(.text) for GPIO_Init
    key.o(.text) refers to delay.o(.text) for delay_ms
    key.o(.text) refers to key.o(.data) for key_up
    lcd.o(.text) refers to _printf_percent.o(.ARM.Collect$$_printf_percent$$00000000) for _printf_percent
    lcd.o(.text) refers to _printf_x.o(.ARM.Collect$$_printf_percent$$0000000C) for _printf_x
    lcd.o(.text) refers to _printf_hex_int.o(.text) for _printf_longlong_hex
    lcd.o(.text) refers to delay.o(.text) for delay_us
    lcd.o(.text) refers to lcd.o(i.LCD_SetCursor) for LCD_SetCursor
    lcd.o(.text) refers to lcd.o(.data) for DeviceCode
    lcd.o(.text) refers to stm32f10x_rcc.o(.text) for RCC_APB2PeriphClockCmd
    lcd.o(.text) refers to stm32f10x_gpio.o(.text) for GPIO_PinRemapConfig
    lcd.o(.text) refers to noretval__2printf.o(.text) for __2printf
    lcd.o(.text) refers to lcd.o(.constdata) for asc2_1206
    myiic.o(.text) refers to stm32f10x_rcc.o(.text) for RCC_APB2PeriphClockCmd
    myiic.o(.text) refers to stm32f10x_gpio.o(.text) for GPIO_Init
    myiic.o(.text) refers to delay.o(.text) for delay_us
    axp20x.o(.text) refers to myiic.o(.text) for IIC_Init
    axp20x.o(.text) refers to delay.o(.text) for delay_ms
    axp_regu.o(.text) refers to axp_rw_.o(.text) for axp_set_bits
    axp_cou.o(.text) refers to axp_rw_.o(.text) for axp_reads
    axp_cou.o(.text) refers to llsdiv.o(.text) for __aeabi_ldivmod
    axp_cou.o(.text) refers to axp_cou.o(.data) for rdc_count
    axp_rw_.o(.text) refers to axp20x.o(.text) for AXP20X_WriteOneByte
    init.o(.text) refers to axp_rw_.o(.text) for axp_update
    init.o(.text) refers to axp_cou.o(.text) for axp_charger_update_state
    axp_irq.o(.text) refers to axp_rw_.o(.text) for axp_read
    axp_irq.o(.text) refers to axp_cou.o(.text) for axp_charger_update_state
    axp_irq.o(.text) refers to axp_irq.o(.data) for press_count
    axp_irq.o(.text) refers to axp_cou.o(.data) for state_count
    delay.o(.text) refers to misc.o(.text) for SysTick_CLKSourceConfig
    delay.o(.text) refers to delay.o(.data) for fac_us
    sys.o(.text) refers to misc.o(.text) for NVIC_PriorityGroupConfig
    usart.o(.text) refers (Special) to use_no_semi_2.o(.text) for __use_no_semihosting
    usart.o(.text) refers to stm32f10x_rcc.o(.text) for RCC_APB2PeriphClockCmd
    usart.o(.text) refers to stm32f10x_gpio.o(.text) for GPIO_Init
    usart.o(.text) refers to misc.o(.text) for NVIC_Init
    usart.o(.text) refers to stm32f10x_usart.o(.text) for USART_Init
    usart.o(.text) refers to usart.o(.data) for USART_RX_STA
    usart.o(.text) refers to usart.o(.bss) for USART_RX_BUF
    usart.o(.bss) refers (Special) to use_no_semi_2.o(.text) for __use_no_semihosting
    usart.o(.data) refers (Special) to use_no_semi_2.o(.text) for __use_no_semihosting
    startup_stm32f10x_md.o(STACK) refers (Special) to heapauxi.o(.text) for __use_two_region_memory
    startup_stm32f10x_md.o(HEAP) refers (Special) to heapauxi.o(.text) for __use_two_region_memory
    startup_stm32f10x_md.o(RESET) refers (Special) to heapauxi.o(.text) for __use_two_region_memory
    startup_stm32f10x_md.o(RESET) refers to startup_stm32f10x_md.o(STACK) for __initial_sp
[...]
    __rtentry2.o(.ARM.exidx) refers to __rtentry2.o(.ARM.Collect$$rtentry$$00000001) for .ARM.Collect$$rtentry$$00000001
    __rtentry2.o(.ARM.exidx) refers to __rtentry2.o(.ARM.Collect$$rtentry$$00000008) for .ARM.Collect$$rtentry$$00000008
    __rtentry2.o(.ARM.exidx) refers to __rtentry2.o(.ARM.Collect$$rtentry$$0000000A) for .ARM.Collect$$rtentry$$0000000A
    __rtentry2.o(.ARM.exidx) refers to __rtentry2.o(.ARM.Collect$$rtentry$$0000000B) for .ARM.Collect$$rtentry$$0000000B
    __rtentry2.o(.ARM.exidx) refers to __rtentry2.o(.ARM.Collect$$rtentry$$0000000D) for .ARM.Collect$$rtentry$$0000000D
    __rtentry4.o(.ARM.Collect$$rtentry$$00000004) refers to sys_stackheap_outer.o(.text) for __user_setup_stackheap
    __rtentry4.o(.ARM.exidx) refers to __rtentry4.o(.ARM.Collect$$rtentry$$00000004) for .ARM.Collect$$rtentry$$00000004
    aeabi_ldiv0_sigfpe.o(.text) refers to rt_div0.o(.text) for __rt_div0
    _printf_char_common.o(.text) refers to __printf.o(.text) for __printf
    sys_stackheap_outer.o(.text) refers to libspace.o(.text) for __user_perproc_libspace
    sys_stackheap_outer.o(.text) refers to startup_stm32f10x_md.o(.text) for __user_initial_stackheap
    rt_div0.o(.text) refers to defsig_fpe_outer.o(.text) for __rt_SIGFPE
    exit.o(.text) refers to rtexit.o(.ARM.Collect$$rtexit$$00000000) for __rt_exit
    libinit.o(.ARM.Collect$$libinit$$00000000) refers (Special) to libinit2.o(.ARM.Collect$$libinit$$0000002E) for __rt_lib_init_alloca_1
    libinit.o(.ARM.Collect$$libinit$$00000000) refers (Special) to libinit2.o(.ARM.Collect$$libinit$$0000002C) for __rt_lib_init_argv_1
    libinit.o(.ARM.Collect$$libinit$$00000000) refers (Special) to libinit2.o(.ARM.Collect$$libinit$$0000001B) for __rt_lib_init_atexit_1
    libinit.o(.ARM.Collect$$libinit$$00000000) refers (Special) to libinit2.o(.ARM.Collect$$libinit$$00000021) for __rt_lib_init_clock_1
    libinit.o(.ARM.Collect$$libinit$$00000000) refers (Special) to libinit2.o(.ARM.Collect$$libinit$$00000032) for __rt_lib_init_cpp_1
    libinit.o(.ARM.Collect$$libinit$$00000000) refers (Special) to libinit2.o(.ARM.Collect$$libinit$$00000030) for __rt_lib_init_exceptions_1
    libinit.o(.ARM.Collect$$libinit$$00000000) refers (Special) to libinit2.o(.ARM.Collect$$libinit$$00000002) for __rt_lib_init_fp_1
    libinit.o(.ARM.Collect$$libinit$$00000000) refers (Special) to libinit2.o(.ARM.Collect$$libinit$$0000001F) for __rt_lib_init_fp_trap_1
    libinit.o(.ARM.Collect$$libinit$$00000000) refers (Special) to libinit2.o(.ARM.Collect$$libinit$$00000023) for __rt_lib_init_getenv_1
    libinit.o(.ARM.Collect$$libinit$$00000000) refers (Special) to libinit2.o(.ARM.Collect$$libinit$$0000000A) for __rt_lib_init_heap_1
    libinit.o(.ARM.Collect$$libinit$$00000000) refers (Special) to libinit2.o(.ARM.Collect$$libinit$$00000011) for __rt_lib_init_lc_collate_1
    libinit.o(.ARM.Collect$$libinit$$00000000) refers (Special) to libinit2.o(.ARM.Collect$$libinit$$00000013) for __rt_lib_init_lc_ctype_1
    libinit.o(.ARM.Collect$$libinit$$00000000) refers (Special) to libinit2.o(.ARM.Collect$$libinit$$00000015) for __rt_lib_init_lc_monetary_1
    libinit.o(.ARM.Collect$$libinit$$00000000) refers (Special) to libinit2.o(.ARM.Collect$$libinit$$00000017) for __rt_lib_init_lc_numeric_1
    libinit.o(.ARM.Collect$$libinit$$00000000) refers (Special) to libinit2.o(.ARM.Collect$$libinit$$00000019) for __rt_lib_init_lc_time_1
    libinit.o(.ARM.Collect$$libinit$$00000000) refers (Special) to libinit2.o(.ARM.Collect$$libinit$$00000004) for __rt_lib_init_preinit_1
    libinit.o(.ARM.Collect$$libinit$$00000000) refers (Special) to libinit2.o(.ARM.Collect$$libinit$$0000000E) for __rt_lib_init_rand_1
    libinit.o(.ARM.Collect$$libinit$$00000000) refers (Special) to libinit2.o(.ARM.Collect$$libinit$$00000033) for __rt_lib_init_return
    libinit.o(.ARM.Collect$$libinit$$00000000) refers (Special) to libinit2.o(.ARM.Collect$$libinit$$0000001D) for __rt_lib_init_signal_1
    libinit.o(.ARM.Collect$$libinit$$00000000) refers (Special) to libinit2.o(.ARM.Collect$$libinit$$00000025) for __rt_lib_init_stdio_1
    libinit.o(.ARM.Collect$$libinit$$00000000) refers (Special) to libinit2.o(.ARM.Collect$$libinit$$0000000C) for __rt_lib_init_user_alloc_1
    libspace.o(.text) refers to libspace.o(.bss) for __libspace_start
    rtexit.o(.ARM.Collect$$rtexit$$00000000) refers (Special) to rtexit2.o(.ARM.Collect$$rtexit$$00000004) for __rt_exit_exit
    rtexit.o(.ARM.Collect$$rtexit$$00000000) refers (Special) to rtexit2.o(.ARM.Collect$$rtexit$$00000003) for __rt_exit_ls
    rtexit.o(.ARM.Collect$$rtexit$$00000000) refers (Special) to rtexit2.o(.ARM.Collect$$rtexit$$00000002) for __rt_exit_prels_1
    rtexit.o(.ARM.exidx) refers (Special) to rtexit2.o(.ARM.Collect$$rtexit$$00000004) for __rt_exit_exit
    rtexit.o(.ARM.exidx) refers (Special) to rtexit2.o(.ARM.Collect$$rtexit$$00000003) for __rt_exit_ls
    rtexit.o(.ARM.exidx) refers (Special) to rtexit2.o(.ARM.Collect$$rtexit$$00000002) for __rt_exit_prels_1
    rtexit.o(.ARM.exidx) refers to rtexit.o(.ARM.Collect$$rtexit$$00000000) for .ARM.Collect$$rtexit$$00000000
    defsig_fpe_outer.o(.text) refers to defsig_fpe_inner.o(.text) for __rt_SIGFPE_inner
    defsig_fpe_outer.o(.text) refers to defsig_exit.o(.text) for __sig_exit
    defsig_fpe_formal.o(.text) refers to rt_raise.o(.text) for __rt_raise
    libinit2.o(.ARM.Collect$$libinit$$00000010) refers to libinit2.o(.ARM.Collect$$libinit$$0000000F) for .ARM.Collect$$libinit$$0000000F
    libinit2.o(.ARM.Collect$$libinit$$00000012) refers to libinit2.o(.ARM.Collect$$libinit$$0000000F) for .ARM.Collect$$libinit$$0000000F
    libinit2.o(.ARM.Collect$$libinit$$00000014) refers to libinit2.o(.ARM.Collect$$libinit$$0000000F) for .ARM.Collect$$libinit$$0000000F
    libinit2.o(.ARM.Collect$$libinit$$00000016) refers to libinit2.o(.ARM.Collect$$libinit$$0000000F) for .ARM.Collect$$libinit$$0000000F
    libinit2.o(.ARM.Collect$$libinit$$00000018) refers to libinit2.o(.ARM.Collect$$libinit$$0000000F) for .ARM.Collect$$libinit$$0000000F
    libinit2.o(.ARM.Collect$$libinit$$00000026) refers to argv_veneer.o(.emb_text) for __ARM_argv_veneer
    libinit2.o(.ARM.Collect$$libinit$$00000027) refers to argv_veneer.o(.emb_text) for __ARM_argv_veneer
    rtexit2.o(.ARM.Collect$$rtexit$$00000003) refers to libshutdown.o(.ARM.Collect$$libshutdown$$00000000) for __rt_lib_shutdown
    rtexit2.o(.ARM.Collect$$rtexit$$00000004) refers to usart.o(.text) for _sys_exit
    rtexit2.o(.ARM.exidx) refers to rtexit2.o(.ARM.Collect$$rtexit$$00000001) for .ARM.Collect$$rtexit$$00000001
    rtexit2.o(.ARM.exidx) refers to rtexit2.o(.ARM.Collect$$rtexit$$00000003) for .ARM.Collect$$rtexit$$00000003
    rtexit2.o(.ARM.exidx) refers to rtexit2.o(.ARM.Collect$$rtexit$$00000004) for .ARM.Collect$$rtexit$$00000004
    rt_raise.o(.text) refers to __raise.o(.text) for __raise
    rt_raise.o(.text) refers to usart.o(.text) for _sys_exit
    defsig_exit.o(.text) refers to usart.o(.text) for _sys_exit
    defsig_fpe_inner.o(.text) refers to defsig_general.o(.text) for __default_signal_display
    argv_veneer.o(.emb_text) refers to no_argv.o(.text) for __ARM_get_argv
    __raise.o(.text) refers to defsig.o(CL$$defsig) for __default_signal_handler
    defsig_general.o(.text) refers to sys_wrch.o(.text) for _ttywrch
    _get_argv_nomalloc.o(.text) refers (Special) to hrguard.o(.text) for __heap_region$guard
    _get_argv_nomalloc.o(.text) refers to defsig_rtmem_outer.o(.text) for __rt_SIGRTMEM
    _get_argv_nomalloc.o(.text) refers to sys_command.o(.text) for _sys_command_string
    libshutdown.o(.ARM.Collect$$libshutdown$$00000000) refers (Special) to libshutdown2.o(.ARM.Collect$$libshutdown$$00000002) for __rt_lib_shutdown_cpp_1
    libshutdown.o(.ARM.Collect$$libshutdown$$00000000) refers (Special) to libshutdown2.o(.ARM.Collect$$libshutdown$$00000007) for __rt_lib_shutdown_fp_trap_1
    libshutdown.o(.ARM.Collect$$libshutdown$$00000000) refers (Special) to libshutdown2.o(.ARM.Collect$$libshutdown$$0000000F) for __rt_lib_shutdown_heap_1
    libshutdown.o(.ARM.Collect$$libshutdown$$00000000) refers (Special) to libshutdown2.o(.ARM.Collect$$libshutdown$$00000010) for __rt_lib_shutdown_return
    libshutdown.o(.ARM.Collect$$libshutdown$$00000000) refers (Special) to libshutdown2.o(.ARM.Collect$$libshutdown$$0000000A) for __rt_lib_shutdown_signal_1
    libshutdown.o(.ARM.Collect$$libshutdown$$00000000) refers (Special) to libshutdown2.o(.ARM.Collect$$libshutdown$$00000004) for __rt_lib_shutdown_stdio_1
    libshutdown.o(.ARM.Collect$$libshutdown$$00000000) refers (Special) to libshutdown2.o(.ARM.Collect$$libshutdown$$0000000C) for __rt_lib_shutdown_user_alloc_1
    sys_wrch.o(.text) refers (Special) to use_no_semi.o(.text) for __I$use$semihosting
    sys_wrch.o(.text) refers (Special) to indicate_semi.o(.text) for __semihosting_library_function
    sys_command.o(.text) refers (Special) to use_no_semi.o(.text) for __I$use$semihosting
    sys_command.o(.text) refers (Special) to indicate_semi.o(.text) for __semihosting_library_function
    defsig_rtmem_outer.o(.text) refers to defsig_rtmem_inner.o(.text) for __rt_SIGRTMEM_inner
    defsig_rtmem_outer.o(.text) refers to defsig_exit.o(.text) for __sig_exit
    defsig_rtmem_formal.o(.text) refers to rt_raise.o(.text) for __rt_raise
    defsig.o(CL$$defsig) refers to defsig_fpe_inner.o(.text) for __rt_SIGFPE_inner
    defsig.o(CL$$defsig) refers to defsig_rtmem_inner.o(.text) for __rt_SIGRTMEM_inner
    defsig_abrt_inner.o(.text) refers to defsig_general.o(.text) for __default_signal_display
    defsig_rtred_inner.o(.text) refers to defsig_general.o(.text) for __default_signal_display
    defsig_rtmem_inner.o(.text) refers to defsig_general.o(.text) for __default_signal_display
    defsig_stak_inner.o(.text) refers to defsig_general.o(.text) for __default_signal_display
    defsig_pvfn_inner.o(.text) refers to defsig_general.o(.text) for __default_signal_display
    defsig_cppl_inner.o(.text) refers to defsig_general.o(.text) for __default_signal_display
    defsig_segv_inner.o(.text) refers to defsig_general.o(.text) for __default_signal_display
    defsig_other.o(.text) refers to defsig_general.o(.text) for __default_signal_display
    lcd.o(i.LCD_SetCursor) refers to lcd.o(.text) for LCD_WriteReg
    lcd.o(i.LCD_SetCursor) refers to lcd.o(.data) for DeviceCode


==============================================================================

Removing Unused input sections from the image.

    Removing axp_irq.o(.text), (152 bytes).
    Removing axp_irq.o(.data), (12 bytes).
    Removing core_cm3.o(.emb_text), (32 bytes).
    Removing stm32f10x_adc.o(.text), (1102 bytes).
    Removing stm32f10x_bkp.o(.text), (196 bytes).
    Removing stm32f10x_can.o(.text), (2544 bytes).
    Removing stm32f10x_cec.o(.text), (288 bytes).
    Removing stm32f10x_crc.o(.text), (72 bytes).
    Removing stm32f10x_dac.o(.text), (396 bytes).
    Removing stm32f10x_dbgmcu.o(.text), (48 bytes).
    Removing stm32f10x_dma.o(.text), (596 bytes).
    Removing stm32f10x_exti.o(.text), (284 bytes).
    Removing stm32f10x_flash.o(.text), (1468 bytes).
    Removing stm32f10x_fsmc.o(.text), (1548 bytes).
    Removing stm32f10x_i2c.o(.text), (1028 bytes).
    Removing stm32f10x_iwdg.o(.text), (64 bytes).
    Removing stm32f10x_pwr.o(.text), (204 bytes).
    Removing stm32f10x_rtc.o(.text), (328 bytes).
    Removing stm32f10x_sdio.o(.text), (468 bytes).
    Removing stm32f10x_spi.o(.text), (780 bytes).
    Removing stm32f10x_tim.o(.text), (3610 bytes).
    Removing stm32f10x_wwdg.o(.text), (136 bytes).

22 unused section(s) (total 15356 bytes) removed from the image.

==============================================================================

Image Symbol Table

    Local Symbols

    Symbol Name                              Value     Ov Type        Size  Object(Section)

    ../clib/angel/boardlib.s                 0x00000000   Number         0  boardinit1.o ABSOLUTE
    ../clib/angel/boardlib.s                 0x00000000   Number         0  boardinit3.o ABSOLUTE
    ../clib/angel/boardlib.s                 0x00000000   Number         0  boardinit2.o ABSOLUTE
    ../clib/angel/boardlib.s                 0x00000000   Number         0  boardshut.o ABSOLUTE
    ../clib/angel/handlers.s                 0x00000000   Number         0  __scatter_zi.o ABSOLUTE
    ../clib/angel/handlers.s                 0x00000000   Number         0  __scatter_copy.o ABSOLUTE
    ../clib/angel/kernel.s                   0x00000000   Number         0  rtexit2.o ABSOLUTE
    ../clib/angel/kernel.s                   0x00000000   Number         0  rtexit.o ABSOLUTE
    ../clib/angel/kernel.s                   0x00000000   Number         0  __rtentry4.o ABSOLUTE
    ../clib/angel/kernel.s                   0x00000000   Number         0  __rtentry.o ABSOLUTE
    ../clib/angel/kernel.s                   0x00000000   Number         0  __rtentry2.o ABSOLUTE
    ../clib/angel/rt.s                       0x00000000   Number         0  rt_div0.o ABSOLUTE
    ../clib/angel/rt.s                       0x00000000   Number         0  aeabi_ldiv0_sigfpe.o ABSOLUTE
    ../clib/angel/rt.s                       0x00000000   Number         0  rt_raise.o ABSOLUTE
    ../clib/angel/rt.s                       0x00000000   Number         0  aeabi_ldiv0.o ABSOLUTE
    ../clib/angel/scatter.s                  0x00000000   Number         0  __scatter.o ABSOLUTE
    ../clib/angel/startup.s                  0x00000000   Number         0  __main.o ABSOLUTE
    ../clib/angel/sys.s                      0x00000000   Number         0  indicate_semi.o ABSOLUTE
    ../clib/angel/sys.s                      0x00000000   Number         0  libspace.o ABSOLUTE
    ../clib/angel/sys.s                      0x00000000   Number         0  use_no_semi.o ABSOLUTE
    ../clib/angel/sys.s                      0x00000000   Number         0  sys_stackheap_outer.o ABSOLUTE
    ../clib/angel/sys.s                      0x00000000   Number         0  use_no_semi_2.o ABSOLUTE
    ../clib/angel/sysapp.c                   0x00000000   Number         0  sys_wrch.o ABSOLUTE
    ../clib/angel/sysapp.c                   0x00000000   Number         0  sys_command.o ABSOLUTE
    ../clib/armsys.c                         0x00000000   Number         0  no_argv.o ABSOLUTE
    ../clib/armsys.c                         0x00000000   Number         0  argv_veneer.o ABSOLUTE
    ../clib/armsys.c                         0x00000000   Number         0  argv_veneer.o ABSOLUTE
    ../clib/armsys.c                         0x00000000   Number         0  _get_argv_nomalloc.o ABSOLUTE
    ../clib/heapalloc.c                      0x00000000   Number         0  hrguard.o ABSOLUTE
    ../clib/heapaux.c                        0x00000000   Number         0  heapauxi.o ABSOLUTE
    ../clib/libinit.s                        0x00000000   Number         0  libinit.o ABSOLUTE
    ../clib/libinit.s                        0x00000000   Number         0  libshutdown2.o ABSOLUTE
    ../clib/libinit.s                        0x00000000   Number         0  libshutdown.o ABSOLUTE
    ../clib/libinit.s                        0x00000000   Number         0  libinit2.o ABSOLUTE
    ../clib/longlong.s                       0x00000000   Number         0  lludivv7m.o ABSOLUTE
    ../clib/longlong.s                       0x00000000   Number         0  llsdiv.o ABSOLUTE
    ../clib/printf.c                         0x00000000   Number         0  __printf_flags_wp.o ABSOLUTE
    ../clib/printf.c                         0x00000000   Number         0  __printf_ss_wp.o ABSOLUTE
    ../clib/printf.c                         0x00000000   Number         0  _printf_hex_int.o ABSOLUTE
    ../clib/printf.c                         0x00000000   Number         0  _printf_hex_ll.o ABSOLUTE
    ../clib/printf.c                         0x00000000   Number         0  __printf_flags_ss_wp.o ABSOLUTE
    ../clib/printf.c                         0x00000000   Number         0  _printf_dec.o ABSOLUTE
    ../clib/printf.c                         0x00000000   Number         0  _printf_hex_int_ll.o ABSOLUTE
    ../clib/printf.c                         0x00000000   Number         0  __printf.o ABSOLUTE
    ../clib/printf.c                         0x00000000   Number         0  noretval__2printf.o ABSOLUTE
    ../clib/printf.c                         0x00000000   Number         0  _printf_hex_ptr.o ABSOLUTE
    ../clib/printf.c                         0x00000000   Number         0  __2printf.o ABSOLUTE
    ../clib/printf.c                         0x00000000   Number         0  _printf_hex_ll_ptr.o ABSOLUTE
    ../clib/printf.c                         0x00000000   Number         0  _printf_hex_int_ll_ptr.o ABSOLUTE
    ../clib/printf.c                         0x00000000   Number         0  _printf_char_common.o ABSOLUTE
    ../clib/printf.c                         0x00000000   Number         0  __printf_nopercent.o ABSOLUTE
    ../clib/printf.c                         0x00000000   Number         0  __printf_flags.o ABSOLUTE
    ../clib/printf.c                         0x00000000   Number         0  __printf_ss.o ABSOLUTE
    ../clib/printf.c                         0x00000000   Number         0  _printf_hex_int_ptr.o ABSOLUTE
    ../clib/printf.c                         0x00000000   Number         0  __printf_wp.o ABSOLUTE
    ../clib/printf.c                         0x00000000   Number         0  __printf_flags_ss.o ABSOLUTE
    ../clib/printf.c                         0x00000000   Number         0  _printf_char_file.o ABSOLUTE
    ../clib/printf.c                         0x00000000   Number         0  _printf_intcommon.o ABSOLUTE
    ../clib/printf_percent.s                 0x00000000   Number         0  _printf_x.o ABSOLUTE
    ../clib/printf_percent.s                 0x00000000   Number         0  _printf_percent_end.o ABSOLUTE
    ../clib/printf_percent.s                 0x00000000   Number         0  _printf_percent.o ABSOLUTE
    ../clib/printf_percent.s                 0x00000000   Number         0  _printf_d.o ABSOLUTE
    ../clib/signal.c                         0x00000000   Number         0  defsig_general.o ABSOLUTE
    ../clib/signal.c                         0x00000000   Number         0  __raise.o ABSOLUTE
    ../clib/signal.c                         0x00000000   Number         0  defsig_rtmem_outer.o ABSOLUTE
    ../clib/signal.c                         0x00000000   Number         0  defsig_fpe_inner.o ABSOLUTE
    ../clib/signal.c                         0x00000000   Number         0  defsig_fpe_outer.o ABSOLUTE
    ../clib/signal.c                         0x00000000   Number         0  defsig_exit.o ABSOLUTE
    ../clib/signal.c                         0x00000000   Number         0  defsig_rtred_inner.o ABSOLUTE
    ../clib/signal.c                         0x00000000   Number         0  defsig_stak_inner.o ABSOLUTE
    ../clib/signal.c                         0x00000000   Number         0  defsig_rtmem_formal.o ABSOLUTE
    ../clib/signal.c                         0x00000000   Number         0  defsig_pvfn_inner.o ABSOLUTE
    ../clib/signal.c                         0x00000000   Number         0  defsig_cppl_inner.o ABSOLUTE
    ../clib/signal.c                         0x00000000   Number         0  defsig_rtmem_inner.o ABSOLUTE
    ../clib/signal.c                         0x00000000   Number         0  defsig_segv_inner.o ABSOLUTE
    ../clib/signal.c                         0x00000000   Number         0  defsig_other.o ABSOLUTE
    ../clib/signal.c                         0x00000000   Number         0  defsig_fpe_formal.o ABSOLUTE
    ../clib/signal.c                         0x00000000   Number         0  defsig_abrt_inner.o ABSOLUTE
    ../clib/signal.s                         0x00000000   Number         0  defsig.o ABSOLUTE
    ../clib/stdio.c                          0x00000000   Number         0  ferror_locked.o ABSOLUTE
    ../clib/stdio.c                          0x00000000   Number         0  ferror.o ABSOLUTE
    ../clib/stdlib.c                         0x00000000   Number         0  exit.o ABSOLUTE
    ../fplib/fpinit.s                        0x00000000   Number         0  fpinit.o ABSOLUTE
    ..\CORE\core_cm3.c                       0x00000000   Number         0  core_cm3.o ABSOLUTE
    ..\CORE\startup_stm32f10x_md.s           0x00000000   Number         0  startup_stm32f10x_md.o ABSOLUTE
    ..\HARDWARE\AXP_XX\axp20X.c              0x00000000   Number         0  axp20x.o ABSOLUTE
    ..\HARDWARE\IIC\myiic.c                  0x00000000   Number         0  myiic.o ABSOLUTE
    ..\HARDWARE\KEY\key.c                    0x00000000   Number         0  key.o ABSOLUTE
    ..\HARDWARE\LCD\lcd.c                    0x00000000   Number         0  lcd.o ABSOLUTE
    ..\HARDWARE\LED\led.c                    0x00000000   Number         0  led.o ABSOLUTE
    ..\STM32F10x_FWLib\src\misc.c            0x00000000   Number         0  misc.o ABSOLUTE
    ..\STM32F10x_FWLib\src\stm32f10x_adc.c   0x00000000   Number         0  stm32f10x_adc.o ABSOLUTE
    ..\STM32F10x_FWLib\src\stm32f10x_bkp.c   0x00000000   Number         0  stm32f10x_bkp.o ABSOLUTE
    ..\STM32F10x_FWLib\src\stm32f10x_can.c   0x00000000   Number         0  stm32f10x_can.o ABSOLUTE
    ..\STM32F10x_FWLib\src\stm32f10x_cec.c   0x00000000   Number         0  stm32f10x_cec.o ABSOLUTE
    ..\STM32F10x_FWLib\src\stm32f10x_crc.c   0x00000000   Number         0  stm32f10x_crc.o ABSOLUTE
    ..\STM32F10x_FWLib\src\stm32f10x_dac.c   0x00000000   Number         0  stm32f10x_dac.o ABSOLUTE
    ..\STM32F10x_FWLib\src\stm32f10x_dbgmcu.c 0x00000000   Number         0  stm32f10x_dbgmcu.o ABSOLUTE
    ..\STM32F10x_FWLib\src\stm32f10x_dma.c   0x00000000   Number         0  stm32f10x_dma.o ABSOLUTE
    ..\STM32F10x_FWLib\src\stm32f10x_exti.c  0x00000000   Number         0  stm32f10x_exti.o ABSOLUTE
    ..\STM32F10x_FWLib\src\stm32f10x_flash.c 0x00000000   Number         0  stm32f10x_flash.o ABSOLUTE
    ..\STM32F10x_FWLib\src\stm32f10x_fsmc.c  0x00000000   Number         0  stm32f10x_fsmc.o ABSOLUTE
    ..\STM32F10x_FWLib\src\stm32f10x_gpio.c  0x00000000   Number         0  stm32f10x_gpio.o ABSOLUTE
    ..\STM32F10x_FWLib\src\stm32f10x_i2c.c   0x00000000   Number         0  stm32f10x_i2c.o ABSOLUTE
    ..\STM32F10x_FWLib\src\stm32f10x_iwdg.c  0x00000000   Number         0  stm32f10x_iwdg.o ABSOLUTE
    ..\STM32F10x_FWLib\src\stm32f10x_pwr.c   0x00000000   Number         0  stm32f10x_pwr.o ABSOLUTE
    ..\STM32F10x_FWLib\src\stm32f10x_rcc.c   0x00000000   Number         0  stm32f10x_rcc.o ABSOLUTE
    ..\STM32F10x_FWLib\src\stm32f10x_rtc.c   0x00000000   Number         0  stm32f10x_rtc.o ABSOLUTE
    ..\STM32F10x_FWLib\src\stm32f10x_sdio.c  0x00000000   Number         0  stm32f10x_sdio.o ABSOLUTE
    ..\STM32F10x_FWLib\src\stm32f10x_spi.c   0x00000000   Number         0  stm32f10x_spi.o ABSOLUTE
    ..\STM32F10x_FWLib\src\stm32f10x_tim.c   0x00000000   Number         0  stm32f10x_tim.o ABSOLUTE
    ..\STM32F10x_FWLib\src\stm32f10x_usart.c 0x00000000   Number         0  stm32f10x_usart.o ABSOLUTE
    ..\STM32F10x_FWLib\src\stm32f10x_wwdg.c  0x00000000   Number         0  stm32f10x_wwdg.o ABSOLUTE
    ..\SYSTEM\delay\delay.c                  0x00000000   Number         0  delay.o ABSOLUTE
    ..\SYSTEM\sys\sys.c                      0x00000000   Number         0  sys.o ABSOLUTE
    ..\SYSTEM\usart\usart.c                  0x00000000   Number         0  usart.o ABSOLUTE
    ..\\CORE\\core_cm3.c                     0x00000000   Number         0  core_cm3.o ABSOLUTE
    ..\axp192-173\axp_cou.c                  0x00000000   Number         0  axp_cou.o ABSOLUTE
    ..\axp192-173\axp_irq.c                  0x00000000   Number         0  axp_irq.o ABSOLUTE
    ..\axp192-173\axp_regu.c                 0x00000000   Number         0  axp_regu.o ABSOLUTE
    ..\axp192-173\axp_rw_.c                  0x00000000   Number         0  axp_rw_.o ABSOLUTE
    ..\axp192-173\init.c                     0x00000000   Number         0  init.o ABSOLUTE
    dc.s                                     0x00000000   Number         0  dc.o ABSOLUTE
    main.c                                   0x00000000   Number         0  main.o ABSOLUTE
    stm32f10x_it.c                           0x00000000   Number         0  stm32f10x_it.o ABSOLUTE
    system_stm32f10x.c                       0x00000000   Number         0  system_stm32f10x.o ABSOLUTE
    RESET                                    0x08000000   Section      236  startup_stm32f10x_md.o(RESET)
    !!!main                                  0x080000ec   Section        8  __main.o(!!!main)
    !!!scatter                               0x080000f4   Section       52  __scatter.o(!!!scatter)
    !!handler_copy                           0x08000128   Section       26  __scatter_copy.o(!!handler_copy)
    !!handler_zi                             0x08000144   Section       28  __scatter_zi.o(!!handler_zi)
    .ARM.Collect$$_printf_percent$$00000000  0x08000160   Section        0  _printf_percent.o(.ARM.Collect$$_printf_percent$$00000000)
    .ARM.Collect$$_printf_percent$$00000009  0x08000160   Section        6  _printf_d.o(.ARM.Collect$$_printf_percent$$00000009)
    .ARM.Collect$$_printf_percent$$0000000C  0x08000166   Section        6  _printf_x.o(.ARM.Collect$$_printf_percent$$0000000C)
    .ARM.Collect$$_printf_percent$$00000017  0x0800016c   Section        4  _printf_percent_end.o(.ARM.Collect$$_printf_percent$$00000017)
    .ARM.Collect$$libinit$$00000000          0x08000170   Section        2  libinit.o(.ARM.Collect$$libinit$$00000000)
    .ARM.Collect$$libinit$$00000002          0x08000172   Section        0  libinit2.o(.ARM.Collect$$libinit$$00000002)
    .ARM.Collect$$libinit$$00000004          0x08000172   Section        0  libinit2.o(.ARM.Collect$$libinit$$00000004)
    .ARM.Collect$$libinit$$0000000A          0x08000172   Section        0  libinit2.o(.ARM.Collect$$libinit$$0000000A)
    .ARM.Collect$$libinit$$0000000C          0x08000172   Section        0  libinit2.o(.ARM.Collect$$libinit$$0000000C)
    .ARM.Collect$$libinit$$0000000E          0x08000172   Section        0  libinit2.o(.ARM.Collect$$libinit$$0000000E)
    .ARM.Collect$$libinit$$00000011          0x08000172   Section        0  libinit2.o(.ARM.Collect$$libinit$$00000011)
    .ARM.Collect$$libinit$$00000013          0x08000172   Section        0  libinit2.o(.ARM.Collect$$libinit$$00000013)
    .ARM.Collect$$libinit$$00000015          0x08000172   Section        0  libinit2.o(.ARM.Collect$$libinit$$00000015)
    .ARM.Collect$$libinit$$00000017          0x08000172   Section        0  libinit2.o(.ARM.Collect$$libinit$$00000017)
    .ARM.Collect$$libinit$$00000019          0x08000172   Section        0  libinit2.o(.ARM.Collect$$libinit$$00000019)
    .ARM.Collect$$libinit$$0000001B          0x08000172   Section        0  libinit2.o(.ARM.Collect$$libinit$$0000001B)
    .ARM.Collect$$libinit$$0000001D          0x08000172   Section        0  libinit2.o(.ARM.Collect$$libinit$$0000001D)
    .ARM.Collect$$libinit$$0000001F          0x08000172   Section        0  libinit2.o(.ARM.Collect$$libinit$$0000001F)
    .ARM.Collect$$libinit$$00000021          0x08000172   Section        0  libinit2.o(.ARM.Collect$$libinit$$00000021)
    .ARM.Collect$$libinit$$00000023          0x08000172   Section        0  libinit2.o(.ARM.Collect$$libinit$$00000023)
    .ARM.Collect$$libinit$$00000025          0x08000172   Section        0  libinit2.o(.ARM.Collect$$libinit$$00000025)
    .ARM.Collect$$libinit$$0000002C          0x08000172   Section        0  libinit2.o(.ARM.Collect$$libinit$$0000002C)
    .ARM.Collect$$libinit$$0000002E          0x08000172   Section        0  libinit2.o(.ARM.Collect$$libinit$$0000002E)
    .ARM.Collect$$libinit$$00000030          0x08000172   Section        0  libinit2.o(.ARM.Collect$$libinit$$00000030)
    .ARM.Collect$$libinit$$00000032          0x08000172   Section        0  libinit2.o(.ARM.Collect$$libinit$$00000032)
    .ARM.Collect$$libinit$$00000033          0x08000172   Section        2  libinit2.o(.ARM.Collect$$libinit$$00000033)
    .ARM.Collect$$libshutdown$$00000000      0x08000174   Section        2  libshutdown.o(.ARM.Collect$$libshutdown$$00000000)
    .ARM.Collect$$libshutdown$$00000002      0x08000176   Section        0  libshutdown2.o(.ARM.Collect$$libshutdown$$00000002)
    .ARM.Collect$$libshutdown$$00000004      0x08000176   Section        0  libshutdown2.o(.ARM.Collect$$libshutdown$$00000004)
    .ARM.Collect$$libshutdown$$00000007      0x08000176   Section        0  libshutdown2.o(.ARM.Collect$$libshutdown$$00000007)
    .ARM.Collect$$libshutdown$$0000000A      0x08000176   Section        0  libshutdown2.o(.ARM.Collect$$libshutdown$$0000000A)
    .ARM.Collect$$libshutdown$$0000000C      0x08000176   Section        0  libshutdown2.o(.ARM.Collect$$libshutdown$$0000000C)
    .ARM.Collect$$libshutdown$$0000000F      0x08000176   Section        0  libshutdown2.o(.ARM.Collect$$libshutdown$$0000000F)
    .ARM.Collect$$libshutdown$$00000010      0x08000176   Section        2  libshutdown2.o(.ARM.Collect$$libshutdown$$00000010)
    .ARM.Collect$$rtentry$$00000000          0x08000178   Section        0  __rtentry.o(.ARM.Collect$$rtentry$$00000000)
    .ARM.Collect$$rtentry$$00000002          0x08000178   Section        0  __rtentry2.o(.ARM.Collect$$rtentry$$00000002)
    .ARM.Collect$$rtentry$$00000004          0x08000178   Section        6  __rtentry4.o(.ARM.Collect$$rtentry$$00000004)
    .ARM.Collect$$rtentry$$00000009          0x0800017e   Section        0  __rtentry2.o(.ARM.Collect$$rtentry$$00000009)
    .ARM.Collect$$rtentry$$0000000A          0x0800017e   Section        4  __rtentry2.o(.ARM.Collect$$rtentry$$0000000A)
    .ARM.Collect$$rtentry$$0000000C          0x08000182   Section        0  __rtentry2.o(.ARM.Collect$$rtentry$$0000000C)
    .ARM.Collect$$rtentry$$0000000D          0x08000182   Section        8  __rtentry2.o(.ARM.Collect$$rtentry$$0000000D)
    .ARM.Collect$$rtexit$$00000000           0x0800018a   Section        2  rtexit.o(.ARM.Collect$$rtexit$$00000000)
    .ARM.Collect$$rtexit$$00000002           0x0800018c   Section        0  rtexit2.o(.ARM.Collect$$rtexit$$00000002)
    .ARM.Collect$$rtexit$$00000003           0x0800018c   Section        4  rtexit2.o(.ARM.Collect$$rtexit$$00000003)
    .ARM.Collect$$rtexit$$00000004           0x08000190   Section        6  rtexit2.o(.ARM.Collect$$rtexit$$00000004)
    .text                                    0x08000198   Section        0  main.o(.text)
    .text                                    0x08000a88   Section        0  stm32f10x_it.o(.text)
    .text                                    0x08000aa4   Section        0  system_stm32f10x.o(.text)
    SetSysClockTo72                          0x08000aa5   Thumb Code   214  system_stm32f10x.o(.text)
    SetSysClock                              0x08000b7b   Thumb Code     8  system_stm32f10x.o(.text)
    .text                                    0x08000c84   Section        0  led.o(.text)
    .text                                    0x08000ce8   Section        0  key.o(.text)
    .text                                    0x08000dd0   Section        0  lcd.o(.text)
    .text                                    0x08003218   Section        0  myiic.o(.text)
    .text                                    0x08003470   Section        0  axp20x.o(.text)
    .text                                    0x080035b8   Section        0  axp_regu.o(.text)
    .text                                    0x08003894   Section        0  axp_cou.o(.text)
    axp_vbat_to_mV                           0x08003895   Thumb Code    18  axp_cou.o(.text)
    axp_vdc_to_mV                            0x080038a7   Thumb Code    18  axp_cou.o(.text)
    axp_ibat_to_mA                           0x080038b9   Thumb Code    18  axp_cou.o(.text)
    axp_iac_to_mA                            0x080038cb   Thumb Code    18  axp_cou.o(.text)
    axp_iusb_to_mA                           0x080038dd   Thumb Code    18  axp_cou.o(.text)
    axp_read_adc                             0x080038ef   Thumb Code   126  axp_cou.o(.text)
    axp_bat_vol                              0x08003a6d   Thumb Code    38  axp_cou.o(.text)
    axp_vol2cap                              0x08003a93   Thumb Code   428  axp_cou.o(.text)
    axp_ocv_restcap                          0x08003c3f   Thumb Code    44  axp_cou.o(.text)
    axp_get_rdc                              0x08003c6b   Thumb Code   218  axp_cou.o(.text)
    axp_cal_rdc                              0x08003d45   Thumb Code   170  axp_cou.o(.text)
    axp_get_freq                             0x08003def   Thumb Code    68  axp_cou.o(.text)
    axp_get_coulomb                          0x08003e33   Thumb Code   414  axp_cou.o(.text)
    axp_set_basecap                          0x08003fd1   Thumb Code    40  axp_cou.o(.text)
    axp_get_basecap                          0x08003ff9   Thumb Code    40  axp_cou.o(.text)
    axp_set_batcap                           0x08004021   Thumb Code    84  axp_cou.o(.text)
    axp_get_batcap                           0x08004075   Thumb Code    52  axp_cou.o(.text)
    axp_clr_coulomb                          0x080040a9   Thumb Code    72  axp_cou.o(.text)
    .text                                    0x0800455c   Section        0  axp_rw_.o(.text)
    .text                                    0x08004648   Section        0  init.o(.text)
    .text                                    0x08004c18   Section        0  delay.o(.text)
    .text                                    0x08004cc4   Section        0  sys.o(.text)
    .text                                    0x08004cd0   Section        0  usart.o(.text)
    .text                                    0x08004e10   Section       64  startup_stm32f10x_md.o(.text)
    .text                                    0x08004e50   Section        0  misc.o(.text)
    .text                                    0x08004f2c   Section        0  stm32f10x_gpio.o(.text)
    .text                                    0x08005288   Section        0  stm32f10x_rcc.o(.text)
    .text                                    0x0800562c   Section        0  stm32f10x_usart.o(.text)
    .text                                    0x08005a34   Section        2  use_no_semi_2.o(.text)
    .text                                    0x08005a36   Section       72  llsdiv.o(.text)
    .text                                    0x08005a80   Section        0  noretval__2printf.o(.text)
    .text                                    0x08005a98   Section        0  __printf.o(.text)
    .text                                    0x08005b00   Section        0  _printf_dec.o(.text)
    .text                                    0x08005b78   Section        0  _printf_hex_int.o(.text)
    .text                                    0x08005bd0   Section        0  heapauxi.o(.text)
    .text                                    0x08005bd6   Section        2  use_no_semi.o(.text)
    .text                                    0x08005bd8   Section      238  lludivv7m.o(.text)
    .text                                    0x08005cc6   Section        0  _printf_intcommon.o(.text)
    .text                                    0x08005d78   Section        0  _printf_char_file.o(.text)
    .text                                    0x08005d9c   Section        0  _printf_char_common.o(.text)
    _printf_input_char                       0x08005d9d   Thumb Code    10  _printf_char_common.o(.text)
    .text                                    0x08005dcc   Section        0  ferror.o(.text)
    .text                                    0x08005dd4   Section       74  sys_stackheap_outer.o(.text)
    .text                                    0x08005e1e   Section        0  exit.o(.text)
    .text                                    0x08005e30   Section        8  libspace.o(.text)
    i.LCD_SetCursor                          0x08005e38   Section        0  lcd.o(i.LCD_SetCursor)
    .constdata                               0x08005f04   Section     2660  lcd.o(.constdata)
    .constdata                               0x08006968   Section       40  _printf_hex_int.o(.constdata)
    uc_hextab                                0x08006968   Data          20  _printf_hex_int.o(.constdata)
    lc_hextab                                0x0800697c   Data          20  _printf_hex_int.o(.constdata)
    .data                                    0x20000000   Section        4  main.o(.data)
    .data                                    0x20000004   Section       20  system_stm32f10x.o(.data)
    .data                                    0x20000018   Section        1  key.o(.data)
    key_up                                   0x20000018   Data           1  key.o(.data)
    .data                                    0x2000001a   Section        6  lcd.o(.data)
    .data                                    0x20000020   Section       32  axp_cou.o(.data)
    .data                                    0x20000040   Section        4  delay.o(.data)
    fac_us                                   0x20000040   Data           1  delay.o(.data)
    fac_ms                                   0x20000042   Data           2  delay.o(.data)
    .data                                    0x20000044   Section        5  usart.o(.data)
    .data                                    0x20000049   Section       20  stm32f10x_rcc.o(.data)
    APBAHBPrescTable                         0x20000049   Data          16  stm32f10x_rcc.o(.data)
    ADCPrescTable                            0x20000059   Data           4  stm32f10x_rcc.o(.data)
    .bss                                     0x20000060   Section      140  main.o(.bss)
    .bss                                     0x200000ec   Section       64  usart.o(.bss)
    .bss                                     0x2000012c   Section       96  libspace.o(.bss)
    HEAP                                     0x20000190   Section      512  startup_stm32f10x_md.o(HEAP)
    Heap_Mem                                 0x20000190   Data         512  startup_stm32f10x_md.o(HEAP)
    STACK                                    0x20000390   Section     1024  startup_stm32f10x_md.o(STACK)
    Stack_Mem                                0x20000390   Data        1024  startup_stm32f10x_md.o(STACK)
    __initial_sp                             0x20000790   Data           0  startup_stm32f10x_md.o(STACK)

    Global Symbols

    Symbol Name                              Value     Ov Type        Size  Object(Section)

    BuildAttributes$$THM_ISAv4$P$D$K$B$S$PE$A:L22UL41UL21$X:L11$S22US41US21$IEEE1$IW$USESV6$~STKCKD$USESV7$~SHL$OSPACE$ROPI$EBA8$UX$STANDARDLIB$REQ8$PRES8$EABIv2 0x00000000   Number         0  anon$$obj.o ABSOLUTE
    __ARM_use_no_argv                        0x00000000   Number         0  main.o ABSOLUTE
    __ARM_exceptions_init                     - Undefined Weak Reference
    __alloca_initialize                       - Undefined Weak Reference
    __arm_preinit_                            - Undefined Weak Reference
    __cpp_initialize__aeabi_                  - Undefined Weak Reference
    __cxa_finalize                            - Undefined Weak Reference
    __rt_locale                               - Undefined Weak Reference
    __sigvec_lookup                           - Undefined Weak Reference
    _atexit_init                              - Undefined Weak Reference
    _call_atexit_fns                          - Undefined Weak Reference
    _clock_init                               - Undefined Weak Reference
    _fp_trap_init                             - Undefined Weak Reference
    _fp_trap_shutdown                         - Undefined Weak Reference
    _get_lc_collate                           - Undefined Weak Reference
    _get_lc_ctype                             - Undefined Weak Reference
    _get_lc_monetary                          - Undefined Weak Reference
    _get_lc_numeric                           - Undefined Weak Reference
    _get_lc_time                              - Undefined Weak Reference
    _getenv_init                              - Undefined Weak Reference
    _handle_redirection                       - Undefined Weak Reference
    _init_alloc                               - Undefined Weak Reference
    _init_user_alloc                          - Undefined Weak Reference
    _initio                                   - Undefined Weak Reference
    _mutex_acquire                            - Undefined Weak Reference
    _mutex_release                            - Undefined Weak Reference
    _printf_post_padding                      - Undefined Weak Reference
    _printf_pre_padding                       - Undefined Weak Reference
    _printf_truncate_signed                   - Undefined Weak Reference
    _printf_truncate_unsigned                 - Undefined Weak Reference
    _rand_init                                - Undefined Weak Reference
    _signal_finish                            - Undefined Weak Reference
    _signal_init                              - Undefined Weak Reference
    _terminate_alloc                          - Undefined Weak Reference
    _terminate_user_alloc                     - Undefined Weak Reference
    _terminateio                              - Undefined Weak Reference
    __Vectors_Size                           0x000000ec   Number         0  startup_stm32f10x_md.o ABSOLUTE
    __Vectors                                0x08000000   Data           4  startup_stm32f10x_md.o(RESET)
    __Vectors_End                            0x080000ec   Data           0  startup_stm32f10x_md.o(RESET)
    __main                                   0x080000ed   Thumb Code     8  __main.o(!!!main)
    __scatterload                            0x080000f5   Thumb Code     0  __scatter.o(!!!scatter)
    __scatterload_rt2                        0x080000f5   Thumb Code    44  __scatter.o(!!!scatter)
    __scatterload_rt2_thumb_only             0x080000f5   Thumb Code     0  __scatter.o(!!!scatter)
    __scatterload_null                       0x08000103   Thumb Code     0  __scatter.o(!!!scatter)
    __scatterload_copy                       0x08000129   Thumb Code    26  __scatter_copy.o(!!handler_copy)
    __scatterload_zeroinit                   0x08000145   Thumb Code    28  __scatter_zi.o(!!handler_zi)
    _printf_d                                0x08000161   Thumb Code     0  _printf_d.o(.ARM.Collect$$_printf_percent$$00000009)
    _printf_percent                          0x08000161   Thumb Code     0  _printf_percent.o(.ARM.Collect$$_printf_percent$$00000000)
    _printf_x                                0x08000167   Thumb Code     0  _printf_x.o(.ARM.Collect$$_printf_percent$$0000000C)
    _printf_percent_end                      0x0800016d   Thumb Code     0  _printf_percent_end.o(.ARM.Collect$$_printf_percent$$00000017)
    __rt_lib_init                            0x08000171   Thumb Code     0  libinit.o(.ARM.Collect$$libinit$$00000000)
    __rt_lib_init_alloca_1                   0x08000173   Thumb Code     0  libinit2.o(.ARM.Collect$$libinit$$0000002E)
    __rt_lib_init_argv_1                     0x08000173   Thumb Code     0  libinit2.o(.ARM.Collect$$libinit$$0000002C)
    __rt_lib_init_atexit_1                   0x08000173   Thumb Code     0  libinit2.o(.ARM.Collect$$libinit$$0000001B)
    __rt_lib_init_clock_1                    0x08000173   Thumb Code     0  libinit2.o(.ARM.Collect$$libinit$$00000021)
    __rt_lib_init_cpp_1                      0x08000173   Thumb Code     0  libinit2.o(.ARM.Collect$$libinit$$00000032)
    __rt_lib_init_exceptions_1               0x08000173   Thumb Code     0  libinit2.o(.ARM.Collect$$libinit$$00000030)
    __rt_lib_init_fp_1                       0x08000173   Thumb Code     0  libinit2.o(.ARM.Collect$$libinit$$00000002)
    __rt_lib_init_fp_trap_1                  0x08000173   Thumb Code     0  libinit2.o(.ARM.Collect$$libinit$$0000001F)
    __rt_lib_init_getenv_1                   0x08000173   Thumb Code     0  libinit2.o(.ARM.Collect$$libinit$$00000023)
    __rt_lib_init_heap_1                     0x08000173   Thumb Code     0  libinit2.o(.ARM.Collect$$libinit$$0000000A)
    __rt_lib_init_lc_collate_1               0x08000173   Thumb Code     0  libinit2.o(.ARM.Collect$$libinit$$00000011)
    __rt_lib_init_lc_ctype_1                 0x08000173   Thumb Code     0  libinit2.o(.ARM.Collect$$libinit$$00000013)
    __rt_lib_init_lc_monetary_1              0x08000173   Thumb Code     0  libinit2.o(.ARM.Collect$$libinit$$00000015)
    __rt_lib_init_lc_numeric_1               0x08000173   Thumb Code     0  libinit2.o(.ARM.Collect$$libinit$$00000017)
    __rt_lib_init_lc_time_1                  0x08000173   Thumb Code     0  libinit2.o(.ARM.Collect$$libinit$$00000019)
    __rt_lib_init_preinit_1                  0x08000173   Thumb Code     0  libinit2.o(.ARM.Collect$$libinit$$00000004)
    __rt_lib_init_rand_1                     0x08000173   Thumb Code     0  libinit2.o(.ARM.Collect$$libinit$$0000000E)
    __rt_lib_init_return                     0x08000173   Thumb Code     0  libinit2.o(.ARM.Collect$$libinit$$00000033)
    __rt_lib_init_signal_1                   0x08000173   Thumb Code     0  libinit2.o(.ARM.Collect$$libinit$$0000001D)
    __rt_lib_init_stdio_1                    0x08000173   Thumb Code     0  libinit2.o(.ARM.Collect$$libinit$$00000025)
    __rt_lib_init_user_alloc_1               0x08000173   Thumb Code     0  libinit2.o(.ARM.Collect$$libinit$$0000000C)
    __rt_lib_shutdown                        0x08000175   Thumb Code     0  libshutdown.o(.ARM.Collect$$libshutdown$$00000000)
    __rt_lib_shutdown_cpp_1                  0x08000177   Thumb Code     0  libshutdown2.o(.ARM.Collect$$libshutdown$$00000002)
    __rt_lib_shutdown_fp_trap_1              0x08000177   Thumb Code     0  libshutdown2.o(.ARM.Collect$$libshutdown$$00000007)
    __rt_lib_shutdown_heap_1                 0x08000177   Thumb Code     0  libshutdown2.o(.ARM.Collect$$libshutdown$$0000000F)
    __rt_lib_shutdown_return                 0x08000177   Thumb Code     0  libshutdown2.o(.ARM.Collect$$libshutdown$$00000010)
    __rt_lib_shutdown_signal_1               0x08000177   Thumb Code     0  libshutdown2.o(.ARM.Collect$$libshutdown$$0000000A)
    __rt_lib_shutdown_stdio_1                0x08000177   Thumb Code     0  libshutdown2.o(.ARM.Collect$$libshutdown$$00000004)
    __rt_lib_shutdown_user_alloc_1           0x08000177   Thumb Code     0  libshutdown2.o(.ARM.Collect$$libshutdown$$0000000C)
    __rt_entry                               0x08000179   Thumb Code     0  __rtentry.o(.ARM.Collect$$rtentry$$00000000)
    __rt_entry_presh_1                       0x08000179   Thumb Code     0  __rtentry2.o(.ARM.Collect$$rtentry$$00000002)
    __rt_entry_sh                            0x08000179   Thumb Code     0  __rtentry4.o(.ARM.Collect$$rtentry$$00000004)
    __rt_entry_li                            0x0800017f   Thumb Code     0  __rtentry2.o(.ARM.Collect$$rtentry$$0000000A)
    __rt_entry_postsh_1                      0x0800017f   Thumb Code     0  __rtentry2.o(.ARM.Collect$$rtentry$$00000009)
    __rt_entry_main                          0x08000183   Thumb Code     0  __rtentry2.o(.ARM.Collect$$rtentry$$0000000D)
    __rt_entry_postli_1                      0x08000183   Thumb Code     0  __rtentry2.o(.ARM.Collect$$rtentry$$0000000C)
    __rt_exit                                0x0800018b   Thumb Code     0  rtexit.o(.ARM.Collect$$rtexit$$00000000)
    __rt_exit_ls                             0x0800018d   Thumb Code     0  rtexit2.o(.ARM.Collect$$rtexit$$00000003)
    __rt_exit_prels_1                        0x0800018d   Thumb Code     0  rtexit2.o(.ARM.Collect$$rtexit$$00000002)
    __rt_exit_exit                           0x08000191   Thumb Code     0  rtexit2.o(.ARM.Collect$$rtexit$$00000004)
    main                                     0x08000199   Thumb Code  2152  main.o(.text)
    NMI_Handler                              0x08000a89   Thumb Code     2  stm32f10x_it.o(.text)
    HardFault_Handler                        0x08000a8b   Thumb Code     4  stm32f10x_it.o(.text)
    MemManage_Handler                        0x08000a8f   Thumb Code     4  stm32f10x_it.o(.text)
    BusFault_Handler                         0x08000a93   Thumb Code     4  stm32f10x_it.o(.text)
    UsageFault_Handler                       0x08000a97   Thumb Code     4  stm32f10x_it.o(.text)
    SVC_Handler                              0x08000a9b   Thumb Code     2  stm32f10x_it.o(.text)
    DebugMon_Handler                         0x08000a9d   Thumb Code     2  stm32f10x_it.o(.text)
    PendSV_Handler                           0x08000a9f   Thumb Code     2  stm32f10x_it.o(.text)
    SysTick_Handler                          0x08000aa1   Thumb Code     2  stm32f10x_it.o(.text)
    SystemInit                               0x08000b83   Thumb Code    78  system_stm32f10x.o(.text)
    SystemCoreClockUpdate                    0x08000bd1   Thumb Code   142  system_stm32f10x.o(.text)
    LED_Init                                 0x08000c85   Thumb Code    92  led.o(.text)
    KEY_Init                                 0x08000ce9   Thumb Code    54  key.o(.text)
    KEY_Scan                                 0x08000d1f   Thumb Code   158  key.o(.text)
    LCD_WR_REG                               0x08000dd1   Thumb Code    28  lcd.o(.text)
    LCD_RD_DATA                              0x08000ded   Thumb Code    98  lcd.o(.text)
    LCD_WriteReg                             0x08000e4f   Thumb Code    40  lcd.o(.text)
    LCD_ReadReg                              0x08000e77   Thumb Code    16  lcd.o(.text)
    LCD_WriteRAM_Prepare                     0x08000e87   Thumb Code    30  lcd.o(.text)
    LCD_WriteRAM                             0x08000ea5   Thumb Code    28  lcd.o(.text)
    LCD_BGR2RGB                              0x08000ec1   Thumb Code    26  lcd.o(.text)
    LCD_ReadPoint                            0x08000edb   Thumb Code   286  lcd.o(.text)
    LCD_DisplayOn                            0x08000ff9   Thumb Code    34  lcd.o(.text)
    LCD_DisplayOff                           0x0800101b   Thumb Code    32  lcd.o(.text)
    LCD_Scan_Dir                             0x0800103b   Thumb Code   688  lcd.o(.text)
    LCD_DrawPoint                            0x080012eb   Thumb Code    52  lcd.o(.text)
    LCD_Clear                                0x0800131f   Thumb Code    58  lcd.o(.text)
    LCD_Init                                 0x08001359   Thumb Code  6694  lcd.o(.text)
    LCD_Fill                                 0x08002d7f   Thumb Code   114  lcd.o(.text)
    LCD_DrawLine                             0x08002df1   Thumb Code   176  lcd.o(.text)
    LCD_DrawRectangle                        0x08002ea1   Thumb Code    64  lcd.o(.text)
    Draw_Circle                              0x08002ee1   Thumb Code   176  lcd.o(.text)
    LCD_ShowChar                             0x08002f91   Thumb Code   294  lcd.o(.text)
    mypow                                    0x080030b7   Thumb Code    22  lcd.o(.text)
    LCD_ShowNum                              0x080030cd   Thumb Code   148  lcd.o(.text)
    LCD_Show2Num                             0x08003161   Thumb Code    92  lcd.o(.text)
    LCD_ShowString                           0x080031bd   Thumb Code    74  lcd.o(.text)
    IIC_Init                                 0x08003219   Thumb Code    50  myiic.o(.text)
    IIC_Start                                0x0800324b   Thumb Code    68  myiic.o(.text)
    IIC_Stop                                 0x0800328f   Thumb Code    62  myiic.o(.text)
    IIC_Wait_Ack                             0x080032cd   Thumb Code    86  myiic.o(.text)
    IIC_Ack                                  0x08003323   Thumb Code    66  myiic.o(.text)
    IIC_NAck                                 0x08003365   Thumb Code    66  myiic.o(.text)
    IIC_Send_Byte                            0x080033a7   Thumb Code    90  myiic.o(.text)
    IIC_Read_Byte                            0x08003401   Thumb Code    98  myiic.o(.text)
    AXP20X_Init                              0x08003471   Thumb Code     8  axp20x.o(.text)
    AXP20X_ReadOneByte                       0x08003479   Thumb Code    86  axp20x.o(.text)
    AXP20X_WriteOneByte                      0x080034cf   Thumb Code    78  axp20x.o(.text)
    AXP20X_WriteLenByte                      0x0800351d   Thumb Code    42  axp20x.o(.text)
    AXP20X_ReadLenByte                       0x08003547   Thumb Code    44  axp20x.o(.text)
    AXP20X_Read                              0x08003573   Thumb Code    34  axp20x.o(.text)
    AXP20X_Write                             0x08003595   Thumb Code    36  axp20x.o(.text)
    axp_regu_enable                          0x080035b9   Thumb Code    78  axp_regu.o(.text)
    axp_regu_disable                         0x08003607   Thumb Code    78  axp_regu.o(.text)
    axp_set_voltage                          0x08003655   Thumb Code   276  axp_regu.o(.text)
    axp_get_voltage                          0x08003769   Thumb Code   184  axp_regu.o(.text)
    regu_staus                               0x08003821   Thumb Code   114  axp_regu.o(.text)
    axp_charger_update_state                 0x0800396d   Thumb Code   122  axp_cou.o(.text)
    axp_charger_update                       0x080039e7   Thumb Code   134  axp_cou.o(.text)
    axp_charging_monitor                     0x080040f1   Thumb Code   894  axp_cou.o(.text)
    axp_battery_infoinit                     0x0800446f   Thumb Code   214  axp_cou.o(.text)
    axp_write                                0x0800455d   Thumb Code    16  axp_rw_.o(.text)
    axp_read                                 0x0800456d   Thumb Code    16  axp_rw_.o(.text)
    axp_writes                               0x0800457d   Thumb Code    34  axp_rw_.o(.text)
    axp_reads                                0x0800459f   Thumb Code    34  axp_rw_.o(.text)
    axp_set_bits                             0x080045c1   Thumb Code    44  axp_rw_.o(.text)
    axp_clr_bits                             0x080045ed   Thumb Code    42  axp_rw_.o(.text)
    axp_update                               0x08004617   Thumb Code    48  axp_rw_.o(.text)
    axp_set_freq                             0x08004649   Thumb Code    50  init.o(.text)
    axp_battery_adc_set                      0x0800467b   Thumb Code    24  init.o(.text)
    axp_set_chargevoltage                    0x08004693   Thumb Code    88  init.o(.text)
    axp_set_chargecurrent                    0x080046eb   Thumb Code   200  init.o(.text)
    axp_set_chargeendrate                    0x080047b3   Thumb Code    40  init.o(.text)
    axp_set_prechargetime                    0x080047db   Thumb Code    50  init.o(.text)
    axp_set_cstchargetime                    0x0800480d   Thumb Code    60  init.o(.text)
    axp_set_charge                           0x08004849   Thumb Code    36  init.o(.text)
    axp_set_pekopen                          0x0800486d   Thumb Code    58  init.o(.text)
    axp_set_peklong                          0x080048a7   Thumb Code    66  init.o(.text)
    axp_set_pekoffen                         0x080048e9   Thumb Code    38  init.o(.text)
    axp_set_pekdelay                         0x0800490f   Thumb Code    40  init.o(.text)
    axp_set_pekoff                           0x08004937   Thumb Code    54  init.o(.text)
    axp_set_pek                              0x0800496d   Thumb Code    40  init.o(.text)
    axp_set_noe                              0x08004995   Thumb Code    62  init.o(.text)
    axp_set_otpoffen                         0x080049d3   Thumb Code    38  init.o(.text)
    axp_set_opclinit                         0x080049f9   Thumb Code    22  init.o(.text)
    axp_set_ocv                              0x08004a0f   Thumb Code   104  init.o(.text)
    axp_set_warning                          0x08004a77   Thumb Code    84  init.o(.text)
    axp_set_rdcclose                         0x08004acb   Thumb Code    66  init.o(.text)
    axp_usb_vollim                           0x08004b0d   Thumb Code    64  init.o(.text)
    axp_usb_curlim                           0x08004b4d   Thumb Code    54  init.o(.text)
    axp_battery_first_init                   0x08004b83   Thumb Code    60  init.o(.text)
    init_axp173                              0x08004bbf   Thumb Code    78  init.o(.text)
    delay_init                               0x08004c19   Thumb Code    52  delay.o(.text)
    delay_ms                                 0x08004c4d   Thumb Code    56  delay.o(.text)
    delay_us                                 0x08004c85   Thumb Code    56  delay.o(.text)
    NVIC_Configuration                       0x08004cc5   Thumb Code    12  sys.o(.text)
    _sys_exit                                0x08004cd1   Thumb Code     6  usart.o(.text)
    fputc                                    0x08004cd7   Thumb Code    24  usart.o(.text)
    uart_init                                0x08004cef   Thumb Code   152  usart.o(.text)
    USART1_IRQHandler                        0x08004d87   Thumb Code   122  usart.o(.text)
    Reset_Handler                            0x08004e11   Thumb Code     8  startup_stm32f10x_md.o(.text)
    ADC1_2_IRQHandler                        0x08004e2b   Thumb Code     0  startup_stm32f10x_md.o(.text)
    CAN1_RX1_IRQHandler                      0x08004e2b   Thumb Code     0  startup_stm32f10x_md.o(.text)
    CAN1_SCE_IRQHandler                      0x08004e2b   Thumb Code     0  startup_stm32f10x_md.o(.text)
    DMA1_Channel1_IRQHandler                 0x08004e2b   Thumb Code     0  startup_stm32f10x_md.o(.text)
    DMA1_Channel2_IRQHandler                 0x08004e2b   Thumb Code     0  startup_stm32f10x_md.o(.text)
    DMA1_Channel3_IRQHandler                 0x08004e2b   Thumb Code     0  startup_stm32f10x_md.o(.text)
    DMA1_Channel4_IRQHandler                 0x08004e2b   Thumb Code     0  startup_stm32f10x_md.o(.text)
    DMA1_Channel5_IRQHandler                 0x08004e2b   Thumb Code     0  startup_stm32f10x_md.o(.text)
    DMA1_Channel6_IRQHandler                 0x08004e2b   Thumb Code     0  startup_stm32f10x_md.o(.text)
    DMA1_Channel7_IRQHandler                 0x08004e2b   Thumb Code     0  startup_stm32f10x_md.o(.text)
    EXTI0_IRQHandler                         0x08004e2b   Thumb Code     0  startup_stm32f10x_md.o(.text)
    EXTI15_10_IRQHandler                     0x08004e2b   Thumb Code     0  startup_stm32f10x_md.o(.text)
    EXTI1_IRQHandler                         0x08004e2b   Thumb Code     0  startup_stm32f10x_md.o(.text)
    EXTI2_IRQHandler                         0x08004e2b   Thumb Code     0  startup_stm32f10x_md.o(.text)
    EXTI3_IRQHandler                         0x08004e2b   Thumb Code     0  startup_stm32f10x_md.o(.text)
    EXTI4_IRQHandler                         0x08004e2b   Thumb Code     0  startup_stm32f10x_md.o(.text)
    EXTI9_5_IRQHandler                       0x08004e2b   Thumb Code     0  startup_stm32f10x_md.o(.text)
    FLASH_IRQHandler                         0x08004e2b   Thumb Code     0  startup_stm32f10x_md.o(.text)
    I2C1_ER_IRQHandler                       0x08004e2b   Thumb Code     0  startup_stm32f10x_md.o(.text)
    I2C1_EV_IRQHandler                       0x08004e2b   Thumb Code     0  startup_stm32f10x_md.o(.text)
    I2C2_ER_IRQHandler                       0x08004e2b   Thumb Code     0  startup_stm32f10x_md.o(.text)
    I2C2_EV_IRQHandler                       0x08004e2b   Thumb Code     0  startup_stm32f10x_md.o(.text)
    PVD_IRQHandler                           0x08004e2b   Thumb Code     0  startup_stm32f10x_md.o(.text)
    RCC_IRQHandler                           0x08004e2b   Thumb Code     0  startup_stm32f10x_md.o(.text)
    RTCAlarm_IRQHandler                      0x08004e2b   Thumb Code     0  startup_stm32f10x_md.o(.text)
    RTC_IRQHandler                           0x08004e2b   Thumb Code     0  startup_stm32f10x_md.o(.text)
    SPI1_IRQHandler                          0x08004e2b   Thumb Code     0  startup_stm32f10x_md.o(.text)
    SPI2_IRQHandler                          0x08004e2b   Thumb Code     0  startup_stm32f10x_md.o(.text)
    TAMPER_IRQHandler                        0x08004e2b   Thumb Code     0  startup_stm32f10x_md.o(.text)
    TIM1_BRK_IRQHandler                      0x08004e2b   Thumb Code     0  startup_stm32f10x_md.o(.text)
    TIM1_CC_IRQHandler                       0x08004e2b   Thumb Code     0  startup_stm32f10x_md.o(.text)
    TIM1_TRG_COM_IRQHandler                  0x08004e2b   Thumb Code     0  startup_stm32f10x_md.o(.text)
    TIM1_UP_IRQHandler                       0x08004e2b   Thumb Code     0  startup_stm32f10x_md.o(.text)
    TIM2_IRQHandler                          0x08004e2b   Thumb Code     0  startup_stm32f10x_md.o(.text)
    TIM3_IRQHandler                          0x08004e2b   Thumb Code     0  startup_stm32f10x_md.o(.text)
    TIM4_IRQHandler                          0x08004e2b   Thumb Code     0  startup_stm32f10x_md.o(.text)
    USART2_IRQHandler                        0x08004e2b   Thumb Code     0  startup_stm32f10x_md.o(.text)
    USART3_IRQHandler                        0x08004e2b   Thumb Code     0  startup_stm32f10x_md.o(.text)
    USBWakeUp_IRQHandler                     0x08004e2b   Thumb Code     0  startup_stm32f10x_md.o(.text)
    USB_HP_CAN1_TX_IRQHandler                0x08004e2b   Thumb Code     0  startup_stm32f10x_md.o(.text)
    USB_LP_CAN1_RX0_IRQHandler               0x08004e2b   Thumb Code     0  startup_stm32f10x_md.o(.text)
    WWDG_IRQHandler                          0x08004e2b   Thumb Code     0  startup_stm32f10x_md.o(.text)
    __user_initial_stackheap                 0x08004e2d   Thumb Code     0  startup_stm32f10x_md.o(.text)
    NVIC_PriorityGroupConfig                 0x08004e51   Thumb Code    10  misc.o(.text)
    NVIC_Init                                0x08004e5b   Thumb Code   100  misc.o(.text)
    NVIC_SetVectorTable                      0x08004ebf   Thumb Code    14  misc.o(.text)
    NVIC_SystemLPConfig                      0x08004ecd   Thumb Code    34  misc.o(.text)
    SysTick_CLKSourceConfig                  0x08004eef   Thumb Code    40  misc.o(.text)
    GPIO_DeInit                              0x08004f2d   Thumb Code   172  stm32f10x_gpio.o(.text)
    GPIO_AFIODeInit                          0x08004fd9   Thumb Code    20  stm32f10x_gpio.o(.text)
    GPIO_Init                                0x08004fed   Thumb Code   278  stm32f10x_gpio.o(.text)
    GPIO_StructInit                          0x08005103   Thumb Code    16  stm32f10x_gpio.o(.text)
    GPIO_ReadInputDataBit                    0x08005113   Thumb Code    18  stm32f10x_gpio.o(.text)
    GPIO_ReadInputData                       0x08005125   Thumb Code     8  stm32f10x_gpio.o(.text)
    GPIO_ReadOutputDataBit                   0x0800512d   Thumb Code    18  stm32f10x_gpio.o(.text)
    GPIO_ReadOutputData                      0x0800513f   Thumb Code     8  stm32f10x_gpio.o(.text)
    GPIO_SetBits                             0x08005147   Thumb Code     4  stm32f10x_gpio.o(.text)
    GPIO_ResetBits                           0x0800514b   Thumb Code     4  stm32f10x_gpio.o(.text)
    GPIO_WriteBit                            0x0800514f   Thumb Code    10  stm32f10x_gpio.o(.text)
    GPIO_Write                               0x08005159   Thumb Code     4  stm32f10x_gpio.o(.text)
    GPIO_PinLockConfig                       0x0800515d   Thumb Code    18  stm32f10x_gpio.o(.text)
    GPIO_EventOutputConfig                   0x0800516f   Thumb Code    26  stm32f10x_gpio.o(.text)
    GPIO_EventOutputCmd                      0x08005189   Thumb Code     6  stm32f10x_gpio.o(.text)
    GPIO_PinRemapConfig                      0x0800518f   Thumb Code   138  stm32f10x_gpio.o(.text)
    GPIO_EXTILineConfig                      0x08005219   Thumb Code    66  stm32f10x_gpio.o(.text)
    GPIO_ETH_MediaInterfaceConfig            0x0800525b   Thumb Code     8  stm32f10x_gpio.o(.text)
    RCC_DeInit                               0x08005289   Thumb Code    64  stm32f10x_rcc.o(.text)
    RCC_HSEConfig                            0x080052c9   Thumb Code    70  stm32f10x_rcc.o(.text)
    RCC_GetFlagStatus                        0x0800530f   Thumb Code    56  stm32f10x_rcc.o(.text)
    RCC_WaitForHSEStartUp                    0x08005347   Thumb Code    56  stm32f10x_rcc.o(.text)
    RCC_AdjustHSICalibrationValue            0x0800537f   Thumb Code    20  stm32f10x_rcc.o(.text)
    RCC_HSICmd                               0x08005393   Thumb Code     6  stm32f10x_rcc.o(.text)
    RCC_PLLConfig                            0x08005399   Thumb Code    24  stm32f10x_rcc.o(.text)
    RCC_PLLCmd                               0x080053b1   Thumb Code     6  stm32f10x_rcc.o(.text)
    RCC_SYSCLKConfig                         0x080053b7   Thumb Code    18  stm32f10x_rcc.o(.text)
    RCC_GetSYSCLKSource                      0x080053c9   Thumb Code    10  stm32f10x_rcc.o(.text)
    RCC_HCLKConfig                           0x080053d3   Thumb Code    18  stm32f10x_rcc.o(.text)
    RCC_PCLK1Config                          0x080053e5   Thumb Code    18  stm32f10x_rcc.o(.text)
    RCC_PCLK2Config                          0x080053f7   Thumb Code    20  stm32f10x_rcc.o(.text)
    RCC_ITConfig                             0x0800540b   Thumb Code    26  stm32f10x_rcc.o(.text)
    RCC_USBCLKConfig                         0x08005425   Thumb Code     8  stm32f10x_rcc.o(.text)
    RCC_ADCCLKConfig                         0x0800542d   Thumb Code    18  stm32f10x_rcc.o(.text)
    RCC_LSEConfig                            0x0800543f   Thumb Code    50  stm32f10x_rcc.o(.text)
    RCC_LSICmd                               0x08005471   Thumb Code     6  stm32f10x_rcc.o(.text)
    RCC_RTCCLKConfig                         0x08005477   Thumb Code    12  stm32f10x_rcc.o(.text)
    RCC_RTCCLKCmd                            0x08005483   Thumb Code     8  stm32f10x_rcc.o(.text)
    RCC_GetClocksFreq                        0x0800548b   Thumb Code   192  stm32f10x_rcc.o(.text)
    RCC_AHBPeriphClockCmd                    0x0800554b   Thumb Code    26  stm32f10x_rcc.o(.text)
    RCC_APB2PeriphClockCmd                   0x08005565   Thumb Code    26  stm32f10x_rcc.o(.text)
    RCC_APB1PeriphClockCmd                   0x0800557f   Thumb Code    26  stm32f10x_rcc.o(.text)
    RCC_APB2PeriphResetCmd                   0x08005599   Thumb Code    26  stm32f10x_rcc.o(.text)
    RCC_APB1PeriphResetCmd                   0x080055b3   Thumb Code    26  stm32f10x_rcc.o(.text)
    RCC_BackupResetCmd                       0x080055cd   Thumb Code     8  stm32f10x_rcc.o(.text)
    RCC_ClockSecuritySystemCmd               0x080055d5   Thumb Code     6  stm32f10x_rcc.o(.text)
    RCC_MCOConfig                            0x080055db   Thumb Code     6  stm32f10x_rcc.o(.text)
    RCC_ClearFlag                            0x080055e1   Thumb Code    14  stm32f10x_rcc.o(.text)
    RCC_GetITStatus                          0x080055ef   Thumb Code    20  stm32f10x_rcc.o(.text)
    RCC_ClearITPendingBit                    0x08005603   Thumb Code     6  stm32f10x_rcc.o(.text)
    USART_DeInit                             0x0800562d   Thumb Code   134  stm32f10x_usart.o(.text)
    USART_Init                               0x080056b3   Thumb Code   210  stm32f10x_usart.o(.text)
    USART_StructInit                         0x08005785   Thumb Code    24  stm32f10x_usart.o(.text)
    USART_ClockInit                          0x0800579d   Thumb Code    34  stm32f10x_usart.o(.text)
    USART_ClockStructInit                    0x080057bf   Thumb Code    12  stm32f10x_usart.o(.text)
    USART_Cmd                                0x080057cb   Thumb Code    24  stm32f10x_usart.o(.text)
    USART_ITConfig                           0x080057e3   Thumb Code    74  stm32f10x_usart.o(.text)
    USART_DMACmd                             0x0800582d   Thumb Code    18  stm32f10x_usart.o(.text)
    USART_SetAddress                         0x0800583f   Thumb Code    18  stm32f10x_usart.o(.text)
    USART_WakeUpConfig                       0x08005851   Thumb Code    18  stm32f10x_usart.o(.text)
    USART_ReceiverWakeUpCmd                  0x08005863   Thumb Code    24  stm32f10x_usart.o(.text)
    USART_LINBreakDetectLengthConfig         0x0800587b   Thumb Code    18  stm32f10x_usart.o(.text)
    USART_LINCmd                             0x0800588d   Thumb Code    24  stm32f10x_usart.o(.text)
    USART_SendData                           0x080058a5   Thumb Code     8  stm32f10x_usart.o(.text)
    USART_ReceiveData                        0x080058ad   Thumb Code    10  stm32f10x_usart.o(.text)
    USART_SendBreak                          0x080058b7   Thumb Code    10  stm32f10x_usart.o(.text)
    USART_SetGuardTime                       0x080058c1   Thumb Code    16  stm32f10x_usart.o(.text)
    USART_SetPrescaler                       0x080058d1   Thumb Code    16  stm32f10x_usart.o(.text)
    USART_SmartCardCmd                       0x080058e1   Thumb Code    24  stm32f10x_usart.o(.text)
    USART_SmartCardNACKCmd                   0x080058f9   Thumb Code    24  stm32f10x_usart.o(.text)
    USART_HalfDuplexCmd                      0x08005911   Thumb Code    24  stm32f10x_usart.o(.text)
    USART_OverSampling8Cmd                   0x08005929   Thumb Code    22  stm32f10x_usart.o(.text)
    USART_OneBitMethodCmd                    0x0800593f   Thumb Code    24  stm32f10x_usart.o(.text)
    USART_IrDAConfig                         0x08005957   Thumb Code    18  stm32f10x_usart.o(.text)
    USART_IrDACmd                            0x08005969   Thumb Code    24  stm32f10x_usart.o(.text)
    USART_GetFlagStatus                      0x08005981   Thumb Code    26  stm32f10x_usart.o(.text)
    USART_ClearFlag                          0x0800599b   Thumb Code    18  stm32f10x_usart.o(.text)
    USART_GetITStatus                        0x080059ad   Thumb Code    84  stm32f10x_usart.o(.text)
    USART_ClearITPendingBit                  0x08005a01   Thumb Code    52  stm32f10x_usart.o(.text)
    __use_no_semihosting                     0x08005a35   Thumb Code     2  use_no_semi_2.o(.text)
    __aeabi_ldivmod                          0x08005a37   Thumb Code     0  llsdiv.o(.text)
    _ll_sdiv                                 0x08005a37   Thumb Code    72  llsdiv.o(.text)
    __2printf                                0x08005a81   Thumb Code    20  noretval__2printf.o(.text)
    __printf                                 0x08005a99   Thumb Code   104  __printf.o(.text)
    _printf_int_dec                          0x08005b01   Thumb Code   104  _printf_dec.o(.text)
    _printf_int_hex                          0x08005b79   Thumb Code    84  _printf_hex_int.o(.text)
    _printf_longlong_hex                     0x08005b79   Thumb Code     0  _printf_hex_int.o(.text)
    __use_two_region_memory                  0x08005bd1   Thumb Code     2  heapauxi.o(.text)
    __rt_heap_escrow$2region                 0x08005bd3   Thumb Code     2  heapauxi.o(.text)
    __rt_heap_expand$2region                 0x08005bd5   Thumb Code     2  heapauxi.o(.text)
    __I$use$semihosting                      0x08005bd7   Thumb Code     0  use_no_semi.o(.text)
    __use_no_semihosting_swi                 0x08005bd7   Thumb Code     2  use_no_semi.o(.text)
    __aeabi_uldivmod                         0x08005bd9   Thumb Code     0  lludivv7m.o(.text)
    _ll_udiv                                 0x08005bd9   Thumb Code   238  lludivv7m.o(.text)
    _printf_int_common                       0x08005cc7   Thumb Code   178  _printf_intcommon.o(.text)
    _printf_char_file                        0x08005d79   Thumb Code    32  _printf_char_file.o(.text)
    _printf_char_common                      0x08005da7   Thumb Code    32  _printf_char_common.o(.text)
    ferror                                   0x08005dcd   Thumb Code     8  ferror.o(.text)
    __user_setup_stackheap                   0x08005dd5   Thumb Code    74  sys_stackheap_outer.o(.text)
    exit                                     0x08005e1f   Thumb Code    18  exit.o(.text)
    __user_libspace                          0x08005e31   Thumb Code     8  libspace.o(.text)
    __user_perproc_libspace                  0x08005e31   Thumb Code     0  libspace.o(.text)
    __user_perthread_libspace                0x08005e31   Thumb Code     0  libspace.o(.text)
    LCD_SetCursor                            0x08005e39   Thumb Code   192  lcd.o(i.LCD_SetCursor)
    asc2_1206                                0x08005f04   Data        1140  lcd.o(.constdata)
    asc2_1608                                0x08006378   Data        1520  lcd.o(.constdata)
    Region$$Table$$Base                      0x08006990   Number         0  anon$$obj.o(Region$$Table)
    Region$$Table$$Limit                     0x080069b0   Number         0  anon$$obj.o(Region$$Table)
    charger                                  0x20000000   Data           4  main.o(.data)
    SystemCoreClock                          0x20000004   Data           4  system_stm32f10x.o(.data)
    AHBPrescTable                            0x20000008   Data          16  system_stm32f10x.o(.data)
    POINT_COLOR                              0x2000001a   Data           2  lcd.o(.data)
    BACK_COLOR                               0x2000001c   Data           2  lcd.o(.data)
    DeviceCode                               0x2000001e   Data           2  lcd.o(.data)
    state_count                              0x20000020   Data           4  axp_cou.o(.data)
    rdc_count                                0x20000024   Data           4  axp_cou.o(.data)
    startcorcap                              0x20000028   Data           4  axp_cou.o(.data)
    cap_count1                               0x2000002c   Data           4  axp_cou.o(.data)
    cap_count2                               0x20000030   Data           4  axp_cou.o(.data)
    cap_count3                               0x20000034   Data           4  axp_cou.o(.data)
    cap_count4                               0x20000038   Data           4  axp_cou.o(.data)
    charge_index                             0x2000003c   Data           4  axp_cou.o(.data)
    __stdout                                 0x20000044   Data           4  usart.o(.data)
    USART_RX_STA                             0x20000048   Data           1  usart.o(.data)
    charger_173                              0x20000060   Data         140  main.o(.bss)
    USART_RX_BUF                             0x200000ec   Data          64  usart.o(.bss)
    __libspace_start                         0x2000012c   Data          96  libspace.o(.bss)
    __temporary_stack_top$libspace           0x2000018c   Data           0  libspace.o(.bss)



==============================================================================

Memory Map of the image

  Image Entry point : 0x080000ed

  Load Region LR_IROM1 (Base: 0x08000000, Size: 0x00006a10, Max: 0x00020000, ABSOLUTE)

    Execution Region ER_IROM1 (Exec base: 0x08000000, Load base: 0x08000000, Size: 0x000069b0, Max: 0x00020000, ABSOLUTE)

    Exec Addr    Load Addr    Size         Type   Attr      Idx    E Section Name        Object

    0x08000000   0x08000000   0x000000ec   Data   RO          438    RESET               startup_stm32f10x_md.o
    0x080000ec   0x080000ec   0x00000008   Code   RO          781  * !!!main             c_w.l(__main.o)
    0x080000f4   0x080000f4   0x00000034   Code   RO          961    !!!scatter          c_w.l(__scatter.o)
    0x08000128   0x08000128   0x0000001a   Code   RO          963    !!handler_copy      c_w.l(__scatter_copy.o)
    0x08000142   0x08000142   0x00000002   PAD
    0x08000144   0x08000144   0x0000001c   Code   RO          965    !!handler_zi        c_w.l(__scatter_zi.o)
    0x08000160   0x08000160   0x00000000   Code   RO          778    .ARM.Collect$$_printf_percent$$00000000  c_w.l(_printf_percent.o)
    0x08000160   0x08000160   0x00000006   Code   RO          777    .ARM.Collect$$_printf_percent$$00000009  c_w.l(_printf_d.o)
    0x08000166   0x08000166   0x00000006   Code   RO          776    .ARM.Collect$$_printf_percent$$0000000C  c_w.l(_printf_x.o)
    0x0800016c   0x0800016c   0x00000004   Code   RO          792    .ARM.Collect$$_printf_percent$$00000017  c_w.l(_printf_percent_end.o)
    0x08000170   0x08000170   0x00000002   Code   RO          831    .ARM.Collect$$libinit$$00000000  c_w.l(libinit.o)
    0x08000172   0x08000172   0x00000000   Code   RO          842    .ARM.Collect$$libinit$$00000002  c_w.l(libinit2.o)
    0x08000172   0x08000172   0x00000000   Code   RO          844    .ARM.Collect$$libinit$$00000004  c_w.l(libinit2.o)
    0x08000172   0x08000172   0x00000000   Code   RO          847    .ARM.Collect$$libinit$$0000000A  c_w.l(libinit2.o)
    0x08000172   0x08000172   0x00000000   Code   RO          849    .ARM.Collect$$libinit$$0000000C  c_w.l(libinit2.o)
    0x08000172   0x08000172   0x00000000   Code   RO          851    .ARM.Collect$$libinit$$0000000E  c_w.l(libinit2.o)
    0x08000172   0x08000172   0x00000000   Code   RO          854    .ARM.Collect$$libinit$$00000011  c_w.l(libinit2.o)
    0x08000172   0x08000172   0x00000000   Code   RO          856    .ARM.Collect$$libinit$$00000013  c_w.l(libinit2.o)
    0x08000172   0x08000172   0x00000000   Code   RO          858    .ARM.Collect$$libinit$$00000015  c_w.l(libinit2.o)
    0x08000172   0x08000172   0x00000000   Code   RO          860    .ARM.Collect$$libinit$$00000017  c_w.l(libinit2.o)
    0x08000172   0x08000172   0x00000000   Code   RO          862    .ARM.Collect$$libinit$$00000019  c_w.l(libinit2.o)
    0x08000172   0x08000172   0x00000000   Code   RO          864    .ARM.Collect$$libinit$$0000001B  c_w.l(libinit2.o)
    0x08000172   0x08000172   0x00000000   Code   RO          866    .ARM.Collect$$libinit$$0000001D  c_w.l(libinit2.o)
    0x08000172   0x08000172   0x00000000   Code   RO          868    .ARM.Collect$$libinit$$0000001F  c_w.l(libinit2.o)
    0x08000172   0x08000172   0x00000000   Code   RO          870    .ARM.Collect$$libinit$$00000021  c_w.l(libinit2.o)
    0x08000172   0x08000172   0x00000000   Code   RO          872    .ARM.Collect$$libinit$$00000023  c_w.l(libinit2.o)
    0x08000172   0x08000172   0x00000000   Code   RO          874    .ARM.Collect$$libinit$$00000025  c_w.l(libinit2.o)
    0x08000172   0x08000172   0x00000000   Code   RO          878    .ARM.Collect$$libinit$$0000002C  c_w.l(libinit2.o)
    0x08000172   0x08000172   0x00000000   Code   RO          880    .ARM.Collect$$libinit$$0000002E  c_w.l(libinit2.o)
    0x08000172   0x08000172   0x00000000   Code   RO          882    .ARM.Collect$$libinit$$00000030  c_w.l(libinit2.o)
    0x08000172   0x08000172   0x00000000   Code   RO          884    .ARM.Collect$$libinit$$00000032  c_w.l(libinit2.o)
    0x08000172   0x08000172   0x00000002   Code   RO          885    .ARM.Collect$$libinit$$00000033  c_w.l(libinit2.o)
    0x08000174   0x08000174   0x00000002   Code   RO          913    .ARM.Collect$$libshutdown$$00000000  c_w.l(libshutdown.o)
    0x08000176   0x08000176   0x00000000   Code   RO          927    .ARM.Collect$$libshutdown$$00000002  c_w.l(libshutdown2.o)
    0x08000176   0x08000176   0x00000000   Code   RO          929    .ARM.Collect$$libshutdown$$00000004  c_w.l(libshutdown2.o)
    0x08000176   0x08000176   0x00000000   Code   RO          932    .ARM.Collect$$libshutdown$$00000007  c_w.l(libshutdown2.o)
    0x08000176   0x08000176   0x00000000   Code   RO          935    .ARM.Collect$$libshutdown$$0000000A  c_w.l(libshutdown2.o)
    0x08000176   0x08000176   0x00000000   Code   RO          937    .ARM.Collect$$libshutdown$$0000000C  c_w.l(libshutdown2.o)
    0x08000176   0x08000176   0x00000000   Code   RO          940    .ARM.Collect$$libshutdown$$0000000F  c_w.l(libshutdown2.o)
    0x08000176   0x08000176   0x00000002   Code   RO          941    .ARM.Collect$$libshutdown$$00000010  c_w.l(libshutdown2.o)
    0x08000178   0x08000178   0x00000000   Code   RO          785    .ARM.Collect$$rtentry$$00000000  c_w.l(__rtentry.o)
    0x08000178   0x08000178   0x00000000   Code   RO          794    .ARM.Collect$$rtentry$$00000002  c_w.l(__rtentry2.o)
    0x08000178   0x08000178   0x00000006   Code   RO          806    .ARM.Collect$$rtentry$$00000004  c_w.l(__rtentry4.o)
    0x0800017e   0x0800017e   0x00000000   Code   RO          796    .ARM.Collect$$rtentry$$00000009  c_w.l(__rtentry2.o)
    0x0800017e   0x0800017e   0x00000004   Code   RO          797    .ARM.Collect$$rtentry$$0000000A  c_w.l(__rtentry2.o)
    0x08000182   0x08000182   0x00000000   Code   RO          799    .ARM.Collect$$rtentry$$0000000C  c_w.l(__rtentry2.o)
    0x08000182   0x08000182   0x00000008   Code   RO          800    .ARM.Collect$$rtentry$$0000000D  c_w.l(__rtentry2.o)
    0x0800018a   0x0800018a   0x00000002   Code   RO          835    .ARM.Collect$$rtexit$$00000000  c_w.l(rtexit.o)
    0x0800018c   0x0800018c   0x00000000   Code   RO          887    .ARM.Collect$$rtexit$$00000002  c_w.l(rtexit2.o)
    0x0800018c   0x0800018c   0x00000004   Code   RO          888    .ARM.Collect$$rtexit$$00000003  c_w.l(rtexit2.o)
    0x08000190   0x08000190   0x00000006   Code   RO          889    .ARM.Collect$$rtexit$$00000004  c_w.l(rtexit2.o)
    0x08000196   0x08000196   0x00000002   PAD
    0x08000198   0x08000198   0x000008f0   Code   RO            1    .text               main.o
    0x08000a88   0x08000a88   0x0000001a   Code   RO          159    .text               stm32f10x_it.o
    0x08000aa2   0x08000aa2   0x00000002   PAD
    0x08000aa4   0x08000aa4   0x000001e0   Code   RO          200    .text               system_stm32f10x.o
    0x08000c84   0x08000c84   0x00000064   Code   RO          218    .text               led.o
    0x08000ce8   0x08000ce8   0x000000e8   Code   RO          230    .text               key.o
    0x08000dd0   0x08000dd0   0x00002448   Code   RO          243    .text               lcd.o
    0x08003218   0x08003218   0x00000258   Code   RO          278    .text               myiic.o
    0x08003470   0x08003470   0x00000148   Code   RO          290    .text               axp20x.o
    0x080035b8   0x080035b8   0x000002da   Code   RO          302    .text               axp_regu.o
    0x08003892   0x08003892   0x00000002   PAD
    0x08003894   0x08003894   0x00000cc8   Code   RO          317    .text               axp_cou.o
    0x0800455c   0x0800455c   0x000000ea   Code   RO          332    .text               axp_rw_.o
    0x08004646   0x08004646   0x00000002   PAD
    0x08004648   0x08004648   0x000005d0   Code   RO          344    .text               init.o
    0x08004c18   0x08004c18   0x000000ac   Code   RO          376    .text               delay.o
    0x08004cc4   0x08004cc4   0x0000000c   Code   RO          390    .text               sys.o
    0x08004cd0   0x08004cd0   0x00000140   Code   RO          402    .text               usart.o
    0x08004e10   0x08004e10   0x00000040   Code   RO          439    .text               startup_stm32f10x_md.o
    0x08004e50   0x08004e50   0x000000dc   Code   RO          443    .text               misc.o
    0x08004f2c   0x08004f2c   0x0000035c   Code   RO          587    .text               stm32f10x_gpio.o
    0x08005288   0x08005288   0x000003a4   Code   RO          635    .text               stm32f10x_rcc.o
    0x0800562c   0x0800562c   0x00000408   Code   RO          697    .text               stm32f10x_usart.o
    0x08005a34   0x08005a34   0x00000002   Code   RO          723    .text               c_w.l(use_no_semi_2.o)
    0x08005a36   0x08005a36   0x00000048   Code   RO          725    .text               c_w.l(llsdiv.o)
    0x08005a7e   0x08005a7e   0x00000002   PAD
    0x08005a80   0x08005a80   0x00000018   Code   RO          729    .text               c_w.l(noretval__2printf.o)
    0x08005a98   0x08005a98   0x00000068   Code   RO          731    .text               c_w.l(__printf.o)
    0x08005b00   0x08005b00   0x00000078   Code   RO          733    .text               c_w.l(_printf_dec.o)
    0x08005b78   0x08005b78   0x00000058   Code   RO          738    .text               c_w.l(_printf_hex_int.o)
    0x08005bd0   0x08005bd0   0x00000006   Code   RO          779    .text               c_w.l(heapauxi.o)
    0x08005bd6   0x08005bd6   0x00000002   Code   RO          783    .text               c_w.l(use_no_semi.o)
    0x08005bd8   0x08005bd8   0x000000ee   Code   RO          786    .text               c_w.l(lludivv7m.o)
    0x08005cc6   0x08005cc6   0x000000b2   Code   RO          788    .text               c_w.l(_printf_intcommon.o)
    0x08005d78   0x08005d78   0x00000024   Code   RO          790    .text               c_w.l(_printf_char_file.o)
    0x08005d9c   0x08005d9c   0x00000030   Code   RO          812    .text               c_w.l(_printf_char_common.o)
    0x08005dcc   0x08005dcc   0x00000008   Code   RO          814    .text               c_w.l(ferror.o)
    0x08005dd4   0x08005dd4   0x0000004a   Code   RO          818    .text               c_w.l(sys_stackheap_outer.o)
    0x08005e1e   0x08005e1e   0x00000012   Code   RO          824    .text               c_w.l(exit.o)
    0x08005e30   0x08005e30   0x00000008   Code   RO          832    .text               c_w.l(libspace.o)
    0x08005e38   0x08005e38   0x000000cc   Code   RO          256    i.LCD_SetCursor     lcd.o
    0x08005f04   0x08005f04   0x00000a64   Data   RO          244    .constdata          lcd.o
    0x08006968   0x08006968   0x00000028   Data   RO          739    .constdata          c_w.l(_printf_hex_int.o)
    0x08006990   0x08006990   0x00000020   Data   RO          959    Region$$Table       anon$$obj.o


    Execution Region RW_IRAM1 (Exec base: 0x20000000, Load base: 0x080069b0, Size: 0x00000790, Max: 0x00005000, ABSOLUTE)

    Exec Addr    Load Addr    Size         Type   Attr      Idx    E Section Name        Object

    0x20000000   0x080069b0   0x00000004   Data   RW            3    .data               main.o
    0x20000004   0x080069b4   0x00000014   Data   RW          201    .data               system_stm32f10x.o
    0x20000018   0x080069c8   0x00000001   Data   RW          231    .data               key.o
    0x20000019   0x080069c9   0x00000001   PAD
    0x2000001a   0x080069ca   0x00000006   Data   RW          245    .data               lcd.o
    0x20000020   0x080069d0   0x00000020   Data   RW          318    .data               axp_cou.o
    0x20000040   0x080069f0   0x00000004   Data   RW          377    .data               delay.o
    0x20000044   0x080069f4   0x00000005   Data   RW          404    .data               usart.o
    0x20000049   0x080069f9   0x00000014   Data   RW          636    .data               stm32f10x_rcc.o
    0x2000005d   0x08006a0d   0x00000003   PAD
    0x20000060        -       0x0000008c   Zero   RW            2    .bss                main.o
    0x200000ec        -       0x00000040   Zero   RW          403    .bss                usart.o
    0x2000012c        -       0x00000060   Zero   RW          833    .bss                c_w.l(libspace.o)
    0x2000018c   0x08006a0d   0x00000004   PAD
    0x20000190        -       0x00000200   Zero   RW          437    HEAP                startup_stm32f10x_md.o
    0x20000390        -       0x00000400   Zero   RW          436    STACK               startup_stm32f10x_md.o


==============================================================================

Image component sizes


      Code (inc. data)   RO Data    RW Data    ZI Data      Debug   Object Name

       328          0          0          0          0       2621   axp20x.o
      3272         34          0         32          0       7901   axp_cou.o
       730         30          0          0          0       2086   axp_regu.o
       234          0          0          0          0       2475   axp_rw_.o
         0          0          0          0          0         32   core_cm3.o
       172          8          0          4          0       1159   delay.o
      1488         12          0          0          0       6301   init.o
       232         20          0          1          0        828   key.o
      9492        158       2660          6          0      13728   lcd.o
       100          8          0          0          0        547   led.o
      2288        444          0          4        140     234861   main.o
       220         22          0          0          0       1881   misc.o
       600         14          0          0          0       1912   myiic.o
        64         26        236          0       1536        828   startup_stm32f10x_md.o
       860         38          0          0          0       5813   stm32f10x_gpio.o
        26          0          0          0          0       1218   stm32f10x_it.o
       932         36          0         20          0       9028   stm32f10x_rcc.o
      1032         22          0          0          0       8536   stm32f10x_usart.o
        12          0          0          0          0        489   sys.o
       480         38          0         20          0       1859   system_stm32f10x.o
       320         16          0          5         64       3290   usart.o

    ----------------------------------------------------------------------
     22888        926       2928         96       1740     307393   Object Totals
         0          0         32          0          0          0   (incl. Generated)
         6          0          0          4          0          0   (incl. Padding)

    ----------------------------------------------------------------------

      Code (inc. data)   RO Data    RW Data    ZI Data      Debug   Library Member Name

         8          0          0          0          0         68   __main.o
       104          0          0          0          0         84   __printf.o
         0          0          0          0          0          0   __rtentry.o
        12          0          0          0          0          0   __rtentry2.o
         6          0          0          0          0          0   __rtentry4.o
        52          8          0          0          0          0   __scatter.o
        26          0          0          0          0          0   __scatter_copy.o
        28          0          0          0          0          0   __scatter_zi.o
        48          6          0          0          0         96   _printf_char_common.o
        36          4          0          0          0         80   _printf_char_file.o
         6          0          0          0          0          0   _printf_d.o
       120         16          0          0          0         92   _printf_dec.o
        88          4         40          0          0         88   _printf_hex_int.o
       178          0          0          0          0         88   _printf_intcommon.o
         0          0          0          0          0          0   _printf_percent.o
         4          0          0          0          0          0   _printf_percent_end.o
         6          0          0          0          0          0   _printf_x.o
        18          0          0          0          0         80   exit.o
         8          0          0          0          0         68   ferror.o
         6          0          0          0          0        152   heapauxi.o
         2          0          0          0          0          0   libinit.o
         2          0          0          0          0          0   libinit2.o
         2          0          0          0          0          0   libshutdown.o
         2          0          0          0          0          0   libshutdown2.o
         8          4          0          0         96         68   libspace.o
        72          0          0          0          0         76   llsdiv.o
       238          0          0          0          0        100   lludivv7m.o
        24          4          0          0          0         84   noretval__2printf.o
         2          0          0          0          0          0   rtexit.o
        10          0          0          0          0          0   rtexit2.o
        74          0          0          0          0         80   sys_stackheap_outer.o
         2          0          0          0          0         68   use_no_semi.o
         2          0          0          0          0         68   use_no_semi_2.o

    ----------------------------------------------------------------------
      1200         46         40          0        100       1440   Library Totals
         6          0          0          0          4          0   (incl. Padding)

    ----------------------------------------------------------------------

      Code (inc. data)   RO Data    RW Data    ZI Data      Debug   Library Name

      1194         46         40          0         96       1440   c_w.l

    ----------------------------------------------------------------------
      1200         46         40          0        100       1440   Library Totals

    ----------------------------------------------------------------------

==============================================================================


      Code (inc. data)   RO Data    RW Data    ZI Data      Debug   

     24088        972       2968         96       1840     306853   Grand Totals
     24088        972       2968         96       1840     306853   ELF Image Totals
     24088        972       2968         96          0          0   ROM Totals

==============================================================================

    Total RO  Size (Code + RO Data)                27056 (  26.42kB)
    Total RW  Size (RW Data + ZI Data)              1936 (   1.89kB)
    Total ROM Size (Code + RO Data + RW Data)      27152 (  26.52kB)

==============================================================================

