<html>
<body>
<pre>
<h1>礦ision Build Log</h1>
<h2>Project:</h2>
C:\Users\Administrator\Desktop\PMIC单片机驱动移植\AXPxx_I2C基本读写完成-基于STM32\USER\IIC.uvproj
Project File Date:  11/27/2015

<h2>Output:</h2>
Build target 'Target 1'
compiling main.c...
compiling axp_cou.c...
..\axp192-173\axp_cou.h(91): error:  #70: incomplete type is not allowed
..\axp192-173\axp_cou.h:        struct notifier_block nb;
..\axp192-173\axp_cou.h:                              ^
..\axp192-173\axp_cou.h(109): warning:  #231-D: declaration is not visible outside of function
..\axp192-173\axp_cou.h:   static int axp_suspend(struct platform_device *dev, pm_message_t state);
..\axp192-173\axp_cou.h:                                 ^
..\axp192-173\axp_cou.h(109): error:  #20: identifier "pm_message_t" is undefined
..\axp192-173\axp_cou.h:   static int axp_suspend(struct platform_device *dev, pm_message_t state);
..\axp192-173\axp_cou.h:                                                       ^
..\axp192-173\axp_cou.h(111): warning:  #1-D: last line of file ends without a newline
..\axp192-173\axp_cou.h:   #endif
..\axp192-173\axp_cou.h:         ^
..\axp192-173\axp_rw_.h(40): error:  #247: function "axp_write" has already been defined
..\axp192-173\axp_rw_.h:    axp_write(int reg, u8 val)
..\axp192-173\axp_rw_.h:    ^
..\axp192-173\axp_rw_.h(47): error:  #247: function "axp_read" has already been defined
..\axp192-173\axp_rw_.h:    axp_read( int reg, u8 *val)
..\axp192-173\axp_rw_.h:    ^
..\axp192-173\axp_rw_.h(55): error:  #247: function "axp_writes" has already been defined
..\axp192-173\axp_rw_.h:    axp_writes( int reg, int len, u8 *val)
..\axp192-173\axp_rw_.h:    ^
..\axp192-173\axp_rw_.h(68): error:  #247: function "axp_reads" has already been defined
..\axp192-173\axp_rw_.h:    axp_reads( int reg, int len, u8 *val)
..\axp192-173\axp_rw_.h:    ^
..\axp192-173\axp_rw_.h(80): error:  #247: function "axp_set_bits" has already been defined
..\axp192-173\axp_rw_.h:    axp_set_bits( int reg,u8 bit_mask)
..\axp192-173\axp_rw_.h:    ^
..\axp192-173\axp_rw_.h(95): error:  #247: function "axp_clr_bits" has already been defined
..\axp192-173\axp_rw_.h:    axp_clr_bits(int reg, u8 bit_mask)
..\axp192-173\axp_rw_.h:    ^
..\axp192-173\axp_rw_.h(109): error:  #247: function "axp_update" has already been defined
..\axp192-173\axp_rw_.h:    axp_update( int reg, uint8_t val, u8 mask)
..\axp192-173\axp_rw_.h:    ^
..\axp192-173\axp_init.h(8): warning:  #231-D: declaration is not visible outside of function
..\axp192-173\axp_init.h:   static int axp_disable_irqs(struct axp_mfd_chip *chip, uint64_t irqs)
..\axp192-173\axp_init.h:                                      ^
..\axp192-173\axp_init.h(21): error:  #20: identifier "AXP_INTSTS1" is undefined
..\axp192-173\axp_init.h:       axp_writes( AXP_INTSTS1, 4, irq_w);
..\axp192-173\axp_init.h:                   ^
..\axp192-173\axp_init.h(23): error:  #268: declaration may not appear after executable statement in block
..\axp192-173\axp_init.h:       uint8_t v[7];
..\axp192-173\axp_init.h:       ^
..\axp192-173\axp_init.h(27): error:  #393: pointer to incomplete class type is not allowed
..\axp192-173\axp_init.h:       chip->irqs_enabled &= ~irqs;
..\axp192-173\axp_init.h:       ^
..\axp192-173\axp_init.h(29): error:  #393: pointer to incomplete class type is not allowed
..\axp192-173\axp_init.h:       v[0] = ((chip->irqs_enabled) & 0xff);
..\axp192-173\axp_init.h:                ^
..\axp192-173\axp_init.h(30): error:  #20: identifier "AXP_INTEN2" is undefined
..\axp192-173\axp_init.h:       v[1] = AXP_INTEN2;
..\axp192-173\axp_init.h:              ^
..\axp192-173\axp_init.h(31): error:  #393: pointer to incomplete class type is not allowed
..\axp192-173\axp_init.h:       v[2] = ((chip->irqs_enabled) >> 8) & 0xff;
..\axp192-173\axp_init.h:                ^
..\axp192-173\axp_init.h(32): error:  #20: identifier "AXP_INTEN3" is undefined
..\axp192-173\axp_init.h:       v[3] = AXP_INTEN3;
..\axp192-173\axp_init.h:              ^
..\axp192-173\axp_init.h(33): error:  #393: pointer to incomplete class type is not allowed
..\axp192-173\axp_init.h:       v[4] = ((chip->irqs_enabled) >> 16) & 0xff;
..\axp192-173\axp_init.h:                ^
..\axp192-173\axp_init.h(34): error:  #20: identifier "AXP_INTEN4" is undefined
..\axp192-173\axp_init.h:       v[5] = AXP_INTEN4;
..\axp192-173\axp_init.h:              ^
..\axp192-173\axp_init.h(35): error:  #393: pointer to incomplete class type is not allowed
..\axp192-173\axp_init.h:       v[6] = ((chip->irqs_enabled) >> 24) & 0xff;
..\axp192-173\axp_init.h:                ^
..\axp192-173\axp_init.h(38): error:  #20: identifier "ret" is undefined
..\axp192-173\axp_init.h:       ret =  __axp_writes(chip->client, AXP_INTEN1, 7, v);
..\axp192-173\axp_init.h:       ^
..\axp192-173\axp_init.h(38): warning:  #223-D: function "__axp_writes" declared implicitly
..\axp192-173\axp_init.h:       ret =  __axp_writes(chip->client, AXP_INTEN1, 7, v);
..\axp192-173\axp_init.h:              ^
..\axp192-173\axp_init.h(38): error:  #393: pointer to incomplete class type is not allowed
..\axp192-173\axp_init.h:       ret =  __axp_writes(chip->client, AXP_INTEN1, 7, v);
..\axp192-173\axp_init.h:                           ^
..\axp192-173\axp_init.h(38): error:  #20: identifier "AXP_INTEN1" is undefined
..\axp192-173\axp_init.h:       ret =  __axp_writes(chip->client, AXP_INTEN1, 7, v);
..\axp192-173\axp_init.h:                                         ^
..\axp192-173\axp_init.h(59): error:  #20: identifier "AXP_INTSTS1" is undefined
..\axp192-173\axp_init.h:       axp_writes( AXP_INTSTS1, 4, irq_w);
..\axp192-173\axp_init.h:                   ^
..\axp192-173\axp_init.h(67): error:  #20: identifier "AXP_ADC_CONTROL3" is undefined
..\axp192-173\axp_init.h:       axp_read( AXP_ADC_CONTROL3,&temp);
..\axp192-173\axp_init.h:                 ^
..\axp192-173\axp_init.h(207): warning:  #940-D: missing return statement at end of non-void function "axp_set_prechargetime"
..\axp192-173\axp_init.h:   }
..\axp192-173\axp_init.h:   ^
..\axp192-173\axp_init.h(256): error:  #20: identifier "AXP_ADC_BATVOL_ENABLE" is undefined
..\axp192-173\axp_init.h:       val= AXP_ADC_BATVOL_ENABLE | AXP_ADC_BATCUR_ENABLE
..\axp192-173\axp_init.h:            ^
..\axp192-173\axp_init.h(256): error:  #20: identifier "AXP_ADC_BATCUR_ENABLE" is undefined
..\axp192-173\axp_init.h:       val= AXP_ADC_BATVOL_ENABLE | AXP_ADC_BATCUR_ENABLE
..\axp192-173\axp_init.h:                                    ^
..\axp192-173\axp_init.h(257): error:  #20: identifier "AXP_ADC_DCINCUR_ENABLE" is undefined
..\axp192-173\axp_init.h:               | AXP_ADC_DCINCUR_ENABLE | AXP_ADC_DCINVOL_ENABLE
..\axp192-173\axp_init.h:                 ^
..\axp192-173\axp_init.h(257): error:  #20: identifier "AXP_ADC_DCINVOL_ENABLE" is undefined
..\axp192-173\axp_init.h:               | AXP_ADC_DCINCUR_ENABLE | AXP_ADC_DCINVOL_ENABLE
..\axp192-173\axp_init.h:                                          ^
..\axp192-173\axp_init.h(258): error:  #20: identifier "AXP_ADC_USBVOL_ENABLE" is undefined
..\axp192-173\axp_init.h:               | AXP_ADC_USBVOL_ENABLE | AXP_ADC_USBCUR_ENABLE;
..\axp192-173\axp_init.h:                 ^
..\axp192-173\axp_init.h(258): error:  #20: identifier "AXP_ADC_USBCUR_ENABLE" is undefined
..\axp192-173\axp_init.h:               | AXP_ADC_USBVOL_ENABLE | AXP_ADC_USBCUR_ENABLE;
..\axp192-173\axp_init.h:                                         ^
..\axp192-173\axp_init.h: ..\axp192-173\axp_cou.c: 5 warnings, 30 errors
compiling axp_sply.c...
..\axp192-173\axp_sply.c(3): error:  #5: cannot open source input file "axp-sply.h": No such file or directory
..\axp192-173\axp_sply.c:   #include "axp-sply.h"
..\axp192-173\axp_sply.c:                        ^
..\axp192-173\axp_sply.c: ..\axp192-173\axp_sply.c: 0 warnings, 1 error
Target not created
Build target 'Target 1'
linking...
Program Size: Code=19010 RO-data=2970 RW-data=60 ZI-data=1700  
FromELF: creating hex file...
"axp173.axf" - 0 Error(s), 0 Warning(s).
Build target 'Target 1'
compiling main.c...
compiling stm32f10x_it.c...
compiling system_stm32f10x.c...
compiling led.c...
compiling key.c...
compiling lcd.c...
compiling myiic.c...
compiling axp20X.c...
compiling axp_regu.c...
compiling delay.c...
compiling sys.c...
compiling usart.c...
compiling core_cm3.c...
assembling startup_stm32f10x_md.s...
compiling misc.c...
compiling stm32f10x_adc.c...
compiling stm32f10x_bkp.c...
compiling stm32f10x_can.c...
compiling stm32f10x_cec.c...
compiling stm32f10x_crc.c...
compiling stm32f10x_dac.c...
compiling stm32f10x_dbgmcu.c...
compiling stm32f10x_dma.c...
compiling stm32f10x_exti.c...
compiling stm32f10x_flash.c...
compiling stm32f10x_fsmc.c...
compiling stm32f10x_gpio.c...
compiling stm32f10x_i2c.c...
compiling stm32f10x_iwdg.c...
compiling stm32f10x_pwr.c...
compiling stm32f10x_rcc.c...
compiling stm32f10x_rtc.c...
compiling stm32f10x_sdio.c...
compiling stm32f10x_spi.c...
compiling stm32f10x_tim.c...
compiling stm32f10x_usart.c...
compiling stm32f10x_wwdg.c...
linking...
Program Size: Code=19010 RO-data=2970 RW-data=60 ZI-data=1700  
FromELF: creating hex file...
"axp173.axf" - 0 Error(s), 0 Warning(s).
Build target 'Target 1'
linking...
Program Size: Code=19010 RO-data=2970 RW-data=60 ZI-data=1700  
FromELF: creating hex file...
"axp173.axf" - 0 Error(s), 0 Warning(s).
compiling axp_cou.c...
..\axp192-173\axp_cou.h(7): error:  #20: identifier "uint16_t" is undefined
..\axp192-173\axp_cou.h:        uint16_t vbat_res;
..\axp192-173\axp_cou.h:        ^
..\axp192-173\axp_cou.h(8): error:  #20: identifier "uint16_t" is undefined
..\axp192-173\axp_cou.h:        uint16_t ibat_res;
..\axp192-173\axp_cou.h:        ^
..\axp192-173\axp_cou.h(9): error:  #20: identifier "uint16_t" is undefined
..\axp192-173\axp_cou.h:        uint16_t ichar_res;
..\axp192-173\axp_cou.h:        ^
..\axp192-173\axp_cou.h(10): error:  #20: identifier "uint16_t" is undefined
..\axp192-173\axp_cou.h:        uint16_t idischar_res;
..\axp192-173\axp_cou.h:        ^
..\axp192-173\axp_cou.h(11): error:  #20: identifier "uint16_t" is undefined
..\axp192-173\axp_cou.h:        uint16_t vac_res;
..\axp192-173\axp_cou.h:        ^
..\axp192-173\axp_cou.h(12): error:  #20: identifier "uint16_t" is undefined
..\axp192-173\axp_cou.h:        uint16_t iac_res;
..\axp192-173\axp_cou.h:        ^
..\axp192-173\axp_cou.h(13): error:  #20: identifier "uint16_t" is undefined
..\axp192-173\axp_cou.h:        uint16_t vusb_res;
..\axp192-173\axp_cou.h:        ^
..\axp192-173\axp_cou.h(14): error:  #20: identifier "uint16_t" is undefined
..\axp192-173\axp_cou.h:        uint16_t iusb_res;
..\axp192-173\axp_cou.h:        ^
..\axp192-173\axp_cou.c(4): warning:  #260-D: explicit type is missing ("int" assumed)
..\axp192-173\axp_cou.c:   static inline int axp_vbat_to_mV(uint16_t reg)
..\axp192-173\axp_cou.c:          ^
..\axp192-173\axp_cou.c(4): error:  #65: expected a ";"
..\axp192-173\axp_cou.c:   static inline int axp_vbat_to_mV(uint16_t reg)
..\axp192-173\axp_cou.c:                 ^
..\axp192-173\axp_cou.c(131): warning:  #12-D: parsing restarts here after previous syntax error
..\axp192-173\axp_cou.c:        axp_cal_rdc(charger);
..\axp192-173\axp_cou.c:                            ^
..\axp192-173\axp_cou.c(133): error:  #169: expected a declaration
..\axp192-173\axp_cou.c:        if(state_count){
..\axp192-173\axp_cou.c:        ^
..\axp192-173\axp_cou.c(159): warning:  #12-D: parsing restarts here after previous syntax error
..\axp192-173\axp_cou.c:        charger->ocv_rest_cap = rt_rest_cap;
..\axp192-173\axp_cou.c:                                           ^
..\axp192-173\axp_cou.c(161): error:  #77-D: this declaration has no storage class or type specifier
..\axp192-173\axp_cou.c:        Cur_CoulombCounter = axp_get_coulomb(charger);
..\axp192-173\axp_cou.c:        ^
..\axp192-173\axp_cou.c(161): error:  #20: identifier "axp_get_coulomb" is undefined
..\axp192-173\axp_cou.c:        Cur_CoulombCounter = axp_get_coulomb(charger);
..\axp192-173\axp_cou.c:                             ^
..\axp192-173\axp_cou.c(161): error:  #59: function call is not allowed in a constant expression
..\axp192-173\axp_cou.c:        Cur_CoulombCounter = axp_get_coulomb(charger);
..\axp192-173\axp_cou.c:                             ^
..\axp192-173\axp_cou.c(161): error:  #20: identifier "charger" is undefined
..\axp192-173\axp_cou.c:        Cur_CoulombCounter = axp_get_coulomb(charger);
..\axp192-173\axp_cou.c:                                             ^
..\axp192-173\axp_cou.c(162): error:  #77-D: this declaration has no storage class or type specifier
..\axp192-173\axp_cou.c:        base_cap = axp_get_basecap(charger);
..\axp192-173\axp_cou.c:        ^
..\axp192-173\axp_cou.c(162): error:  #20: identifier "axp_get_basecap" is undefined
..\axp192-173\axp_cou.c:        base_cap = axp_get_basecap(charger);
..\axp192-173\axp_cou.c:                   ^
..\axp192-173\axp_cou.c(162): error:  #59: function call is not allowed in a constant expression
..\axp192-173\axp_cou.c:        base_cap = axp_get_basecap(charger);
..\axp192-173\axp_cou.c:                   ^
..\axp192-173\axp_cou.c(163): error:  #77-D: this declaration has no storage class or type specifier
..\axp192-173\axp_cou.c:        bat_cap = axp_get_batcap(charger);
..\axp192-173\axp_cou.c:        ^
..\axp192-173\axp_cou.c(163): error:  #20: identifier "axp_get_batcap" is undefined
..\axp192-173\axp_cou.c:        bat_cap = axp_get_batcap(charger);
..\axp192-173\axp_cou.c:                  ^
..\axp192-173\axp_cou.c(163): error:  #59: function call is not allowed in a constant expression
..\axp192-173\axp_cou.c:        bat_cap = axp_get_batcap(charger);
..\axp192-173\axp_cou.c:                  ^
..\axp192-173\axp_cou.c(165): error:  #169: expected a declaration
..\axp192-173\axp_cou.c:        if(flag_coulomb){
..\axp192-173\axp_cou.c:        ^
..\axp192-173\axp_cou.c(187): warning:  #12-D: parsing restarts here after previous syntax error
..\axp192-173\axp_cou.c:                                DBG_PSY_MSG("%s->%d: charger->rest_vol > 100\n",__FUNCTION__,__LINE__);
..\axp192-173\axp_cou.c:                                                                                                      ^
..\axp192-173\axp_cou.c(188): error:  #77-D: this declaration has no storage class or type specifier
..\axp192-173\axp_cou.c:                        charger->rest_cap = 100;
..\axp192-173\axp_cou.c:                        ^
..\axp192-173\axp_cou.c(188): error:  #65: expected a ";"
..\axp192-173\axp_cou.c:                        charger->rest_cap = 100;
..\axp192-173\axp_cou.c:                               ^
..\axp192-173\axp_cou.c(189): error:  #169: expected a declaration
..\axp192-173\axp_cou.c:                }
..\axp192-173\axp_cou.c:                ^
..\axp192-173\axp_cou.c(340): warning:  #12-D: parsing restarts here after previous syntax error
..\axp192-173\axp_cou.c:                charge_index ++;
..\axp192-173\axp_cou.c:                               ^
..\axp192-173\axp_cou.c(341): error:  #169: expected a declaration
..\axp192-173\axp_cou.c:        else 
..\axp192-173\axp_cou.c:        ^
..\axp192-173\axp_cou.c(344): error:  #169: expected a declaration
..\axp192-173\axp_cou.c:        if(charger->rest_cap - pre_rest_cap){
..\axp192-173\axp_cou.c:        ^
..\axp192-173\axp_cou.c(374): warning:  #12-D: parsing restarts here after previous syntax error
..\axp192-173\axp_cou.c:        axp_reads(charger->master,AXP_RDC_BUFFER0,2,v);
..\axp192-173\axp_cou.c:                                                      ^
..\axp192-173\axp_cou.c(383): error:  #79: expected a type specifier
..\axp192-173\axp_cou.c:        DBG_PSY_MSG("charger->is_on = %d\n",charger->is_on);
..\axp192-173\axp_cou.c:                    ^
..\axp192-173\axp_cou.c(383): error:  #757: variable "charger" is not a type name
..\axp192-173\axp_cou.c:        DBG_PSY_MSG("charger->is_on = %d\n",charger->is_on);
..\axp192-173\axp_cou.c:                                            ^
..\axp192-173\axp_cou.c(383): error:  #18: expected a ")"
..\axp192-173\axp_cou.c:        DBG_PSY_MSG("charger->is_on = %d\n",charger->is_on);
..\axp192-173\axp_cou.c:                                                   ^
..\axp192-173\axp_cou.c(383): warning:  #77-D: this declaration has no storage class or type specifier
..\axp192-173\axp_cou.c:        DBG_PSY_MSG("charger->is_on = %d\n",charger->is_on);
..\axp192-173\axp_cou.c:        ^
..\axp192-173\axp_cou.c(384): error:  #79: expected a type specifier
..\axp192-173\axp_cou.c:        DBG_PSY_MSG("charger->ext_valid = %d\n",charger->ext_valid);
..\axp192-173\axp_cou.c:                    ^
..\axp192-173\axp_cou.c: ..\axp192-173\axp_cou.c: 7 warnings, 30 errors
..\axp192-173\axp_cou.c - 30 Error(s), 7 Warning(s).
Build target 'Target 1'
compiling axp_cou.c...
..\axp192-173\axp_cou.h(7): error:  #20: identifier "uint16" is undefined
..\axp192-173\axp_cou.h:        uint16 vbat_res;
..\axp192-173\axp_cou.h:        ^
..\axp192-173\axp_cou.h(8): error:  #20: identifier "uint16_t" is undefined
..\axp192-173\axp_cou.h:        uint16_t ibat_res;
..\axp192-173\axp_cou.h:        ^
..\axp192-173\axp_cou.h(9): error:  #20: identifier "uint16_t" is undefined
..\axp192-173\axp_cou.h:        uint16_t ichar_res;
..\axp192-173\axp_cou.h:        ^
..\axp192-173\axp_cou.h(10): error:  #20: identifier "uint16_t" is undefined
..\axp192-173\axp_cou.h:        uint16_t idischar_res;
..\axp192-173\axp_cou.h:        ^
..\axp192-173\axp_cou.h(11): error:  #20: identifier "uint16_t" is undefined
..\axp192-173\axp_cou.h:        uint16_t vac_res;
..\axp192-173\axp_cou.h:        ^
..\axp192-173\axp_cou.h(12): error:  #20: identifier "uint16_t" is undefined
..\axp192-173\axp_cou.h:        uint16_t iac_res;
..\axp192-173\axp_cou.h:        ^
..\axp192-173\axp_cou.h(13): error:  #20: identifier "uint16_t" is undefined
..\axp192-173\axp_cou.h:        uint16_t vusb_res;
..\axp192-173\axp_cou.h:        ^
..\axp192-173\axp_cou.h(14): error:  #20: identifier "uint16_t" is undefined
..\axp192-173\axp_cou.h:        uint16_t iusb_res;
..\axp192-173\axp_cou.h:        ^
..\axp192-173\axp_cou.c(4): warning:  #260-D: explicit type is missing ("int" assumed)
..\axp192-173\axp_cou.c:   static inline int axp_vbat_to_mV(uint16_t reg)
..\axp192-173\axp_cou.c:          ^
..\axp192-173\axp_cou.c(4): error:  #65: expected a ";"
..\axp192-173\axp_cou.c:   static inline int axp_vbat_to_mV(uint16_t reg)
..\axp192-173\axp_cou.c:                 ^
..\axp192-173\axp_cou.c(131): warning:  #12-D: parsing restarts here after previous syntax error
..\axp192-173\axp_cou.c:        axp_cal_rdc(charger);
..\axp192-173\axp_cou.c:                            ^
..\axp192-173\axp_cou.c(133): error:  #169: expected a declaration
..\axp192-173\axp_cou.c:        if(state_count){
..\axp192-173\axp_cou.c:        ^
..\axp192-173\axp_cou.c(159): warning:  #12-D: parsing restarts here after previous syntax error
..\axp192-173\axp_cou.c:        charger->ocv_rest_cap = rt_rest_cap;
..\axp192-173\axp_cou.c:                                           ^
..\axp192-173\axp_cou.c(161): error:  #77-D: this declaration has no storage class or type specifier
..\axp192-173\axp_cou.c:        Cur_CoulombCounter = axp_get_coulomb(charger);
..\axp192-173\axp_cou.c:        ^
..\axp192-173\axp_cou.c(161): error:  #20: identifier "axp_get_coulomb" is undefined
..\axp192-173\axp_cou.c:        Cur_CoulombCounter = axp_get_coulomb(charger);
..\axp192-173\axp_cou.c:                             ^
..\axp192-173\axp_cou.c(161): error:  #59: function call is not allowed in a constant expression
..\axp192-173\axp_cou.c:        Cur_CoulombCounter = axp_get_coulomb(charger);
..\axp192-173\axp_cou.c:                             ^
..\axp192-173\axp_cou.c(161): error:  #20: identifier "charger" is undefined
..\axp192-173\axp_cou.c:        Cur_CoulombCounter = axp_get_coulomb(charger);
..\axp192-173\axp_cou.c:                                             ^
..\axp192-173\axp_cou.c(162): error:  #77-D: this declaration has no storage class or type specifier
..\axp192-173\axp_cou.c:        base_cap = axp_get_basecap(charger);
..\axp192-173\axp_cou.c:        ^
..\axp192-173\axp_cou.c(162): error:  #20: identifier "axp_get_basecap" is undefined
..\axp192-173\axp_cou.c:        base_cap = axp_get_basecap(charger);
..\axp192-173\axp_cou.c:                   ^
..\axp192-173\axp_cou.c(162): error:  #59: function call is not allowed in a constant expression
..\axp192-173\axp_cou.c:        base_cap = axp_get_basecap(charger);
..\axp192-173\axp_cou.c:                   ^
..\axp192-173\axp_cou.c(163): error:  #77-D: this declaration has no storage class or type specifier
..\axp192-173\axp_cou.c:        bat_cap = axp_get_batcap(charger);
..\axp192-173\axp_cou.c:        ^
..\axp192-173\axp_cou.c(163): error:  #20: identifier "axp_get_batcap" is undefined
..\axp192-173\axp_cou.c:        bat_cap = axp_get_batcap(charger);
..\axp192-173\axp_cou.c:                  ^
..\axp192-173\axp_cou.c(163): error:  #59: function call is not allowed in a constant expression
..\axp192-173\axp_cou.c:        bat_cap = axp_get_batcap(charger);
..\axp192-173\axp_cou.c:                  ^
..\axp192-173\axp_cou.c(165): error:  #169: expected a declaration
..\axp192-173\axp_cou.c:        if(flag_coulomb){
..\axp192-173\axp_cou.c:        ^
..\axp192-173\axp_cou.c(187): warning:  #12-D: parsing restarts here after previous syntax error
..\axp192-173\axp_cou.c:                                DBG_PSY_MSG("%s->%d: charger->rest_vol > 100\n",__FUNCTION__,__LINE__);
..\axp192-173\axp_cou.c:                                                                                                      ^
..\axp192-173\axp_cou.c(188): error:  #77-D: this declaration has no storage class or type specifier
..\axp192-173\axp_cou.c:                        charger->rest_cap = 100;
..\axp192-173\axp_cou.c:                        ^
..\axp192-173\axp_cou.c(188): error:  #65: expected a ";"
..\axp192-173\axp_cou.c:                        charger->rest_cap = 100;
..\axp192-173\axp_cou.c:                               ^
..\axp192-173\axp_cou.c(189): error:  #169: expected a declaration
..\axp192-173\axp_cou.c:                }
..\axp192-173\axp_cou.c:                ^
..\axp192-173\axp_cou.c(340): warning:  #12-D: parsing restarts here after previous syntax error
..\axp192-173\axp_cou.c:                charge_index ++;
..\axp192-173\axp_cou.c:                               ^
..\axp192-173\axp_cou.c(341): error:  #169: expected a declaration
..\axp192-173\axp_cou.c:        else 
..\axp192-173\axp_cou.c:        ^
..\axp192-173\axp_cou.c(344): error:  #169: expected a declaration
..\axp192-173\axp_cou.c:        if(charger->rest_cap - pre_rest_cap){
..\axp192-173\axp_cou.c:        ^
..\axp192-173\axp_cou.c(374): warning:  #12-D: parsing restarts here after previous syntax error
..\axp192-173\axp_cou.c:        axp_reads(charger->master,AXP_RDC_BUFFER0,2,v);
..\axp192-173\axp_cou.c:                                                      ^
..\axp192-173\axp_cou.c(383): error:  #79: expected a type specifier
..\axp192-173\axp_cou.c:        DBG_PSY_MSG("charger->is_on = %d\n",charger->is_on);
..\axp192-173\axp_cou.c:                    ^
..\axp192-173\axp_cou.c(383): error:  #757: variable "charger" is not a type name
..\axp192-173\axp_cou.c:        DBG_PSY_MSG("charger->is_on = %d\n",charger->is_on);
..\axp192-173\axp_cou.c:                                            ^
..\axp192-173\axp_cou.c(383): error:  #18: expected a ")"
..\axp192-173\axp_cou.c:        DBG_PSY_MSG("charger->is_on = %d\n",charger->is_on);
..\axp192-173\axp_cou.c:                                                   ^
..\axp192-173\axp_cou.c(383): warning:  #77-D: this declaration has no storage class or type specifier
..\axp192-173\axp_cou.c:        DBG_PSY_MSG("charger->is_on = %d\n",charger->is_on);
..\axp192-173\axp_cou.c:        ^
..\axp192-173\axp_cou.c(384): error:  #79: expected a type specifier
..\axp192-173\axp_cou.c:        DBG_PSY_MSG("charger->ext_valid = %d\n",charger->ext_valid);
..\axp192-173\axp_cou.c:                    ^
..\axp192-173\axp_cou.c: ..\axp192-173\axp_cou.c: 7 warnings, 30 errors
Target not created
Build target 'Target 1'
compiling axp_cou.c...
..\axp192-173\axp_cou.h(7): error:  #20: identifier "u16" is undefined
..\axp192-173\axp_cou.h:        u16 vbat_res;
..\axp192-173\axp_cou.h:        ^
..\axp192-173\axp_cou.h(8): error:  #20: identifier "uint16_t" is undefined
..\axp192-173\axp_cou.h:        uint16_t ibat_res;
..\axp192-173\axp_cou.h:        ^
..\axp192-173\axp_cou.h(9): error:  #20: identifier "uint16_t" is undefined
..\axp192-173\axp_cou.h:        uint16_t ichar_res;
..\axp192-173\axp_cou.h:        ^
..\axp192-173\axp_cou.h(10): error:  #20: identifier "uint16_t" is undefined
..\axp192-173\axp_cou.h:        uint16_t idischar_res;
..\axp192-173\axp_cou.h:        ^
..\axp192-173\axp_cou.h(11): error:  #20: identifier "uint16_t" is undefined
..\axp192-173\axp_cou.h:        uint16_t vac_res;
..\axp192-173\axp_cou.h:        ^
..\axp192-173\axp_cou.h(12): error:  #20: identifier "uint16_t" is undefined
..\axp192-173\axp_cou.h:        uint16_t iac_res;
..\axp192-173\axp_cou.h:        ^
..\axp192-173\axp_cou.h(13): error:  #20: identifier "uint16_t" is undefined
..\axp192-173\axp_cou.h:        uint16_t vusb_res;
..\axp192-173\axp_cou.h:        ^
..\axp192-173\axp_cou.h(14): error:  #20: identifier "uint16_t" is undefined
..\axp192-173\axp_cou.h:        uint16_t iusb_res;
..\axp192-173\axp_cou.h:        ^
..\axp192-173\axp_cou.c(4): warning:  #260-D: explicit type is missing ("int" assumed)
..\axp192-173\axp_cou.c:   static inline int axp_vbat_to_mV(uint16_t reg)
..\axp192-173\axp_cou.c:          ^
..\axp192-173\axp_cou.c(4): error:  #65: expected a ";"
..\axp192-173\axp_cou.c:   static inline int axp_vbat_to_mV(uint16_t reg)
..\axp192-173\axp_cou.c:                 ^
..\axp192-173\axp_cou.c(131): warning:  #12-D: parsing restarts here after previous syntax error
..\axp192-173\axp_cou.c:        axp_cal_rdc(charger);
..\axp192-173\axp_cou.c:                            ^
..\axp192-173\axp_cou.c(133): error:  #169: expected a declaration
..\axp192-173\axp_cou.c:        if(state_count){
..\axp192-173\axp_cou.c:        ^
..\axp192-173\axp_cou.c(159): warning:  #12-D: parsing restarts here after previous syntax error
..\axp192-173\axp_cou.c:        charger->ocv_rest_cap = rt_rest_cap;
..\axp192-173\axp_cou.c:                                           ^
..\axp192-173\axp_cou.c(161): error:  #77-D: this declaration has no storage class or type specifier
..\axp192-173\axp_cou.c:        Cur_CoulombCounter = axp_get_coulomb(charger);
..\axp192-173\axp_cou.c:        ^
..\axp192-173\axp_cou.c(161): error:  #20: identifier "axp_get_coulomb" is undefined
..\axp192-173\axp_cou.c:        Cur_CoulombCounter = axp_get_coulomb(charger);
..\axp192-173\axp_cou.c:                             ^
..\axp192-173\axp_cou.c(161): error:  #59: function call is not allowed in a constant expression
..\axp192-173\axp_cou.c:        Cur_CoulombCounter = axp_get_coulomb(charger);
..\axp192-173\axp_cou.c:                             ^
..\axp192-173\axp_cou.c(161): error:  #20: identifier "charger" is undefined
..\axp192-173\axp_cou.c:        Cur_CoulombCounter = axp_get_coulomb(charger);
..\axp192-173\axp_cou.c:                                             ^
..\axp192-173\axp_cou.c(162): error:  #77-D: this declaration has no storage class or type specifier
..\axp192-173\axp_cou.c:        base_cap = axp_get_basecap(charger);
..\axp192-173\axp_cou.c:        ^
..\axp192-173\axp_cou.c(162): error:  #20: identifier "axp_get_basecap" is undefined
..\axp192-173\axp_cou.c:        base_cap = axp_get_basecap(charger);
..\axp192-173\axp_cou.c:                   ^
..\axp192-173\axp_cou.c(162): error:  #59: function call is not allowed in a constant expression
..\axp192-173\axp_cou.c:        base_cap = axp_get_basecap(charger);
..\axp192-173\axp_cou.c:                   ^
..\axp192-173\axp_cou.c(163): error:  #77-D: this declaration has no storage class or type specifier
..\axp192-173\axp_cou.c:        bat_cap = axp_get_batcap(charger);
..\axp192-173\axp_cou.c:        ^
..\axp192-173\axp_cou.c(163): error:  #20: identifier "axp_get_batcap" is undefined
..\axp192-173\axp_cou.c:        bat_cap = axp_get_batcap(charger);
..\axp192-173\axp_cou.c:                  ^
..\axp192-173\axp_cou.c(163): error:  #59: function call is not allowed in a constant expression
..\axp192-173\axp_cou.c:        bat_cap = axp_get_batcap(charger);
..\axp192-173\axp_cou.c:                  ^
..\axp192-173\axp_cou.c(165): error:  #169: expected a declaration
..\axp192-173\axp_cou.c:        if(flag_coulomb){
..\axp192-173\axp_cou.c:        ^
..\axp192-173\axp_cou.c(187): warning:  #12-D: parsing restarts here after previous syntax error
..\axp192-173\axp_cou.c:                                DBG_PSY_MSG("%s->%d: charger->rest_vol > 100\n",__FUNCTION__,__LINE__);
..\axp192-173\axp_cou.c:                                                                                                      ^
..\axp192-173\axp_cou.c(188): error:  #77-D: this declaration has no storage class or type specifier
..\axp192-173\axp_cou.c:                        charger->rest_cap = 100;
..\axp192-173\axp_cou.c:                        ^
..\axp192-173\axp_cou.c(188): error:  #65: expected a ";"
..\axp192-173\axp_cou.c:                        charger->rest_cap = 100;
..\axp192-173\axp_cou.c:                               ^
..\axp192-173\axp_cou.c(189): error:  #169: expected a declaration
..\axp192-173\axp_cou.c:                }
..\axp192-173\axp_cou.c:                ^
..\axp192-173\axp_cou.c(340): warning:  #12-D: parsing restarts here after previous syntax error
..\axp192-173\axp_cou.c:                charge_index ++;
..\axp192-173\axp_cou.c:                               ^
..\axp192-173\axp_cou.c(341): error:  #169: expected a declaration
..\axp192-173\axp_cou.c:        else 
..\axp192-173\axp_cou.c:        ^
..\axp192-173\axp_cou.c(344): error:  #169: expected a declaration
..\axp192-173\axp_cou.c:        if(charger->rest_cap - pre_rest_cap){
..\axp192-173\axp_cou.c:        ^
..\axp192-173\axp_cou.c(374): warning:  #12-D: parsing restarts here after previous syntax error
..\axp192-173\axp_cou.c:        axp_reads(charger->master,AXP_RDC_BUFFER0,2,v);
..\axp192-173\axp_cou.c:                                                      ^
..\axp192-173\axp_cou.c(383): error:  #79: expected a type specifier
..\axp192-173\axp_cou.c:        DBG_PSY_MSG("charger->is_on = %d\n",charger->is_on);
..\axp192-173\axp_cou.c:                    ^
..\axp192-173\axp_cou.c(383): error:  #757: variable "charger" is not a type name
..\axp192-173\axp_cou.c:        DBG_PSY_MSG("charger->is_on = %d\n",charger->is_on);
..\axp192-173\axp_cou.c:                                            ^
..\axp192-173\axp_cou.c(383): error:  #18: expected a ")"
..\axp192-173\axp_cou.c:        DBG_PSY_MSG("charger->is_on = %d\n",charger->is_on);
..\axp192-173\axp_cou.c:                                                   ^
..\axp192-173\axp_cou.c(383): warning:  #77-D: this declaration has no storage class or type specifier
..\axp192-173\axp_cou.c:        DBG_PSY_MSG("charger->is_on = %d\n",charger->is_on);
..\axp192-173\axp_cou.c:        ^
..\axp192-173\axp_cou.c(384): error:  #79: expected a type specifier
..\axp192-173\axp_cou.c:        DBG_PSY_MSG("charger->ext_valid = %d\n",charger->ext_valid);
..\axp192-173\axp_cou.c:                    ^
..\axp192-173\axp_cou.c: ..\axp192-173\axp_cou.c: 7 warnings, 30 errors
Target not created
Build target 'Target 1'
compiling axp_cou.c...
..\axp192-173\axp_cou.c(4): warning:  #260-D: explicit type is missing ("int" assumed)
..\axp192-173\axp_cou.c:   static inline int axp_vbat_to_mV(uint16_t reg)
..\axp192-173\axp_cou.c:          ^
..\axp192-173\axp_cou.c(4): error:  #65: expected a ";"
..\axp192-173\axp_cou.c:   static inline int axp_vbat_to_mV(uint16_t reg)
..\axp192-173\axp_cou.c:                 ^
..\axp192-173\axp_cou.c(131): warning:  #12-D: parsing restarts here after previous syntax error
..\axp192-173\axp_cou.c:        axp_cal_rdc(charger);
..\axp192-173\axp_cou.c:                            ^
..\axp192-173\axp_cou.c(133): error:  #169: expected a declaration
..\axp192-173\axp_cou.c:        if(state_count){
..\axp192-173\axp_cou.c:        ^
..\axp192-173\axp_cou.c(159): warning:  #12-D: parsing restarts here after previous syntax error
..\axp192-173\axp_cou.c:        charger->ocv_rest_cap = rt_rest_cap;
..\axp192-173\axp_cou.c:                                           ^
..\axp192-173\axp_cou.c(161): error:  #77-D: this declaration has no storage class or type specifier
..\axp192-173\axp_cou.c:        Cur_CoulombCounter = axp_get_coulomb(charger);
..\axp192-173\axp_cou.c:        ^
..\axp192-173\axp_cou.c(161): error:  #20: identifier "axp_get_coulomb" is undefined
..\axp192-173\axp_cou.c:        Cur_CoulombCounter = axp_get_coulomb(charger);
..\axp192-173\axp_cou.c:                             ^
..\axp192-173\axp_cou.c(161): error:  #59: function call is not allowed in a constant expression
..\axp192-173\axp_cou.c:        Cur_CoulombCounter = axp_get_coulomb(charger);
..\axp192-173\axp_cou.c:                             ^
..\axp192-173\axp_cou.c(161): error:  #20: identifier "charger" is undefined
..\axp192-173\axp_cou.c:        Cur_CoulombCounter = axp_get_coulomb(charger);
..\axp192-173\axp_cou.c:                                             ^
..\axp192-173\axp_cou.c(162): error:  #77-D: this declaration has no storage class or type specifier
..\axp192-173\axp_cou.c:        base_cap = axp_get_basecap(charger);
..\axp192-173\axp_cou.c:        ^
..\axp192-173\axp_cou.c(162): error:  #20: identifier "axp_get_basecap" is undefined
..\axp192-173\axp_cou.c:        base_cap = axp_get_basecap(charger);
..\axp192-173\axp_cou.c:                   ^
..\axp192-173\axp_cou.c(162): error:  #59: function call is not allowed in a constant expression
..\axp192-173\axp_cou.c:        base_cap = axp_get_basecap(charger);
..\axp192-173\axp_cou.c:                   ^
..\axp192-173\axp_cou.c(163): error:  #77-D: this declaration has no storage class or type specifier
..\axp192-173\axp_cou.c:        bat_cap = axp_get_batcap(charger);
..\axp192-173\axp_cou.c:        ^
..\axp192-173\axp_cou.c(163): error:  #20: identifier "axp_get_batcap" is undefined
..\axp192-173\axp_cou.c:        bat_cap = axp_get_batcap(charger);
..\axp192-173\axp_cou.c:                  ^
..\axp192-173\axp_cou.c(163): error:  #59: function call is not allowed in a constant expression
..\axp192-173\axp_cou.c:        bat_cap = axp_get_batcap(charger);
..\axp192-173\axp_cou.c:                  ^
..\axp192-173\axp_cou.c(165): error:  #169: expected a declaration
..\axp192-173\axp_cou.c:        if(flag_coulomb){
..\axp192-173\axp_cou.c:        ^
..\axp192-173\axp_cou.c(187): warning:  #12-D: parsing restarts here after previous syntax error
..\axp192-173\axp_cou.c:                                DBG_PSY_MSG("%s->%d: charger->rest_vol > 100\n",__FUNCTION__,__LINE__);
..\axp192-173\axp_cou.c:                                                                                                      ^
..\axp192-173\axp_cou.c(188): error:  #77-D: this declaration has no storage class or type specifier
..\axp192-173\axp_cou.c:                        charger->rest_cap = 100;
..\axp192-173\axp_cou.c:                        ^
..\axp192-173\axp_cou.c(188): error:  #65: expected a ";"
..\axp192-173\axp_cou.c:                        charger->rest_cap = 100;
..\axp192-173\axp_cou.c:                               ^
..\axp192-173\axp_cou.c(189): error:  #169: expected a declaration
..\axp192-173\axp_cou.c:                }
..\axp192-173\axp_cou.c:                ^
..\axp192-173\axp_cou.c(340): warning:  #12-D: parsing restarts here after previous syntax error
..\axp192-173\axp_cou.c:                charge_index ++;
..\axp192-173\axp_cou.c:                               ^
..\axp192-173\axp_cou.c(341): error:  #169: expected a declaration
..\axp192-173\axp_cou.c:        else 
..\axp192-173\axp_cou.c:        ^
..\axp192-173\axp_cou.c(344): error:  #169: expected a declaration
..\axp192-173\axp_cou.c:        if(charger->rest_cap - pre_rest_cap){
..\axp192-173\axp_cou.c:        ^
..\axp192-173\axp_cou.c(374): warning:  #12-D: parsing restarts here after previous syntax error
..\axp192-173\axp_cou.c:        axp_reads(charger->master,AXP_RDC_BUFFER0,2,v);
..\axp192-173\axp_cou.c:                                                      ^
..\axp192-173\axp_cou.c(383): error:  #79: expected a type specifier
..\axp192-173\axp_cou.c:        DBG_PSY_MSG("charger->is_on = %d\n",charger->is_on);
..\axp192-173\axp_cou.c:                    ^
..\axp192-173\axp_cou.c(383): error:  #757: variable "charger" is not a type name
..\axp192-173\axp_cou.c:        DBG_PSY_MSG("charger->is_on = %d\n",charger->is_on);
..\axp192-173\axp_cou.c:                                            ^
..\axp192-173\axp_cou.c(383): error:  #18: expected a ")"
..\axp192-173\axp_cou.c:        DBG_PSY_MSG("charger->is_on = %d\n",charger->is_on);
..\axp192-173\axp_cou.c:                                                   ^
..\axp192-173\axp_cou.c(383): warning:  #77-D: this declaration has no storage class or type specifier
..\axp192-173\axp_cou.c:        DBG_PSY_MSG("charger->is_on = %d\n",charger->is_on);
..\axp192-173\axp_cou.c:        ^
..\axp192-173\axp_cou.c(384): error:  #79: expected a type specifier
..\axp192-173\axp_cou.c:        DBG_PSY_MSG("charger->ext_valid = %d\n",charger->ext_valid);
..\axp192-173\axp_cou.c:                    ^
..\axp192-173\axp_cou.c(384): error:  #757: variable "charger" is not a type name
..\axp192-173\axp_cou.c:        DBG_PSY_MSG("charger->ext_valid = %d\n",charger->ext_valid);
..\axp192-173\axp_cou.c:                                                ^
..\axp192-173\axp_cou.c(384): error:  #18: expected a ")"
..\axp192-173\axp_cou.c:        DBG_PSY_MSG("charger->ext_valid = %d\n",charger->ext_valid);
..\axp192-173\axp_cou.c:                                                       ^
..\axp192-173\axp_cou.c(384): warning:  #77-D: this declaration has no storage class or type specifier
..\axp192-173\axp_cou.c:        DBG_PSY_MSG("charger->ext_valid = %d\n",charger->ext_valid);
..\axp192-173\axp_cou.c:        ^
..\axp192-173\axp_cou.c(385): error:  #79: expected a type specifier
..\axp192-173\axp_cou.c:        DBG_PSY_MSG("rdc_count = %d\n",rdc_count);
..\axp192-173\axp_cou.c:                    ^
..\axp192-173\axp_cou.c(385): error:  #20: identifier "rdc_count" is undefined
..\axp192-173\axp_cou.c:        DBG_PSY_MSG("rdc_count = %d\n",rdc_count);
..\axp192-173\axp_cou.c:                                       ^
..\axp192-173\axp_cou.c(385): warning:  #77-D: this declaration has no storage class or type specifier
..\axp192-173\axp_cou.c:        DBG_PSY_MSG("rdc_count = %d\n",rdc_count);
..\axp192-173\axp_cou.c:        ^
..\axp192-173\axp_cou.c(386): error:  #79: expected a type specifier
..\axp192-173\axp_cou.c:        DBG_PSY_MSG("state_count = %d\n",state_count);
..\axp192-173\axp_cou.c:                    ^
..\axp192-173\axp_cou.c(386): error:  #20: identifier "state_count" is undefined
..\axp192-173\axp_cou.c:        DBG_PSY_MSG("state_count = %d\n",state_count);
..\axp192-173\axp_cou.c:                                         ^
..\axp192-173\axp_cou.c(386): warning:  #77-D: this declaration has no storage class or type specifier
..\axp192-173\axp_cou.c:        DBG_PSY_MSG("state_count = %d\n",state_count);
..\axp192-173\axp_cou.c:        ^
..\axp192-173\axp_cou.c(387): error:  #79: expected a type specifier
..\axp192-173\axp_cou.c:        DBG_PSY_MSG("cap_count1 = %d,cap_count2 = %d,cap_count3 = %d,cap_count4 = %d\n",cap_count1,cap_count2,cap_count3,cap_count4);
..\axp192-173\axp_cou.c:                    ^
..\axp192-173\axp_cou.c(387): error:  #20: identifier "cap_count1" is undefined
..\axp192-173\axp_cou.c:        DBG_PSY_MSG("cap_count1 = %d,cap_count2 = %d,cap_count3 = %d,cap_count4 = %d\n",cap_count1,cap_count2,cap_count3,cap_count4);
..\axp192-173\axp_cou.c:                                                                                        ^
..\axp192-173\axp_cou.c: ..\axp192-173\axp_cou.c: 10 warnings, 30 errors
Target not created
compiling axp_cou.c...
..\axp192-173\axp_cou.c(9): warning:  #260-D: explicit type is missing ("int" assumed)
..\axp192-173\axp_cou.c:   static inline int axp_vdc_to_mV(uint16_t reg)
..\axp192-173\axp_cou.c:          ^
..\axp192-173\axp_cou.c(9): error:  #65: expected a ";"
..\axp192-173\axp_cou.c:   static inline int axp_vdc_to_mV(uint16_t reg)
..\axp192-173\axp_cou.c:                 ^
..\axp192-173\axp_cou.c(131): warning:  #12-D: parsing restarts here after previous syntax error
..\axp192-173\axp_cou.c:        axp_cal_rdc(charger);
..\axp192-173\axp_cou.c:                            ^
..\axp192-173\axp_cou.c(133): error:  #169: expected a declaration
..\axp192-173\axp_cou.c:        if(state_count){
..\axp192-173\axp_cou.c:        ^
..\axp192-173\axp_cou.c(159): warning:  #12-D: parsing restarts here after previous syntax error
..\axp192-173\axp_cou.c:        charger->ocv_rest_cap = rt_rest_cap;
..\axp192-173\axp_cou.c:                                           ^
..\axp192-173\axp_cou.c(161): error:  #77-D: this declaration has no storage class or type specifier
..\axp192-173\axp_cou.c:        Cur_CoulombCounter = axp_get_coulomb(charger);
..\axp192-173\axp_cou.c:        ^
..\axp192-173\axp_cou.c(161): error:  #20: identifier "axp_get_coulomb" is undefined
..\axp192-173\axp_cou.c:        Cur_CoulombCounter = axp_get_coulomb(charger);
..\axp192-173\axp_cou.c:                             ^
..\axp192-173\axp_cou.c(161): error:  #59: function call is not allowed in a constant expression
..\axp192-173\axp_cou.c:        Cur_CoulombCounter = axp_get_coulomb(charger);
..\axp192-173\axp_cou.c:                             ^
..\axp192-173\axp_cou.c(161): error:  #20: identifier "charger" is undefined
..\axp192-173\axp_cou.c:        Cur_CoulombCounter = axp_get_coulomb(charger);
..\axp192-173\axp_cou.c:                                             ^
..\axp192-173\axp_cou.c(162): error:  #77-D: this declaration has no storage class or type specifier
..\axp192-173\axp_cou.c:        base_cap = axp_get_basecap(charger);
..\axp192-173\axp_cou.c:        ^
..\axp192-173\axp_cou.c(162): error:  #20: identifier "axp_get_basecap" is undefined
..\axp192-173\axp_cou.c:        base_cap = axp_get_basecap(charger);
..\axp192-173\axp_cou.c:                   ^
..\axp192-173\axp_cou.c(162): error:  #59: function call is not allowed in a constant expression
..\axp192-173\axp_cou.c:        base_cap = axp_get_basecap(charger);
..\axp192-173\axp_cou.c:                   ^
..\axp192-173\axp_cou.c(163): error:  #77-D: this declaration has no storage class or type specifier
..\axp192-173\axp_cou.c:        bat_cap = axp_get_batcap(charger);
..\axp192-173\axp_cou.c:        ^
..\axp192-173\axp_cou.c(163): error:  #20: identifier "axp_get_batcap" is undefined
..\axp192-173\axp_cou.c:        bat_cap = axp_get_batcap(charger);
..\axp192-173\axp_cou.c:                  ^
..\axp192-173\axp_cou.c(163): error:  #59: function call is not allowed in a constant expression
..\axp192-173\axp_cou.c:        bat_cap = axp_get_batcap(charger);
..\axp192-173\axp_cou.c:                  ^
..\axp192-173\axp_cou.c(165): error:  #169: expected a declaration
..\axp192-173\axp_cou.c:        if(flag_coulomb){
..\axp192-173\axp_cou.c:        ^
..\axp192-173\axp_cou.c(187): warning:  #12-D: parsing restarts here after previous syntax error
..\axp192-173\axp_cou.c:                                DBG_PSY_MSG("%s->%d: charger->rest_vol > 100\n",__FUNCTION__,__LINE__);
..\axp192-173\axp_cou.c:                                                                                                      ^
..\axp192-173\axp_cou.c(188): error:  #77-D: this declaration has no storage class or type specifier
..\axp192-173\axp_cou.c:                        charger->rest_cap = 100;
..\axp192-173\axp_cou.c:                        ^
..\axp192-173\axp_cou.c(188): error:  #65: expected a ";"
..\axp192-173\axp_cou.c:                        charger->rest_cap = 100;
..\axp192-173\axp_cou.c:                               ^
..\axp192-173\axp_cou.c(189): error:  #169: expected a declaration
..\axp192-173\axp_cou.c:                }
..\axp192-173\axp_cou.c:                ^
..\axp192-173\axp_cou.c(340): warning:  #12-D: parsing restarts here after previous syntax error
..\axp192-173\axp_cou.c:                charge_index ++;
..\axp192-173\axp_cou.c:                               ^
..\axp192-173\axp_cou.c(341): error:  #169: expected a declaration
..\axp192-173\axp_cou.c:        else 
..\axp192-173\axp_cou.c:        ^
..\axp192-173\axp_cou.c(344): error:  #169: expected a declaration
..\axp192-173\axp_cou.c:        if(charger->rest_cap - pre_rest_cap){
..\axp192-173\axp_cou.c:        ^
..\axp192-173\axp_cou.c(374): warning:  #12-D: parsing restarts here after previous syntax error
..\axp192-173\axp_cou.c:        axp_reads(charger->master,AXP_RDC_BUFFER0,2,v);
..\axp192-173\axp_cou.c:                                                      ^
..\axp192-173\axp_cou.c(383): error:  #79: expected a type specifier
..\axp192-173\axp_cou.c:        DBG_PSY_MSG("charger->is_on = %d\n",charger->is_on);
..\axp192-173\axp_cou.c:                    ^
..\axp192-173\axp_cou.c(383): error:  #757: variable "charger" is not a type name
..\axp192-173\axp_cou.c:        DBG_PSY_MSG("charger->is_on = %d\n",charger->is_on);
..\axp192-173\axp_cou.c:                                            ^
..\axp192-173\axp_cou.c(383): error:  #18: expected a ")"
..\axp192-173\axp_cou.c:        DBG_PSY_MSG("charger->is_on = %d\n",charger->is_on);
..\axp192-173\axp_cou.c:                                                   ^
..\axp192-173\axp_cou.c(383): warning:  #77-D: this declaration has no storage class or type specifier
..\axp192-173\axp_cou.c:        DBG_PSY_MSG("charger->is_on = %d\n",charger->is_on);
..\axp192-173\axp_cou.c:        ^
..\axp192-173\axp_cou.c(384): error:  #79: expected a type specifier
..\axp192-173\axp_cou.c:        DBG_PSY_MSG("charger->ext_valid = %d\n",charger->ext_valid);
..\axp192-173\axp_cou.c:                    ^
..\axp192-173\axp_cou.c(384): error:  #757: variable "charger" is not a type name
..\axp192-173\axp_cou.c:        DBG_PSY_MSG("charger->ext_valid = %d\n",charger->ext_valid);
..\axp192-173\axp_cou.c:                                                ^
..\axp192-173\axp_cou.c(384): error:  #18: expected a ")"
..\axp192-173\axp_cou.c:        DBG_PSY_MSG("charger->ext_valid = %d\n",charger->ext_valid);
..\axp192-173\axp_cou.c:                                                       ^
..\axp192-173\axp_cou.c(384): warning:  #77-D: this declaration has no storage class or type specifier
..\axp192-173\axp_cou.c:        DBG_PSY_MSG("charger->ext_valid = %d\n",charger->ext_valid);
..\axp192-173\axp_cou.c:        ^
..\axp192-173\axp_cou.c(385): error:  #79: expected a type specifier
..\axp192-173\axp_cou.c:        DBG_PSY_MSG("rdc_count = %d\n",rdc_count);
..\axp192-173\axp_cou.c:                    ^
..\axp192-173\axp_cou.c(385): error:  #20: identifier "rdc_count" is undefined
..\axp192-173\axp_cou.c:        DBG_PSY_MSG("rdc_count = %d\n",rdc_count);
..\axp192-173\axp_cou.c:                                       ^
..\axp192-173\axp_cou.c(385): warning:  #77-D: this declaration has no storage class or type specifier
..\axp192-173\axp_cou.c:        DBG_PSY_MSG("rdc_count = %d\n",rdc_count);
..\axp192-173\axp_cou.c:        ^
..\axp192-173\axp_cou.c(386): error:  #79: expected a type specifier
..\axp192-173\axp_cou.c:        DBG_PSY_MSG("state_count = %d\n",state_count);
..\axp192-173\axp_cou.c:                    ^
..\axp192-173\axp_cou.c(386): error:  #20: identifier "state_count" is undefined
..\axp192-173\axp_cou.c:        DBG_PSY_MSG("state_count = %d\n",state_count);
..\axp192-173\axp_cou.c:                                         ^
..\axp192-173\axp_cou.c(386): warning:  #77-D: this declaration has no storage class or type specifier
..\axp192-173\axp_cou.c:        DBG_PSY_MSG("state_count = %d\n",state_count);
..\axp192-173\axp_cou.c:        ^
..\axp192-173\axp_cou.c(387): error:  #79: expected a type specifier
..\axp192-173\axp_cou.c:        DBG_PSY_MSG("cap_count1 = %d,cap_count2 = %d,cap_count3 = %d,cap_count4 = %d\n",cap_count1,cap_count2,cap_count3,cap_count4);
..\axp192-173\axp_cou.c:                    ^
..\axp192-173\axp_cou.c(387): error:  #20: identifier "cap_count1" is undefined
..\axp192-173\axp_cou.c:        DBG_PSY_MSG("cap_count1 = %d,cap_count2 = %d,cap_count3 = %d,cap_count4 = %d\n",cap_count1,cap_count2,cap_count3,cap_count4);
..\axp192-173\axp_cou.c:                                                                                        ^
..\axp192-173\axp_cou.c: ..\axp192-173\axp_cou.c: 10 warnings, 30 errors
..\axp192-173\axp_cou.c - 30 Error(s), 10 Warning(s).
compiling axp_cou.c...
..\axp192-173\axp_cou.c(33): error:  #20: identifier "uint8_t" is undefined
..\axp192-173\axp_cou.c:        uint8_t tmp[8];
..\axp192-173\axp_cou.c:        ^
..\axp192-173\axp_cou.c(34): warning:  #223-D: function "axp_reads" declared implicitly
..\axp192-173\axp_cou.c:        axp_reads(AXP_VACH_RES,8,tmp);
..\axp192-173\axp_cou.c:        ^
..\axp192-173\axp_cou.c(34): error:  #20: identifier "AXP_VACH_RES" is undefined
..\axp192-173\axp_cou.c:        axp_reads(AXP_VACH_RES,8,tmp);
..\axp192-173\axp_cou.c:                  ^
..\axp192-173\axp_cou.c(41): error:  #20: identifier "AXP_VBATH_RES" is undefined
..\axp192-173\axp_cou.c:        axp_reads(AXP_VBATH_RES,6,tmp);
..\axp192-173\axp_cou.c:                  ^
..\axp192-173\axp_cou.c(52): error:  #20: identifier "uint8_t" is undefined
..\axp192-173\axp_cou.c:        uint8_t val[2];
..\axp192-173\axp_cou.c:        ^
..\axp192-173\axp_cou.c(55): warning:  #223-D: function "axp_reads" declared implicitly
..\axp192-173\axp_cou.c:        axp_reads(AXP_CHARGE_STATUS,2,val);
..\axp192-173\axp_cou.c:        ^
..\axp192-173\axp_cou.c(55): error:  #20: identifier "AXP_CHARGE_STATUS" is undefined
..\axp192-173\axp_cou.c:        axp_reads(AXP_CHARGE_STATUS,2,val);
..\axp192-173\axp_cou.c:                  ^
..\axp192-173\axp_cou.c(70): warning:  #223-D: function "axp_read" declared implicitly
..\axp192-173\axp_cou.c:        axp_read(AXP_CHARGE_CONTROL1,val);
..\axp192-173\axp_cou.c:        ^
..\axp192-173\axp_cou.c(70): error:  #20: identifier "AXP_CHARGE_CONTROL1" is undefined
..\axp192-173\axp_cou.c:        axp_read(AXP_CHARGE_CONTROL1,val);
..\axp192-173\axp_cou.c:                 ^
..\axp192-173\axp_cou.c(82): warning:  #223-D: function "ABS" declared implicitly
..\axp192-173\axp_cou.c:        charger->ibat = ABS(axp_ibat_to_mA(charger->adc.ichar_res)-axp_ibat_to_mA(charger->adc.idischar_res));
..\axp192-173\axp_cou.c:                        ^
..\axp192-173\axp_cou.c(111): error:  #20: identifier "uint8_t" is undefined
..\axp192-173\axp_cou.c:        uint8_t val,v[2];
..\axp192-173\axp_cou.c:        ^
..\axp192-173\axp_cou.c(131): warning:  #223-D: function "axp_cal_rdc" declared implicitly
..\axp192-173\axp_cou.c:        axp_cal_rdc(charger);
..\axp192-173\axp_cou.c:        ^
..\axp192-173\axp_cou.c(133): error:  #20: identifier "state_count" is undefined
..\axp192-173\axp_cou.c:        if(state_count){
..\axp192-173\axp_cou.c:           ^
..\axp192-173\axp_cou.c(137): error:  #20: identifier "TIMER2" is undefined
..\axp192-173\axp_cou.c:                if(state_count >= TIMER2){
..\axp192-173\axp_cou.c:                                  ^
..\axp192-173\axp_cou.c(148): warning:  #223-D: function "ABS" declared implicitly
..\axp192-173\axp_cou.c:                if(ABS(rt_rest_cap - charger->ocv_rest_cap) > 5){
..\axp192-173\axp_cou.c:                   ^
..\axp192-173\axp_cou.c(149): warning:  #223-D: function "printk" declared implicitly
..\axp192-173\axp_cou.c:                        printk("correct rdc\n");
..\axp192-173\axp_cou.c:                        ^
..\axp192-173\axp_cou.c(161): warning:  #223-D: function "axp_get_coulomb" declared implicitly
..\axp192-173\axp_cou.c:        Cur_CoulombCounter = axp_get_coulomb(charger);
..\axp192-173\axp_cou.c:                             ^
..\axp192-173\axp_cou.c(162): warning:  #223-D: function "axp_get_basecap" declared implicitly
..\axp192-173\axp_cou.c:        base_cap = axp_get_basecap(charger);
..\axp192-173\axp_cou.c:                   ^
..\axp192-173\axp_cou.c(163): warning:  #223-D: function "axp_get_batcap" declared implicitly
..\axp192-173\axp_cou.c:        bat_cap = axp_get_batcap(charger);
..\axp192-173\axp_cou.c:                  ^
..\axp192-173\axp_cou.c(168): error:  #20: identifier "BATCAPCORRATE" is undefined
..\axp192-173\axp_cou.c:                if((rt_rest_cap < (BATCAPCORRATE+1)) && (flag_rdc) && (!flag_batcap)){                  
..\axp192-173\axp_cou.c:                                   ^
..\axp192-173\axp_cou.c(170): warning:  #223-D: function "axp_set_basecap" declared implicitly
..\axp192-173\axp_cou.c:                        axp_set_basecap(charger,rt_rest_cap);
..\axp192-173\axp_cou.c:                        ^
..\axp192-173\axp_cou.c(181): warning:  #223-D: function "printk" declared implicitly
..\axp192-173\axp_cou.c:                        printk("\n ============Capacity Calibration Start============ \n");
..\axp192-173\axp_cou.c:                        ^
..\axp192-173\axp_cou.c(186): error:  #20: identifier "axp_debug" is undefined
..\axp192-173\axp_cou.c:                        if(axp_debug)
..\axp192-173\axp_cou.c:                           ^
..\axp192-173\axp_cou.c(187): warning:  #223-D: function "DBG_PSY_MSG" declared implicitly
..\axp192-173\axp_cou.c:                                DBG_PSY_MSG("%s->%d: charger->rest_vol > 100\n",__FUNCTION__,__LINE__);
..\axp192-173\axp_cou.c:                                ^
..\axp192-173\axp_cou.c(191): error:  #20: identifier "axp_debug" is undefined
..\axp192-173\axp_cou.c:                        if(axp_debug)
..\axp192-173\axp_cou.c:                           ^
..\axp192-173\axp_cou.c(192): warning:  #223-D: function "DBG_PSY_MSG" declared implicitly
..\axp192-173\axp_cou.c:                                DBG_PSY_MSG("%s->%d: charger->rest_vol < 0\n",__FUNCTION__,__LINE__);
..\axp192-173\axp_cou.c:                                ^
..\axp192-173\axp_cou.c(197): error:  #20: identifier "axp_debug" is undefined
..\axp192-173\axp_cou.c:                        if(axp_debug)
..\axp192-173\axp_cou.c:                           ^
..\axp192-173\axp_cou.c(198): warning:  #223-D: function "DBG_PSY_MSG" declared implicitly
..\axp192-173\axp_cou.c:                                DBG_PSY_MSG("%s->%d:(rt_rest_cap > 98) && (charger->rest_cap < 99)\n",__FUNCTION__,__LINE__);
..\axp192-173\axp_cou.c:                                ^
..\axp192-173\axp_cou.c(199): error:  #20: identifier "cap_count1" is undefined
..\axp192-173\axp_cou.c:                        if(cap_count1 >= TIMER5) {
..\axp192-173\axp_cou.c:                           ^
..\axp192-173\axp_cou.c(199): error:  #20: identifier "TIMER5" is undefined
..\axp192-173\axp_cou.c:                        if(cap_count1 >= TIMER5) {
..\axp192-173\axp_cou.c:                                         ^
..\axp192-173\axp_cou.c(202): warning:  #223-D: function "axp_set_basecap" declared implicitly
..\axp192-173\axp_cou.c:                                axp_set_basecap(charger,base_cap);
..\axp192-173\axp_cou.c:                                ^
..\axp192-173\axp_cou.c(208): error:  #20: identifier "cap_count1" is undefined
..\axp192-173\axp_cou.c:                        cap_count1 = 0;
..\axp192-173\axp_cou.c:                        ^
..\axp192-173\axp_cou.c(212): error:  #20: identifier "axp_debug" is undefined
..\axp192-173\axp_cou.c:                        if(axp_debug)
..\axp192-173\axp_cou.c:                           ^
..\axp192-173\axp_cou.c(213): warning:  #223-D: function "DBG_PSY_MSG" declared implicitly
..\axp192-173\axp_cou.c:                                DBG_PSY_MSG("%s->%d:(charger->ocv >= 4100) && (charger->rest_vol < 100) && (charger->bat_current_direction == 0) && (charger->ext_valid)\n",__FUNCTION__,__LINE__);
..\axp192-173\axp_cou.c:                                ^
..\axp192-173\axp_cou.c(214): error:  #20: identifier "cap_count2" is undefined
..\axp192-173\axp_cou.c:                        if(cap_count2 >= TIMER5) {
..\axp192-173\axp_cou.c:                           ^
..\axp192-173\axp_cou.c(214): error:  #20: identifier "TIMER5" is undefined
..\axp192-173\axp_cou.c:                        if(cap_count2 >= TIMER5) {
..\axp192-173\axp_cou.c:                                         ^
..\axp192-173\axp_cou.c(217): warning:  #223-D: function "axp_set_basecap" declared implicitly
..\axp192-173\axp_cou.c:                                axp_set_basecap(charger,base_cap);
..\axp192-173\axp_cou.c:                                ^
..\axp192-173\axp_cou.c(223): error:  #20: identifier "cap_count2" is undefined
..\axp192-173\axp_cou.c:                        cap_count2 = 0;
..\axp192-173\axp_cou.c:                        ^
..\axp192-173\axp_cou.c(228): error:  #20: identifier "axp_debug" is undefined
..\axp192-173\axp_cou.c:                        if(axp_debug)
..\axp192-173\axp_cou.c:                           ^
..\axp192-173\axp_cou.c(229): warning:  #223-D: function "DBG_PSY_MSG" declared implicitly
..\axp192-173\axp_cou.c:                                DBG_PSY_MSG("%s->%d(rt_rest_cap > %d) && (charger->rest_cap < %d) && charger->bat_current_direction == 0\n",__FUNCTION__,__LINE__,BATCAPCORRATE-1,BATCAPCORRATE);
..\axp192-173\axp_cou.c:                                ^
..\axp192-173\axp_cou.c(232): warning:  #223-D: function "axp_set_basecap" declared implicitly
..\axp192-173\axp_cou.c:                                axp_set_basecap(charger,base_cap);
..\axp192-173\axp_cou.c:                                ^
..\axp192-173\axp_cou.c(239): error:  #20: identifier "axp_debug" is undefined
..\axp192-173\axp_cou.c:                        if(axp_debug)
..\axp192-173\axp_cou.c:                           ^
..\axp192-173\axp_cou.c(240): warning:  #223-D: function "DBG_PSY_MSG" declared implicitly
..\axp192-173\axp_cou.c:                                DBG_PSY_MSG("%s->%d(rt_rest_cap < %d) && (charger->rest_cap > %d) && (charger->bat_current_direction == 0)\n",__FUNCTION__,__LINE__,BATCAPCORRATE,BATCAPCORRATE-1);
..\axp192-173\axp_cou.c:                                ^
..\axp192-173\axp_cou.c(241): error:  #20: identifier "cap_count3" is undefined
..\axp192-173\axp_cou.c:                        if(cap_count3 >= TIMER5){
..\axp192-173\axp_cou.c:                           ^
..\axp192-173\axp_cou.c(241): error:  #20: identifier "TIMER5" is undefined
..\axp192-173\axp_cou.c:                        if(cap_count3 >= TIMER5){
..\axp192-173\axp_cou.c:                                         ^
..\axp192-173\axp_cou.c(244): warning:  #223-D: function "axp_set_basecap" declared implicitly
..\axp192-173\axp_cou.c:                                axp_set_basecap(charger,base_cap);
..\axp192-173\axp_cou.c:                                ^
..\axp192-173\axp_cou.c(250): error:  #20: identifier "cap_count3" is undefined
..\axp192-173\axp_cou.c:                        cap_count3 = 0;
..\axp192-173\axp_cou.c:                        ^
..\axp192-173\axp_cou.c(254): error:  #20: identifier "SHUTDOWNRATE" is undefined
..\axp192-173\axp_cou.c:                if((rt_rest_cap > (SHUTDOWNRATE+1)) && (charger->rest_cap < (SHUTDOWNRATE+2)) && charger->bat_current_direction == 0){
..\axp192-173\axp_cou.c:                                   ^
..\axp192-173\axp_cou.c(255): error:  #20: identifier "axp_debug" is undefined
..\axp192-173\axp_cou.c:                        if(axp_debug)
..\axp192-173\axp_cou.c:                           ^
..\axp192-173\axp_cou.c(256): warning:  #223-D: function "DBG_PSY_MSG" declared implicitly
..\axp192-173\axp_cou.c:                                DBG_PSY_MSG("%s->%d(rt_rest_cap > %d) && (charger->rest_cap < %d) && charger->bat_current_direction == 0\n",__FUNCTION__,__LINE__,(SHUTDOWNRATE+1),(SHUTDOWNRATE+2));
..\axp192-173\axp_cou.c:                                ^
..\axp192-173\axp_cou.c(259): warning:  #223-D: function "axp_set_basecap" declared implicitly
..\axp192-173\axp_cou.c:                                axp_set_basecap(charger,base_cap);
..\axp192-173\axp_cou.c:                                ^
..\axp192-173\axp_cou.c(266): error:  #20: identifier "axp_debug" is undefined
..\axp192-173\axp_cou.c:                        if(axp_debug)
..\axp192-173\axp_cou.c:                           ^
..\axp192-173\axp_cou.c(267): warning:  #223-D: function "DBG_PSY_MSG" declared implicitly
..\axp192-173\axp_cou.c:                                DBG_PSY_MSG("%s->%d(rt_rest_cap < %d) && (charger->rest_cap > %d) && (charger->bat_current_direction == 0)\n",__FUNCTION__,__LINE__,(SHUTDOWNRATE+2),(SHUTDOWNRATE+1));
..\axp192-173\axp_cou.c:                                ^
..\axp192-173\axp_cou.c(268): error:  #20: identifier "cap_count4" is undefined
..\axp192-173\axp_cou.c:                        if(cap_count4 >= TIMER5){
..\axp192-173\axp_cou.c:                           ^
..\axp192-173\axp_cou.c(268): error:  #20: identifier "TIMER5" is undefined
..\axp192-173\axp_cou.c:                        if(cap_count4 >= TIMER5){
..\axp192-173\axp_cou.c:                                         ^
..\axp192-173\axp_cou.c: ..\axp192-173\axp_cou.c: 25 warnings, 30 errors
..\axp192-173\axp_cou.c - 30 Error(s), 25 Warning(s).
compiling axp_cou.c...
C:\Keil\ARM\RV31\INC\stdint.h(44): error:  #240: duplicate specifier in declaration
C:\Keil\ARM\RV31\INC\stdint.h:   typedef unsigned short     int uint16_t;
C:\Keil\ARM\RV31\INC\stdint.h:                                  ^
C:\Keil\ARM\RV31\INC\stdint.h(44): error:  #240: duplicate specifier in declaration
C:\Keil\ARM\RV31\INC\stdint.h:   typedef unsigned short     int uint16_t;
C:\Keil\ARM\RV31\INC\stdint.h:                                  ^
..\axp192-173\axp_cou.c(35): error:  #20: identifier "AXP_VACH_RES" is undefined
..\axp192-173\axp_cou.c:        axp_reads(AXP_VACH_RES,8,tmp);
..\axp192-173\axp_cou.c:                  ^
..\axp192-173\axp_cou.c(42): error:  #20: identifier "AXP_VBATH_RES" is undefined
..\axp192-173\axp_cou.c:        axp_reads(AXP_VBATH_RES,6,tmp);
..\axp192-173\axp_cou.c:                  ^
..\axp192-173\axp_cou.c(56): error:  #20: identifier "AXP_CHARGE_STATUS" is undefined
..\axp192-173\axp_cou.c:        axp_reads(AXP_CHARGE_STATUS,2,val);
..\axp192-173\axp_cou.c:                  ^
..\axp192-173\axp_cou.c(71): error:  #20: identifier "AXP_CHARGE_CONTROL1" is undefined
..\axp192-173\axp_cou.c:        axp_read(AXP_CHARGE_CONTROL1,val);
..\axp192-173\axp_cou.c:                 ^
..\axp192-173\axp_cou.c(132): warning:  #223-D: function "axp_cal_rdc" declared implicitly
..\axp192-173\axp_cou.c:        axp_cal_rdc(charger);
..\axp192-173\axp_cou.c:        ^
..\axp192-173\axp_cou.c(134): error:  #20: identifier "state_count" is undefined
..\axp192-173\axp_cou.c:        if(state_count){
..\axp192-173\axp_cou.c:           ^
..\axp192-173\axp_cou.c(150): warning:  #223-D: function "printk" declared implicitly
..\axp192-173\axp_cou.c:                        printk("correct rdc\n");
..\axp192-173\axp_cou.c:                        ^
..\axp192-173\axp_cou.c(162): warning:  #223-D: function "axp_get_coulomb" declared implicitly
..\axp192-173\axp_cou.c:        Cur_CoulombCounter = axp_get_coulomb(charger);
..\axp192-173\axp_cou.c:                             ^
..\axp192-173\axp_cou.c(163): warning:  #223-D: function "axp_get_basecap" declared implicitly
..\axp192-173\axp_cou.c:        base_cap = axp_get_basecap(charger);
..\axp192-173\axp_cou.c:                   ^
..\axp192-173\axp_cou.c(164): warning:  #223-D: function "axp_get_batcap" declared implicitly
..\axp192-173\axp_cou.c:        bat_cap = axp_get_batcap(charger);
..\axp192-173\axp_cou.c:                  ^
..\axp192-173\axp_cou.c(171): warning:  #223-D: function "axp_set_basecap" declared implicitly
..\axp192-173\axp_cou.c:                        axp_set_basecap(charger,rt_rest_cap);
..\axp192-173\axp_cou.c:                        ^
..\axp192-173\axp_cou.c(182): warning:  #223-D: function "printk" declared implicitly
..\axp192-173\axp_cou.c:                        printk("\n ============Capacity Calibration Start============ \n");
..\axp192-173\axp_cou.c:                        ^
..\axp192-173\axp_cou.c(187): error:  #20: identifier "axp_debug" is undefined
..\axp192-173\axp_cou.c:                        if(axp_debug)
..\axp192-173\axp_cou.c:                           ^
..\axp192-173\axp_cou.c(188): warning:  #223-D: function "DBG_PSY_MSG" declared implicitly
..\axp192-173\axp_cou.c:                                DBG_PSY_MSG("%s->%d: charger->rest_vol > 100\n",__FUNCTION__,__LINE__);
..\axp192-173\axp_cou.c:                                ^
..\axp192-173\axp_cou.c(192): error:  #20: identifier "axp_debug" is undefined
..\axp192-173\axp_cou.c:                        if(axp_debug)
..\axp192-173\axp_cou.c:                           ^
..\axp192-173\axp_cou.c(193): warning:  #223-D: function "DBG_PSY_MSG" declared implicitly
..\axp192-173\axp_cou.c:                                DBG_PSY_MSG("%s->%d: charger->rest_vol < 0\n",__FUNCTION__,__LINE__);
..\axp192-173\axp_cou.c:                                ^
..\axp192-173\axp_cou.c(198): error:  #20: identifier "axp_debug" is undefined
..\axp192-173\axp_cou.c:                        if(axp_debug)
..\axp192-173\axp_cou.c:                           ^
..\axp192-173\axp_cou.c(199): warning:  #223-D: function "DBG_PSY_MSG" declared implicitly
..\axp192-173\axp_cou.c:                                DBG_PSY_MSG("%s->%d:(rt_rest_cap > 98) && (charger->rest_cap < 99)\n",__FUNCTION__,__LINE__);
..\axp192-173\axp_cou.c:                                ^
..\axp192-173\axp_cou.c(200): error:  #20: identifier "cap_count1" is undefined
..\axp192-173\axp_cou.c:                        if(cap_count1 >= TIMER5) {
..\axp192-173\axp_cou.c:                           ^
..\axp192-173\axp_cou.c(203): warning:  #223-D: function "axp_set_basecap" declared implicitly
..\axp192-173\axp_cou.c:                                axp_set_basecap(charger,base_cap);
..\axp192-173\axp_cou.c:                                ^
..\axp192-173\axp_cou.c(209): error:  #20: identifier "cap_count1" is undefined
..\axp192-173\axp_cou.c:                        cap_count1 = 0;
..\axp192-173\axp_cou.c:                        ^
..\axp192-173\axp_cou.c(213): error:  #20: identifier "axp_debug" is undefined
..\axp192-173\axp_cou.c:                        if(axp_debug)
..\axp192-173\axp_cou.c:                           ^
..\axp192-173\axp_cou.c(214): warning:  #223-D: function "DBG_PSY_MSG" declared implicitly
..\axp192-173\axp_cou.c:                                DBG_PSY_MSG("%s->%d:(charger->ocv >= 4100) && (charger->rest_vol < 100) && (charger->bat_current_direction == 0) && (charger->ext_valid)\n",__FUNCTION__,__LINE__);
..\axp192-173\axp_cou.c:                                ^
..\axp192-173\axp_cou.c(215): error:  #20: identifier "cap_count2" is undefined
..\axp192-173\axp_cou.c:                        if(cap_count2 >= TIMER5) {
..\axp192-173\axp_cou.c:                           ^
..\axp192-173\axp_cou.c(218): warning:  #223-D: function "axp_set_basecap" declared implicitly
..\axp192-173\axp_cou.c:                                axp_set_basecap(charger,base_cap);
..\axp192-173\axp_cou.c:                                ^
..\axp192-173\axp_cou.c(224): error:  #20: identifier "cap_count2" is undefined
..\axp192-173\axp_cou.c:                        cap_count2 = 0;
..\axp192-173\axp_cou.c:                        ^
..\axp192-173\axp_cou.c(229): error:  #20: identifier "axp_debug" is undefined
..\axp192-173\axp_cou.c:                        if(axp_debug)
..\axp192-173\axp_cou.c:                           ^
..\axp192-173\axp_cou.c(230): warning:  #223-D: function "DBG_PSY_MSG" declared implicitly
..\axp192-173\axp_cou.c:                                DBG_PSY_MSG("%s->%d(rt_rest_cap > %d) && (charger->rest_cap < %d) && charger->bat_current_direction == 0\n",__FUNCTION__,__LINE__,BATCAPCORRATE-1,BATCAPCORRATE);
..\axp192-173\axp_cou.c:                                ^
..\axp192-173\axp_cou.c(233): warning:  #223-D: function "axp_set_basecap" declared implicitly
..\axp192-173\axp_cou.c:                                axp_set_basecap(charger,base_cap);
..\axp192-173\axp_cou.c:                                ^
..\axp192-173\axp_cou.c(240): error:  #20: identifier "axp_debug" is undefined
..\axp192-173\axp_cou.c:                        if(axp_debug)
..\axp192-173\axp_cou.c:                           ^
..\axp192-173\axp_cou.c(241): warning:  #223-D: function "DBG_PSY_MSG" declared implicitly
..\axp192-173\axp_cou.c:                                DBG_PSY_MSG("%s->%d(rt_rest_cap < %d) && (charger->rest_cap > %d) && (charger->bat_current_direction == 0)\n",__FUNCTION__,__LINE__,BATCAPCORRATE,BATCAPCORRATE-1);
..\axp192-173\axp_cou.c:                                ^
..\axp192-173\axp_cou.c(242): error:  #20: identifier "cap_count3" is undefined
..\axp192-173\axp_cou.c:                        if(cap_count3 >= TIMER5){
..\axp192-173\axp_cou.c:                           ^
..\axp192-173\axp_cou.c(245): warning:  #223-D: function "axp_set_basecap" declared implicitly
..\axp192-173\axp_cou.c:                                axp_set_basecap(charger,base_cap);
..\axp192-173\axp_cou.c:                                ^
..\axp192-173\axp_cou.c(251): error:  #20: identifier "cap_count3" is undefined
..\axp192-173\axp_cou.c:                        cap_count3 = 0;
..\axp192-173\axp_cou.c:                        ^
..\axp192-173\axp_cou.c(256): error:  #20: identifier "axp_debug" is undefined
..\axp192-173\axp_cou.c:                        if(axp_debug)
..\axp192-173\axp_cou.c:                           ^
..\axp192-173\axp_cou.c(257): warning:  #223-D: function "DBG_PSY_MSG" declared implicitly
..\axp192-173\axp_cou.c:                                DBG_PSY_MSG("%s->%d(rt_rest_cap > %d) && (charger->rest_cap < %d) && charger->bat_current_direction == 0\n",__FUNCTION__,__LINE__,(SHUTDOWNRATE+1),(SHUTDOWNRATE+2));
..\axp192-173\axp_cou.c:                                ^
..\axp192-173\axp_cou.c(260): warning:  #223-D: function "axp_set_basecap" declared implicitly
..\axp192-173\axp_cou.c:                                axp_set_basecap(charger,base_cap);
..\axp192-173\axp_cou.c:                                ^
..\axp192-173\axp_cou.c(267): error:  #20: identifier "axp_debug" is undefined
..\axp192-173\axp_cou.c:                        if(axp_debug)
..\axp192-173\axp_cou.c:                           ^
..\axp192-173\axp_cou.c(268): warning:  #223-D: function "DBG_PSY_MSG" declared implicitly
..\axp192-173\axp_cou.c:                                DBG_PSY_MSG("%s->%d(rt_rest_cap < %d) && (charger->rest_cap > %d) && (charger->bat_current_direction == 0)\n",__FUNCTION__,__LINE__,(SHUTDOWNRATE+2),(SHUTDOWNRATE+1));
..\axp192-173\axp_cou.c:                                ^
..\axp192-173\axp_cou.c(269): error:  #20: identifier "cap_count4" is undefined
..\axp192-173\axp_cou.c:                        if(cap_count4 >= TIMER5){
..\axp192-173\axp_cou.c:                           ^
..\axp192-173\axp_cou.c(272): warning:  #223-D: function "axp_set_basecap" declared implicitly
..\axp192-173\axp_cou.c:                                axp_set_basecap(charger,base_cap);
..\axp192-173\axp_cou.c:                                ^
..\axp192-173\axp_cou.c(278): error:  #20: identifier "cap_count4" is undefined
..\axp192-173\axp_cou.c:                        cap_count4 = 0;
..\axp192-173\axp_cou.c:                        ^
..\axp192-173\axp_cou.c(283): error:  #20: identifier "axp_debug" is undefined
..\axp192-173\axp_cou.c:                        if(axp_debug)
..\axp192-173\axp_cou.c:                           ^
..\axp192-173\axp_cou.c(284): warning:  #223-D: function "DBG_PSY_MSG" declared implicitly
..\axp192-173\axp_cou.c:                                DBG_PSY_MSG("%s->%d:[Before fix] charger->rest_vol = %d\n",__FUNCTION__,__LINE__, charger->rest_cap);
..\axp192-173\axp_cou.c:                                ^
..\axp192-173\axp_cou.c(287): warning:  #223-D: function "axp_set_basecap" declared implicitly
..\axp192-173\axp_cou.c:                        axp_set_basecap(charger,base_cap);
..\axp192-173\axp_cou.c:                        ^
..\axp192-173\axp_cou.c(304): warning:  #223-D: function "printk" declared implicitly
..\axp192-173\axp_cou.c:                        printk("\n ===========Capacity calibration finished============ \n");
..\axp192-173\axp_cou.c:                        ^
..\axp192-173\axp_cou.c(307): warning:  #223-D: function "axp_set_basecap" declared implicitly
..\axp192-173\axp_cou.c:                        axp_set_basecap(charger,base_cap);
..\axp192-173\axp_cou.c:                        ^
..\axp192-173\axp_cou.c(311): error:  #20: identifier "axp_debug" is undefined
..\axp192-173\axp_cou.c:                if(axp_debug)
..\axp192-173\axp_cou.c:                   ^
..\axp192-173\axp_cou.c(312): warning:  #223-D: function "DBG_PSY_MSG" declared implicitly
..\axp192-173\axp_cou.c:                        DBG_PSY_MSG(" first init charger->rest_cap = %d\n",charger->rest_cap);   
..\axp192-173\axp_cou.c:                        ^
..\axp192-173\axp_cou.c(320): warning:  #223-D: function "axp_set_basecap" declared implicitly
..\axp192-173\axp_cou.c:                axp_set_basecap(charger,charger->rest_cap);
..\axp192-173\axp_cou.c:                ^
..\axp192-173\axp_cou.c(321): warning:  #223-D: function "axp_clr_coulomb" declared implicitly
..\axp192-173\axp_cou.c:                axp_clr_coulomb(charger);
..\axp192-173\axp_cou.c:                ^
..\axp192-173\axp_cou.c(335): error:  #20: identifier "charge_index" is undefined
..\axp192-173\axp_cou.c:        if(charge_index >= TIMER4){
..\axp192-173\axp_cou.c:           ^
..\axp192-173\axp_cou.c(346): warning:  #223-D: function "printk" declared implicitly
..\axp192-173\axp_cou.c:                printk("battery vol change: %d->%d \n", pre_rest_cap, charger->rest_cap);
..\axp192-173\axp_cou.c:                ^
..\axp192-173\axp_cou.c(351): warning:  #223-D: function "power_supply_changed" declared implicitly
..\axp192-173\axp_cou.c:                power_supply_changed(&charger->batt);
..\axp192-173\axp_cou.c:                ^
..\axp192-173\axp_cou.c(351): error:  #136: struct "axp_charger" has no field "batt"
..\axp192-173\axp_cou.c:                power_supply_changed(&charger->batt);
..\axp192-173\axp_cou.c:                                               ^
..\axp192-173\axp_cou.c(354): error:  #20: identifier "axp_debug" is undefined
..\axp192-173\axp_cou.c:   if(axp_debug){
..\axp192-173\axp_cou.c:      ^
..\axp192-173\axp_cou.c(355): warning:  #223-D: function "DBG_PSY_MSG" declared implicitly
..\axp192-173\axp_cou.c:        DBG_PSY_MSG("Cur_CoulombCounter = %d\n", Cur_CoulombCounter);
..\axp192-173\axp_cou.c:        ^
..\axp192-173\axp_cou.c(375): error:  #136: struct "axp_charger" has no field "master"
..\axp192-173\axp_cou.c:        axp_reads(charger->master,AXP_RDC_BUFFER0,2,v);
..\axp192-173\axp_cou.c:                           ^
..\axp192-173\axp_cou.c(375): error:  #20: identifier "AXP_RDC_BUFFER0" is undefined
..\axp192-173\axp_cou.c:        axp_reads(charger->master,AXP_RDC_BUFFER0,2,v);
..\axp192-173\axp_cou.c:                                  ^
..\axp192-173\axp_cou.c: ..\axp192-173\axp_cou.c: 31 warnings, 30 errors
..\axp192-173\axp_cou.c - 30 Error(s), 31 Warning(s).
Build target 'Target 1'
compiling axp_cou.c...
C:\Keil\ARM\RV31\INC\stdint.h(44): error:  #240: duplicate specifier in declaration
C:\Keil\ARM\RV31\INC\stdint.h:   typedef unsigned short     int uint16_t;
C:\Keil\ARM\RV31\INC\stdint.h:                                  ^
C:\Keil\ARM\RV31\INC\stdint.h(44): error:  #240: duplicate specifier in declaration
C:\Keil\ARM\RV31\INC\stdint.h:   typedef unsigned short     int uint16_t;
C:\Keil\ARM\RV31\INC\stdint.h:                                  ^
..\axp192-173\axp_cou.c(35): error:  #20: identifier "AXP_VACH_RES" is undefined
..\axp192-173\axp_cou.c:        axp_reads(AXP_VACH_RES,8,tmp);
..\axp192-173\axp_cou.c:                  ^
..\axp192-173\axp_cou.c(42): error:  #20: identifier "AXP_VBATH_RES" is undefined
..\axp192-173\axp_cou.c:        axp_reads(AXP_VBATH_RES,6,tmp);
..\axp192-173\axp_cou.c:                  ^
..\axp192-173\axp_cou.c(56): error:  #20: identifier "AXP_CHARGE_STATUS" is undefined
..\axp192-173\axp_cou.c:        axp_reads(AXP_CHARGE_STATUS,2,val);
..\axp192-173\axp_cou.c:                  ^
..\axp192-173\axp_cou.c(71): error:  #20: identifier "AXP_CHARGE_CONTROL1" is undefined
..\axp192-173\axp_cou.c:        axp_read(AXP_CHARGE_CONTROL1,val);
..\axp192-173\axp_cou.c:                 ^
..\axp192-173\axp_cou.c(132): warning:  #223-D: function "axp_cal_rdc" declared implicitly
..\axp192-173\axp_cou.c:        axp_cal_rdc(charger);
..\axp192-173\axp_cou.c:        ^
..\axp192-173\axp_cou.c(134): error:  #20: identifier "state_count" is undefined
..\axp192-173\axp_cou.c:        if(state_count){
..\axp192-173\axp_cou.c:           ^
..\axp192-173\axp_cou.c(150): warning:  #223-D: function "printk" declared implicitly
..\axp192-173\axp_cou.c:                        printk("correct rdc\n");
..\axp192-173\axp_cou.c:                        ^
..\axp192-173\axp_cou.c(162): warning:  #223-D: function "axp_get_coulomb" declared implicitly
..\axp192-173\axp_cou.c:        Cur_CoulombCounter = axp_get_coulomb(charger);
..\axp192-173\axp_cou.c:                             ^
..\axp192-173\axp_cou.c(163): warning:  #223-D: function "axp_get_basecap" declared implicitly
..\axp192-173\axp_cou.c:        base_cap = axp_get_basecap(charger);
..\axp192-173\axp_cou.c:                   ^
..\axp192-173\axp_cou.c(164): warning:  #223-D: function "axp_get_batcap" declared implicitly
..\axp192-173\axp_cou.c:        bat_cap = axp_get_batcap(charger);
..\axp192-173\axp_cou.c:                  ^
..\axp192-173\axp_cou.c(171): warning:  #223-D: function "axp_set_basecap" declared implicitly
..\axp192-173\axp_cou.c:                        axp_set_basecap(charger,rt_rest_cap);
..\axp192-173\axp_cou.c:                        ^
..\axp192-173\axp_cou.c(182): warning:  #223-D: function "printk" declared implicitly
[...]
..\axp192-173\axp_rw_.h:    axp_write(int reg, u8 val);
..\axp192-173\axp_rw_.h:    ^
..\axp192-173\axp_rw_.h(15): warning:  #77-D: this declaration has no storage class or type specifier
..\axp192-173\axp_rw_.h:    axp_read( int reg, u8 *val);
..\axp192-173\axp_rw_.h:    ^
..\axp192-173\axp_rw_.h(20): warning:  #77-D: this declaration has no storage class or type specifier
..\axp192-173\axp_rw_.h:    axp_writes( int reg, int len, u8 *val);
..\axp192-173\axp_rw_.h:    ^
..\axp192-173\axp_rw_.h(26): warning:  #77-D: this declaration has no storage class or type specifier
..\axp192-173\axp_rw_.h:    axp_reads( int reg, int len, u8 *val);
..\axp192-173\axp_rw_.h:    ^
..\axp192-173\axp_rw_.h(29): warning:  #77-D: this declaration has no storage class or type specifier
..\axp192-173\axp_rw_.h:    axp_set_bits( int reg,u8 bit_mask);
..\axp192-173\axp_rw_.h:    ^
..\axp192-173\axp_rw_.h(32): warning:  #77-D: this declaration has no storage class or type specifier
..\axp192-173\axp_rw_.h:    axp_clr_bits(int reg, u8 bit_mask);
..\axp192-173\axp_rw_.h:    ^
..\axp192-173\axp_rw_.h(35): warning:  #77-D: this declaration has no storage class or type specifier
..\axp192-173\axp_rw_.h:    axp_update( int reg, uint8_t val, u8 mask);
..\axp192-173\axp_rw_.h:    ^
..\axp192-173\axp_rw_.h: ..\axp192-173\axp_regu.c: 7 warnings, 0 errors
compiling axp_cou.c...
..\axp192-173\axp_rw_.h(11): warning:  #77-D: this declaration has no storage class or type specifier
..\axp192-173\axp_rw_.h:    axp_write(int reg, u8 val);
..\axp192-173\axp_rw_.h:    ^
..\axp192-173\axp_rw_.h(15): warning:  #77-D: this declaration has no storage class or type specifier
..\axp192-173\axp_rw_.h:    axp_read( int reg, u8 *val);
..\axp192-173\axp_rw_.h:    ^
..\axp192-173\axp_rw_.h(20): warning:  #77-D: this declaration has no storage class or type specifier
..\axp192-173\axp_rw_.h:    axp_writes( int reg, int len, u8 *val);
..\axp192-173\axp_rw_.h:    ^
..\axp192-173\axp_rw_.h(26): warning:  #77-D: this declaration has no storage class or type specifier
..\axp192-173\axp_rw_.h:    axp_reads( int reg, int len, u8 *val);
..\axp192-173\axp_rw_.h:    ^
..\axp192-173\axp_rw_.h(29): warning:  #77-D: this declaration has no storage class or type specifier
..\axp192-173\axp_rw_.h:    axp_set_bits( int reg,u8 bit_mask);
..\axp192-173\axp_rw_.h:    ^
..\axp192-173\axp_rw_.h(32): warning:  #77-D: this declaration has no storage class or type specifier
..\axp192-173\axp_rw_.h:    axp_clr_bits(int reg, u8 bit_mask);
..\axp192-173\axp_rw_.h:    ^
..\axp192-173\axp_rw_.h(35): warning:  #77-D: this declaration has no storage class or type specifier
..\axp192-173\axp_rw_.h:    axp_update( int reg, uint8_t val, u8 mask);
..\axp192-173\axp_rw_.h:    ^
..\axp192-173\axp_rw_.h: ..\axp192-173\axp_cou.c: 7 warnings, 0 errors
linking...
axp173.axf: Error: L6218E: Undefined symbol axp_read (referred from main.o).
axp173.axf: Error: L6218E: Undefined symbol axp_write (referred from main.o).
axp173.axf: Error: L6218E: Undefined symbol axp_clr_bits (referred from axp_regu.o).
axp173.axf: Error: L6218E: Undefined symbol axp_set_bits (referred from axp_regu.o).
axp173.axf: Error: L6218E: Undefined symbol axp_update (referred from axp_regu.o).
axp173.axf: Error: L6218E: Undefined symbol axp_reads (referred from axp_cou.o).
axp173.axf: Error: L6218E: Undefined symbol axp_writes (referred from axp_cou.o).
axp173.axf: Not enough information to list image symbols.
axp173.axf: Finished: 1 information, 0 warning and 7 error messages.
Target not created
Build target 'Target 1'
compiling axp_regu.c...
..\axp192-173\axp_rw_.h(15): warning:  #77-D: this declaration has no storage class or type specifier
..\axp192-173\axp_rw_.h:    axp_read( int reg, u8 *val);
..\axp192-173\axp_rw_.h:    ^
..\axp192-173\axp_rw_.h(20): warning:  #77-D: this declaration has no storage class or type specifier
..\axp192-173\axp_rw_.h:    axp_writes( int reg, int len, u8 *val);
..\axp192-173\axp_rw_.h:    ^
..\axp192-173\axp_rw_.h(26): warning:  #77-D: this declaration has no storage class or type specifier
..\axp192-173\axp_rw_.h:    axp_reads( int reg, int len, u8 *val);
..\axp192-173\axp_rw_.h:    ^
..\axp192-173\axp_rw_.h(29): warning:  #77-D: this declaration has no storage class or type specifier
..\axp192-173\axp_rw_.h:    axp_set_bits( int reg,u8 bit_mask);
..\axp192-173\axp_rw_.h:    ^
..\axp192-173\axp_rw_.h(32): warning:  #77-D: this declaration has no storage class or type specifier
..\axp192-173\axp_rw_.h:    axp_clr_bits(int reg, u8 bit_mask);
..\axp192-173\axp_rw_.h:    ^
..\axp192-173\axp_rw_.h(35): warning:  #77-D: this declaration has no storage class or type specifier
..\axp192-173\axp_rw_.h:    axp_update( int reg, uint8_t val, u8 mask);
..\axp192-173\axp_rw_.h:    ^
..\axp192-173\axp_rw_.h: ..\axp192-173\axp_regu.c: 6 warnings, 0 errors
compiling axp_cou.c...
..\axp192-173\axp_rw_.h(15): warning:  #77-D: this declaration has no storage class or type specifier
..\axp192-173\axp_rw_.h:    axp_read( int reg, u8 *val);
..\axp192-173\axp_rw_.h:    ^
..\axp192-173\axp_rw_.h(20): warning:  #77-D: this declaration has no storage class or type specifier
..\axp192-173\axp_rw_.h:    axp_writes( int reg, int len, u8 *val);
..\axp192-173\axp_rw_.h:    ^
..\axp192-173\axp_rw_.h(26): warning:  #77-D: this declaration has no storage class or type specifier
..\axp192-173\axp_rw_.h:    axp_reads( int reg, int len, u8 *val);
..\axp192-173\axp_rw_.h:    ^
..\axp192-173\axp_rw_.h(29): warning:  #77-D: this declaration has no storage class or type specifier
..\axp192-173\axp_rw_.h:    axp_set_bits( int reg,u8 bit_mask);
..\axp192-173\axp_rw_.h:    ^
..\axp192-173\axp_rw_.h(32): warning:  #77-D: this declaration has no storage class or type specifier
..\axp192-173\axp_rw_.h:    axp_clr_bits(int reg, u8 bit_mask);
..\axp192-173\axp_rw_.h:    ^
..\axp192-173\axp_rw_.h(35): warning:  #77-D: this declaration has no storage class or type specifier
..\axp192-173\axp_rw_.h:    axp_update( int reg, uint8_t val, u8 mask);
..\axp192-173\axp_rw_.h:    ^
..\axp192-173\axp_rw_.h: ..\axp192-173\axp_cou.c: 6 warnings, 0 errors
linking...
axp173.axf: Error: L6218E: Undefined symbol axp_read (referred from main.o).
axp173.axf: Error: L6218E: Undefined symbol axp_write (referred from main.o).
axp173.axf: Error: L6218E: Undefined symbol axp_clr_bits (referred from axp_regu.o).
axp173.axf: Error: L6218E: Undefined symbol axp_set_bits (referred from axp_regu.o).
axp173.axf: Error: L6218E: Undefined symbol axp_update (referred from axp_regu.o).
axp173.axf: Error: L6218E: Undefined symbol axp_reads (referred from axp_cou.o).
axp173.axf: Error: L6218E: Undefined symbol axp_writes (referred from axp_cou.o).
axp173.axf: Not enough information to list image symbols.
axp173.axf: Finished: 1 information, 0 warning and 7 error messages.
Target not created
Build target 'Target 1'
compiling axp_regu.c...
..\axp192-173\axp_rw_.h(29): warning:  #77-D: this declaration has no storage class or type specifier
..\axp192-173\axp_rw_.h:    axp_set_bits( int reg,u8 bit_mask);
..\axp192-173\axp_rw_.h:    ^
..\axp192-173\axp_rw_.h: ..\axp192-173\axp_regu.c: 1 warning, 0 errors
compiling axp_cou.c...
..\axp192-173\axp_rw_.h(29): warning:  #77-D: this declaration has no storage class or type specifier
..\axp192-173\axp_rw_.h:    axp_set_bits( int reg,u8 bit_mask);
..\axp192-173\axp_rw_.h:    ^
..\axp192-173\axp_rw_.h: ..\axp192-173\axp_cou.c: 1 warning, 0 errors
linking...
axp173.axf: Error: L6218E: Undefined symbol axp_read (referred from main.o).
axp173.axf: Error: L6218E: Undefined symbol axp_write (referred from main.o).
axp173.axf: Error: L6218E: Undefined symbol axp_clr_bits (referred from axp_regu.o).
axp173.axf: Error: L6218E: Undefined symbol axp_set_bits (referred from axp_regu.o).
axp173.axf: Error: L6218E: Undefined symbol axp_update (referred from axp_regu.o).
axp173.axf: Error: L6218E: Undefined symbol axp_reads (referred from axp_cou.o).
axp173.axf: Error: L6218E: Undefined symbol axp_writes (referred from axp_cou.o).
axp173.axf: Not enough information to list image symbols.
axp173.axf: Finished: 1 information, 0 warning and 7 error messages.
Target not created
Build target 'Target 1'
compiling axp_regu.c...
compiling axp_cou.c...
linking...
axp173.axf: Error: L6218E: Undefined symbol axp_read (referred from main.o).
axp173.axf: Error: L6218E: Undefined symbol axp_write (referred from main.o).
axp173.axf: Error: L6218E: Undefined symbol axp_clr_bits (referred from axp_regu.o).
axp173.axf: Error: L6218E: Undefined symbol axp_set_bits (referred from axp_regu.o).
axp173.axf: Error: L6218E: Undefined symbol axp_update (referred from axp_regu.o).
axp173.axf: Error: L6218E: Undefined symbol axp_reads (referred from axp_cou.o).
axp173.axf: Error: L6218E: Undefined symbol axp_writes (referred from axp_cou.o).
axp173.axf: Not enough information to list image symbols.
axp173.axf: Finished: 1 information, 0 warning and 7 error messages.
Target not created
Build target 'Target 1'
compiling main.c...
main.c(15): error:  #147: declaration is incompatible with "void axp_write(int, u8)" (declared at line 11 of "..\axp192-173\axp_rw_.h")
main.c:   extern  axp_write(int reg, u8 val);
main.c:           ^
main.c(16): error:  #147: declaration is incompatible with "void axp_read(int, u8 *)" (declared at line 15 of "..\axp192-173\axp_rw_.h")
main.c:   extern  axp_read( int reg, u8 *val);
main.c:           ^
main.c: main.c: 0 warnings, 2 errors
Target not created
Build target 'Target 1'
compiling main.c...
linking...
axp173.axf: Error: L6218E: Undefined symbol axp_read (referred from main.o).
axp173.axf: Error: L6218E: Undefined symbol axp_write (referred from main.o).
axp173.axf: Error: L6218E: Undefined symbol axp_clr_bits (referred from axp_regu.o).
axp173.axf: Error: L6218E: Undefined symbol axp_set_bits (referred from axp_regu.o).
axp173.axf: Error: L6218E: Undefined symbol axp_update (referred from axp_regu.o).
axp173.axf: Error: L6218E: Undefined symbol axp_reads (referred from axp_cou.o).
axp173.axf: Error: L6218E: Undefined symbol axp_writes (referred from axp_cou.o).
axp173.axf: Not enough information to list image symbols.
axp173.axf: Finished: 1 information, 0 warning and 7 error messages.
Target not created
compiling main.c...
main.c - 0 Error(s), 0 Warning(s).
Build target 'Target 1'
linking...
axp173.axf: Error: L6218E: Undefined symbol axp_read (referred from main.o).
axp173.axf: Error: L6218E: Undefined symbol axp_write (referred from main.o).
axp173.axf: Error: L6218E: Undefined symbol axp_clr_bits (referred from axp_regu.o).
axp173.axf: Error: L6218E: Undefined symbol axp_set_bits (referred from axp_regu.o).
axp173.axf: Error: L6218E: Undefined symbol axp_update (referred from axp_regu.o).
axp173.axf: Error: L6218E: Undefined symbol axp_reads (referred from axp_cou.o).
axp173.axf: Error: L6218E: Undefined symbol axp_writes (referred from axp_cou.o).
axp173.axf: Not enough information to list image symbols.
axp173.axf: Finished: 1 information, 0 warning and 7 error messages.
Target not created
Build target 'Target 1'
compiling main.c...
linking...
axp173.axf: Error: L6218E: Undefined symbol axp_read (referred from main.o).
axp173.axf: Error: L6218E: Undefined symbol axp_write (referred from main.o).
axp173.axf: Error: L6218E: Undefined symbol axp_clr_bits (referred from axp_regu.o).
axp173.axf: Error: L6218E: Undefined symbol axp_set_bits (referred from axp_regu.o).
axp173.axf: Error: L6218E: Undefined symbol axp_update (referred from axp_regu.o).
axp173.axf: Error: L6218E: Undefined symbol axp_reads (referred from axp_cou.o).
axp173.axf: Error: L6218E: Undefined symbol axp_writes (referred from axp_cou.o).
axp173.axf: Not enough information to list image symbols.
axp173.axf: Finished: 1 information, 0 warning and 7 error messages.
Target not created
Build target 'Target 1'
linking...
axp173.axf: Error: L6218E: Undefined symbol axp_read (referred from main.o).
axp173.axf: Error: L6218E: Undefined symbol axp_write (referred from main.o).
axp173.axf: Error: L6218E: Undefined symbol axp_clr_bits (referred from axp_regu.o).
axp173.axf: Error: L6218E: Undefined symbol axp_set_bits (referred from axp_regu.o).
axp173.axf: Error: L6218E: Undefined symbol axp_update (referred from axp_regu.o).
axp173.axf: Error: L6218E: Undefined symbol axp_reads (referred from axp_cou.o).
axp173.axf: Error: L6218E: Undefined symbol axp_writes (referred from axp_cou.o).
axp173.axf: Not enough information to list image symbols.
axp173.axf: Finished: 1 information, 0 warning and 7 error messages.
Target not created
compiling main.c...
main.c - 0 Error(s), 0 Warning(s).
Build target 'Target 1'
linking...
axp173.axf: Error: L6218E: Undefined symbol axp_read (referred from main.o).
axp173.axf: Error: L6218E: Undefined symbol axp_write (referred from main.o).
axp173.axf: Error: L6218E: Undefined symbol axp_clr_bits (referred from axp_regu.o).
axp173.axf: Error: L6218E: Undefined symbol axp_set_bits (referred from axp_regu.o).
axp173.axf: Error: L6218E: Undefined symbol axp_update (referred from axp_regu.o).
axp173.axf: Error: L6218E: Undefined symbol axp_reads (referred from axp_cou.o).
axp173.axf: Error: L6218E: Undefined symbol axp_writes (referred from axp_cou.o).
axp173.axf: Not enough information to list image symbols.
axp173.axf: Finished: 1 information, 0 warning and 7 error messages.
Target not created
Build target 'Target 1'
compiling main.c...
linking...
axp173.axf: Error: L6218E: Undefined symbol axp_read (referred from main.o).
axp173.axf: Error: L6218E: Undefined symbol axp_write (referred from main.o).
axp173.axf: Error: L6218E: Undefined symbol axp_clr_bits (referred from axp_regu.o).
axp173.axf: Error: L6218E: Undefined symbol axp_set_bits (referred from axp_regu.o).
axp173.axf: Error: L6218E: Undefined symbol axp_update (referred from axp_regu.o).
axp173.axf: Error: L6218E: Undefined symbol axp_reads (referred from axp_cou.o).
axp173.axf: Error: L6218E: Undefined symbol axp_writes (referred from axp_cou.o).
axp173.axf: Not enough information to list image symbols.
axp173.axf: Finished: 1 information, 0 warning and 7 error messages.
Target not created
Build target 'Target 1'
compiling main.c...
linking...
axp173.axf: Error: L6218E: Undefined symbol axp_read (referred from main.o).
axp173.axf: Error: L6218E: Undefined symbol axp_write (referred from main.o).
axp173.axf: Error: L6218E: Undefined symbol axp_clr_bits (referred from axp_regu.o).
axp173.axf: Error: L6218E: Undefined symbol axp_set_bits (referred from axp_regu.o).
axp173.axf: Error: L6218E: Undefined symbol axp_update (referred from axp_regu.o).
axp173.axf: Error: L6218E: Undefined symbol axp_reads (referred from axp_cou.o).
axp173.axf: Error: L6218E: Undefined symbol axp_writes (referred from axp_cou.o).
axp173.axf: Not enough information to list image symbols.
axp173.axf: Finished: 1 information, 0 warning and 7 error messages.
Target not created
Build target 'Target 1'
compiling main.c...
compiling axp_rw_.c...
linking...
Program Size: Code=19002 RO-data=2970 RW-data=60 ZI-data=1700  
FromELF: creating hex file...
"axp173.axf" - 0 Error(s), 0 Warning(s).
Build target 'Target 1'
linking...
Program Size: Code=19002 RO-data=2970 RW-data=60 ZI-data=1700  
FromELF: creating hex file...
"axp173.axf" - 0 Error(s), 0 Warning(s).
compiling main.c...
main.c - 0 Error(s), 0 Warning(s).
Build target 'Target 1'
compiling main.c...
main.c(67): warning:  #223-D: function "axp_charging_monitor" declared implicitly
main.c:                         axp_charging_monitor(charger);
main.c:                         ^
main.c: main.c: 1 warning, 0 errors
linking...
Program Size: Code=22350 RO-data=2970 RW-data=128 ZI-data=1840  
FromELF: creating hex file...
"axp173.axf" - 0 Error(s), 1 Warning(s).
Build target 'Target 1'
compiling main.c...
compiling axp_cou.c...
linking...
Program Size: Code=22350 RO-data=2970 RW-data=128 ZI-data=1840  
FromELF: creating hex file...
"axp173.axf" - 0 Error(s), 0 Warning(s).
Build target 'Target 1'
compiling main.c...
linking...
Program Size: Code=22366 RO-data=2970 RW-data=128 ZI-data=1840  
FromELF: creating hex file...
"axp173.axf" - 0 Error(s), 0 Warning(s).
Build target 'Target 1'
compiling main.c...
linking...
Program Size: Code=22382 RO-data=2970 RW-data=128 ZI-data=1840  
FromELF: creating hex file...
"axp173.axf" - 0 Error(s), 0 Warning(s).
Build target 'Target 1'
compiling main.c...
linking...
Program Size: Code=22386 RO-data=2970 RW-data=128 ZI-data=1840  
FromELF: creating hex file...
"axp173.axf" - 0 Error(s), 0 Warning(s).
Build target 'Target 1'
linking...
Program Size: Code=22386 RO-data=2970 RW-data=128 ZI-data=1840  
FromELF: creating hex file...
"axp173.axf" - 0 Error(s), 0 Warning(s).
Build target 'Target 1'
linking...
Program Size: Code=22386 RO-data=2970 RW-data=128 ZI-data=1840  
FromELF: creating hex file...
"axp173.axf" - 0 Error(s), 0 Warning(s).
Build target 'Target 1'
compiling main.c...
linking...
Program Size: Code=22386 RO-data=2970 RW-data=128 ZI-data=1840  
FromELF: creating hex file...
"axp173.axf" - 0 Error(s), 0 Warning(s).
Build target 'Target 1'
linking...
Program Size: Code=22386 RO-data=2970 RW-data=128 ZI-data=1840  
FromELF: creating hex file...
"axp-173.axf" - 0 Error(s), 0 Warning(s).
Build target 'Target 1'
compiling main.c...
linking...
Program Size: Code=22386 RO-data=2970 RW-data=128 ZI-data=1840  
FromELF: creating hex file...
"axp-173.axf" - 0 Error(s), 0 Warning(s).
Build target 'Target 1'
compiling main.c...
linking...
Program Size: Code=22402 RO-data=2970 RW-data=128 ZI-data=1840  
FromELF: creating hex file...
"axp-173.axf" - 0 Error(s), 0 Warning(s).
Build target 'Target 1'
compiling main.c...
linking...
Program Size: Code=22398 RO-data=2970 RW-data=128 ZI-data=1840  
FromELF: creating hex file...
"axp-173.axf" - 0 Error(s), 0 Warning(s).
Build target 'Target 1'
compiling main.c...
linking...
Program Size: Code=22398 RO-data=2970 RW-data=128 ZI-data=1840  
FromELF: creating hex file...
"axp-173.axf" - 0 Error(s), 0 Warning(s).
Build target 'Target 1'
compiling main.c...
linking...
Program Size: Code=22402 RO-data=2970 RW-data=128 ZI-data=1840  
FromELF: creating hex file...
"axp-173.axf" - 0 Error(s), 0 Warning(s).
Build target 'Target 1'
compiling main.c...
linking...
Program Size: Code=22426 RO-data=2970 RW-data=128 ZI-data=1840  
FromELF: creating hex file...
"axp-173.axf" - 0 Error(s), 0 Warning(s).
Build target 'Target 1'
compiling main.c...
linking...
Program Size: Code=22426 RO-data=2970 RW-data=128 ZI-data=1840  
FromELF: creating hex file...
"axp-173.axf" - 0 Error(s), 0 Warning(s).
Build target 'Target 1'
compiling main.c...
linking...
Program Size: Code=22422 RO-data=2970 RW-data=128 ZI-data=1840  
FromELF: creating hex file...
"axp-173.axf" - 0 Error(s), 0 Warning(s).
Build target 'Target 1'
linking...
Program Size: Code=22422 RO-data=2970 RW-data=128 ZI-data=1840  
FromELF: creating hex file...
"axp-173.axf" - 0 Error(s), 0 Warning(s).
Build target 'Target 1'
compiling main.c...
linking...
Program Size: Code=22446 RO-data=2970 RW-data=128 ZI-data=1840  
FromELF: creating hex file...
"axp-173.axf" - 0 Error(s), 0 Warning(s).
Build target 'Target 1'
compiling main.c...
linking...
Program Size: Code=22454 RO-data=2970 RW-data=128 ZI-data=1840  
FromELF: creating hex file...
"axp-173.axf" - 0 Error(s), 0 Warning(s).
Build target 'Target 1'
compiling main.c...
linking...
Program Size: Code=22454 RO-data=2970 RW-data=128 ZI-data=1840  
FromELF: creating hex file...
"axp-173.axf" - 0 Error(s), 0 Warning(s).
